[1.487s] Invoking command in '/home/fabricio/robotica/P_practico/yerko_pulgarcito/src/ros2_tutorials/visual_pubsub': PYTHONPATH=/home/fabricio/robotica/P_practico/yerko_pulgarcito/build/visual_pubsub/prefix_override:/usr/lib/python3/dist-packages/colcon_core/task/python/colcon_distutils_commands:/home/fabricio/robotica/P_practico/yerko_pulgarcito/install/visual_pubsub/lib/python3.10/site-packages:${PYTHONPATH} /usr/bin/python3 -W ignore:setup.py install is deprecated -W ignore:easy_install command is deprecated setup.py egg_info --egg-base ../../../build/visual_pubsub build --build-base /home/fabricio/robotica/P_practico/yerko_pulgarcito/build/visual_pubsub/build install --record /home/fabricio/robotica/P_practico/yerko_pulgarcito/build/visual_pubsub/install.log --single-version-externally-managed install_data
[2.062s] running egg_info
[2.064s] creating ../../../build/visual_pubsub/visual_pubsub.egg-info
[2.065s] writing ../../../build/visual_pubsub/visual_pubsub.egg-info/PKG-INFO
[2.065s] writing dependency_links to ../../../build/visual_pubsub/visual_pubsub.egg-info/dependency_links.txt
[2.066s] writing entry points to ../../../build/visual_pubsub/visual_pubsub.egg-info/entry_points.txt
[2.066s] writing requirements to ../../../build/visual_pubsub/visual_pubsub.egg-info/requires.txt
[2.067s] writing top-level names to ../../../build/visual_pubsub/visual_pubsub.egg-info/top_level.txt
[2.067s] writing manifest file '../../../build/visual_pubsub/visual_pubsub.egg-info/SOURCES.txt'
[2.071s] reading manifest file '../../../build/visual_pubsub/visual_pubsub.egg-info/SOURCES.txt'
[2.071s] adding license file 'LICENSE'
[2.073s] writing manifest file '../../../build/visual_pubsub/visual_pubsub.egg-info/SOURCES.txt'
[2.073s] running build
[2.074s] running build_py
[2.074s] creating /home/fabricio/robotica/P_practico/yerko_pulgarcito/build/visual_pubsub/build
[2.074s] creating /home/fabricio/robotica/P_practico/yerko_pulgarcito/build/visual_pubsub/build/lib
[2.075s] creating /home/fabricio/robotica/P_practico/yerko_pulgarcito/build/visual_pubsub/build/lib/visual_pubsub
[2.076s] copying visual_pubsub/sub_joints.py -> /home/fabricio/robotica/P_practico/yerko_pulgarcito/build/visual_pubsub/build/lib/visual_pubsub
[2.076s] copying visual_pubsub/inverse_kinematics.py -> /home/fabricio/robotica/P_practico/yerko_pulgarcito/build/visual_pubsub/build/lib/visual_pubsub
[2.076s] copying visual_pubsub/__init__.py -> /home/fabricio/robotica/P_practico/yerko_pulgarcito/build/visual_pubsub/build/lib/visual_pubsub
[2.077s] copying visual_pubsub/pub_joints.py -> /home/fabricio/robotica/P_practico/yerko_pulgarcito/build/visual_pubsub/build/lib/visual_pubsub
[2.077s] running install
[2.077s] running install_lib
[2.078s] creating /home/fabricio/robotica/P_practico/yerko_pulgarcito/install/visual_pubsub/lib/python3.10/site-packages/visual_pubsub
[2.079s] copying /home/fabricio/robotica/P_practico/yerko_pulgarcito/build/visual_pubsub/build/lib/visual_pubsub/sub_joints.py -> /home/fabricio/robotica/P_practico/yerko_pulgarcito/install/visual_pubsub/lib/python3.10/site-packages/visual_pubsub
[2.079s] copying /home/fabricio/robotica/P_practico/yerko_pulgarcito/build/visual_pubsub/build/lib/visual_pubsub/inverse_kinematics.py -> /home/fabricio/robotica/P_practico/yerko_pulgarcito/install/visual_pubsub/lib/python3.10/site-packages/visual_pubsub
[2.079s] copying /home/fabricio/robotica/P_practico/yerko_pulgarcito/build/visual_pubsub/build/lib/visual_pubsub/__init__.py -> /home/fabricio/robotica/P_practico/yerko_pulgarcito/install/visual_pubsub/lib/python3.10/site-packages/visual_pubsub
[2.080s] copying /home/fabricio/robotica/P_practico/yerko_pulgarcito/build/visual_pubsub/build/lib/visual_pubsub/pub_joints.py -> /home/fabricio/robotica/P_practico/yerko_pulgarcito/install/visual_pubsub/lib/python3.10/site-packages/visual_pubsub
[2.080s] byte-compiling /home/fabricio/robotica/P_practico/yerko_pulgarcito/install/visual_pubsub/lib/python3.10/site-packages/visual_pubsub/sub_joints.py to sub_joints.cpython-310.pyc
[2.082s] byte-compiling /home/fabricio/robotica/P_practico/yerko_pulgarcito/install/visual_pubsub/lib/python3.10/site-packages/visual_pubsub/inverse_kinematics.py to inverse_kinematics.cpython-310.pyc
[2.084s] byte-compiling /home/fabricio/robotica/P_practico/yerko_pulgarcito/install/visual_pubsub/lib/python3.10/site-packages/visual_pubsub/__init__.py to __init__.cpython-310.pyc
[2.085s] byte-compiling /home/fabricio/robotica/P_practico/yerko_pulgarcito/install/visual_pubsub/lib/python3.10/site-packages/visual_pubsub/pub_joints.py to pub_joints.cpython-310.pyc
[2.085s] running install_data
[2.086s] creating /home/fabricio/robotica/P_practico/yerko_pulgarcito/install/visual_pubsub/share/ament_index
[2.087s] creating /home/fabricio/robotica/P_practico/yerko_pulgarcito/install/visual_pubsub/share/ament_index/resource_index
[2.087s] creating /home/fabricio/robotica/P_practico/yerko_pulgarcito/install/visual_pubsub/share/ament_index/resource_index/packages
[2.087s] copying resource/visual_pubsub -> /home/fabricio/robotica/P_practico/yerko_pulgarcito/install/visual_pubsub/share/ament_index/resource_index/packages
[2.088s] copying package.xml -> /home/fabricio/robotica/P_practico/yerko_pulgarcito/install/visual_pubsub/share/visual_pubsub
[2.088s] running install_egg_info
[2.091s] Copying ../../../build/visual_pubsub/visual_pubsub.egg-info to /home/fabricio/robotica/P_practico/yerko_pulgarcito/install/visual_pubsub/lib/python3.10/site-packages/visual_pubsub-0.0.0-py3.10.egg-info
[2.093s] running install_scripts
[2.144s] Installing inverse_kinematics script to /home/fabricio/robotica/P_practico/yerko_pulgarcito/install/visual_pubsub/lib/visual_pubsub
[2.145s] Installing pub_joints script to /home/fabricio/robotica/P_practico/yerko_pulgarcito/install/visual_pubsub/lib/visual_pubsub
[2.145s] Installing sub_joints script to /home/fabricio/robotica/P_practico/yerko_pulgarcito/install/visual_pubsub/lib/visual_pubsub
[2.145s] writing list of installed files to '/home/fabricio/robotica/P_practico/yerko_pulgarcito/build/visual_pubsub/install.log'
[2.218s] Invoked command in '/home/fabricio/robotica/P_practico/yerko_pulgarcito/src/ros2_tutorials/visual_pubsub' returned '0': PYTHONPATH=/home/fabricio/robotica/P_practico/yerko_pulgarcito/build/visual_pubsub/prefix_override:/usr/lib/python3/dist-packages/colcon_core/task/python/colcon_distutils_commands:/home/fabricio/robotica/P_practico/yerko_pulgarcito/install/visual_pubsub/lib/python3.10/site-packages:${PYTHONPATH} /usr/bin/python3 -W ignore:setup.py install is deprecated -W ignore:easy_install command is deprecated setup.py egg_info --egg-base ../../../build/visual_pubsub build --build-base /home/fabricio/robotica/P_practico/yerko_pulgarcito/build/visual_pubsub/build install --record /home/fabricio/robotica/P_practico/yerko_pulgarcito/build/visual_pubsub/install.log --single-version-externally-managed install_data
