[0.248s] DEBUG:colcon:Command line arguments: ['/usr/bin/colcon', 'build']
[0.248s] DEBUG:colcon:Parsed command line arguments: Namespace(log_base=None, log_level=None, verb_name='build', build_base='build', install_base='install', merge_install=False, symlink_install=False, test_result_base=None, continue_on_error=False, executor='parallel', parallel_workers=4, event_handlers=None, ignore_user_meta=False, metas=['./colcon.meta'], base_paths=['.'], packages_ignore=None, packages_ignore_regex=None, paths=None, packages_up_to=None, packages_up_to_regex=None, packages_above=None, packages_above_and_dependencies=None, packages_above_depth=None, packages_select_by_dep=None, packages_skip_by_dep=None, packages_skip_up_to=None, packages_select_build_failed=False, packages_skip_build_finished=False, packages_select_test_failures=False, packages_skip_test_passed=False, packages_select=None, packages_skip=None, packages_select_regex=None, packages_skip_regex=None, packages_start=None, packages_end=None, allow_overriding=[], cmake_args=None, cmake_target=None, cmake_target_skip_unavailable=False, cmake_clean_cache=False, cmake_clean_first=False, cmake_force_configure=False, ament_cmake_args=None, catkin_cmake_args=None, catkin_skip_building_tests=False, verb_parser=<colcon_defaults.argument_parser.defaults.DefaultArgumentsDecorator object at 0x74ea9a8cb910>, verb_extension=<colcon_core.verb.build.BuildVerb object at 0x74ea9a9b8490>, main=<bound method BuildVerb.main of <colcon_core.verb.build.BuildVerb object at 0x74ea9a9b8490>>)
[0.629s] Level 1:colcon.colcon_core.package_discovery:discover_packages(colcon_meta) check parameters
[0.629s] Level 1:colcon.colcon_core.package_discovery:discover_packages(recursive) check parameters
[0.630s] Level 1:colcon.colcon_core.package_discovery:discover_packages(ignore) check parameters
[0.630s] Level 1:colcon.colcon_core.package_discovery:discover_packages(path) check parameters
[0.630s] Level 1:colcon.colcon_core.package_discovery:discover_packages(colcon_meta) discover
[0.630s] Level 1:colcon.colcon_core.package_discovery:discover_packages(recursive) discover
[0.630s] INFO:colcon.colcon_core.package_discovery:Crawling recursively for packages in '/home/fabricio/robotica/P_practico/yerko_pulgarcito'
[0.630s] Level 1:colcon.colcon_core.package_identification:_identify(.) by extensions ['ignore', 'ignore_ament_install']
[0.630s] Level 1:colcon.colcon_core.package_identification:_identify(.) by extension 'ignore'
[0.630s] Level 1:colcon.colcon_core.package_identification:_identify(.) by extension 'ignore_ament_install'
[0.631s] Level 1:colcon.colcon_core.package_identification:_identify(.) by extensions ['colcon_pkg']
[0.631s] Level 1:colcon.colcon_core.package_identification:_identify(.) by extension 'colcon_pkg'
[0.631s] Level 1:colcon.colcon_core.package_identification:_identify(.) by extensions ['colcon_meta']
[0.631s] Level 1:colcon.colcon_core.package_identification:_identify(.) by extension 'colcon_meta'
[0.631s] Level 1:colcon.colcon_core.package_identification:_identify(.) by extensions ['ros']
[0.631s] Level 1:colcon.colcon_core.package_identification:_identify(.) by extension 'ros'
[0.658s] Level 1:colcon.colcon_core.package_identification:_identify(.) by extensions ['cmake', 'python']
[0.658s] Level 1:colcon.colcon_core.package_identification:_identify(.) by extension 'cmake'
[0.659s] Level 1:colcon.colcon_core.package_identification:_identify(.) by extension 'python'
[0.659s] Level 1:colcon.colcon_core.package_identification:_identify(.) by extensions ['python_setup_py']
[0.659s] Level 1:colcon.colcon_core.package_identification:_identify(.) by extension 'python_setup_py'
[0.659s] Level 1:colcon.colcon_core.package_identification:_identify(build) by extensions ['ignore', 'ignore_ament_install']
[0.659s] Level 1:colcon.colcon_core.package_identification:_identify(build) by extension 'ignore'
[0.659s] Level 1:colcon.colcon_core.package_identification:_identify(build) ignored
[0.660s] Level 1:colcon.colcon_core.package_identification:_identify(install) by extensions ['ignore', 'ignore_ament_install']
[0.660s] Level 1:colcon.colcon_core.package_identification:_identify(install) by extension 'ignore'
[0.660s] Level 1:colcon.colcon_core.package_identification:_identify(install) ignored
[0.660s] Level 1:colcon.colcon_core.package_identification:_identify(log) by extensions ['ignore', 'ignore_ament_install']
[0.660s] Level 1:colcon.colcon_core.package_identification:_identify(log) by extension 'ignore'
[0.660s] Level 1:colcon.colcon_core.package_identification:_identify(log) ignored
[0.661s] Level 1:colcon.colcon_core.package_identification:_identify(src) by extensions ['ignore', 'ignore_ament_install']
[0.661s] Level 1:colcon.colcon_core.package_identification:_identify(src) by extension 'ignore'
[0.661s] Level 1:colcon.colcon_core.package_identification:_identify(src) by extension 'ignore_ament_install'
[0.661s] Level 1:colcon.colcon_core.package_identification:_identify(src) by extensions ['colcon_pkg']
[0.661s] Level 1:colcon.colcon_core.package_identification:_identify(src) by extension 'colcon_pkg'
[0.661s] Level 1:colcon.colcon_core.package_identification:_identify(src) by extensions ['colcon_meta']
[0.661s] Level 1:colcon.colcon_core.package_identification:_identify(src) by extension 'colcon_meta'
[0.661s] Level 1:colcon.colcon_core.package_identification:_identify(src) by extensions ['ros']
[0.661s] Level 1:colcon.colcon_core.package_identification:_identify(src) by extension 'ros'
[0.661s] Level 1:colcon.colcon_core.package_identification:_identify(src) by extensions ['cmake', 'python']
[0.661s] Level 1:colcon.colcon_core.package_identification:_identify(src) by extension 'cmake'
[0.661s] Level 1:colcon.colcon_core.package_identification:_identify(src) by extension 'python'
[0.662s] Level 1:colcon.colcon_core.package_identification:_identify(src) by extensions ['python_setup_py']
[0.662s] Level 1:colcon.colcon_core.package_identification:_identify(src) by extension 'python_setup_py'
[0.662s] Level 1:colcon.colcon_core.package_identification:_identify(src/ros2_tutorials) by extensions ['ignore', 'ignore_ament_install']
[0.662s] Level 1:colcon.colcon_core.package_identification:_identify(src/ros2_tutorials) by extension 'ignore'
[0.662s] Level 1:colcon.colcon_core.package_identification:_identify(src/ros2_tutorials) by extension 'ignore_ament_install'
[0.662s] Level 1:colcon.colcon_core.package_identification:_identify(src/ros2_tutorials) by extensions ['colcon_pkg']
[0.662s] Level 1:colcon.colcon_core.package_identification:_identify(src/ros2_tutorials) by extension 'colcon_pkg'
[0.662s] Level 1:colcon.colcon_core.package_identification:_identify(src/ros2_tutorials) by extensions ['colcon_meta']
[0.662s] Level 1:colcon.colcon_core.package_identification:_identify(src/ros2_tutorials) by extension 'colcon_meta'
[0.662s] Level 1:colcon.colcon_core.package_identification:_identify(src/ros2_tutorials) by extensions ['ros']
[0.663s] Level 1:colcon.colcon_core.package_identification:_identify(src/ros2_tutorials) by extension 'ros'
[0.663s] Level 1:colcon.colcon_core.package_identification:_identify(src/ros2_tutorials) by extensions ['cmake', 'python']
[0.663s] Level 1:colcon.colcon_core.package_identification:_identify(src/ros2_tutorials) by extension 'cmake'
[0.663s] Level 1:colcon.colcon_core.package_identification:_identify(src/ros2_tutorials) by extension 'python'
[0.663s] Level 1:colcon.colcon_core.package_identification:_identify(src/ros2_tutorials) by extensions ['python_setup_py']
[0.663s] Level 1:colcon.colcon_core.package_identification:_identify(src/ros2_tutorials) by extension 'python_setup_py'
[0.663s] Level 1:colcon.colcon_core.package_identification:_identify(src/ros2_tutorials/robot_description) by extensions ['ignore', 'ignore_ament_install']
[0.663s] Level 1:colcon.colcon_core.package_identification:_identify(src/ros2_tutorials/robot_description) by extension 'ignore'
[0.664s] Level 1:colcon.colcon_core.package_identification:_identify(src/ros2_tutorials/robot_description) by extension 'ignore_ament_install'
[0.664s] Level 1:colcon.colcon_core.package_identification:_identify(src/ros2_tutorials/robot_description) by extensions ['colcon_pkg']
[0.664s] Level 1:colcon.colcon_core.package_identification:_identify(src/ros2_tutorials/robot_description) by extension 'colcon_pkg'
[0.664s] Level 1:colcon.colcon_core.package_identification:_identify(src/ros2_tutorials/robot_description) by extensions ['colcon_meta']
[0.664s] Level 1:colcon.colcon_core.package_identification:_identify(src/ros2_tutorials/robot_description) by extension 'colcon_meta'
[0.664s] Level 1:colcon.colcon_core.package_identification:_identify(src/ros2_tutorials/robot_description) by extensions ['ros']
[0.664s] Level 1:colcon.colcon_core.package_identification:_identify(src/ros2_tutorials/robot_description) by extension 'ros'
[0.669s] DEBUG:colcon.colcon_core.package_identification:Package 'src/ros2_tutorials/robot_description' with type 'ros.ament_cmake' and name 'robot_description'
[0.670s] Level 1:colcon.colcon_core.package_identification:_identify(src/ros2_tutorials/visual_pubsub) by extensions ['ignore', 'ignore_ament_install']
[0.670s] Level 1:colcon.colcon_core.package_identification:_identify(src/ros2_tutorials/visual_pubsub) by extension 'ignore'
[0.670s] Level 1:colcon.colcon_core.package_identification:_identify(src/ros2_tutorials/visual_pubsub) by extension 'ignore_ament_install'
[0.671s] Level 1:colcon.colcon_core.package_identification:_identify(src/ros2_tutorials/visual_pubsub) by extensions ['colcon_pkg']
[0.671s] Level 1:colcon.colcon_core.package_identification:_identify(src/ros2_tutorials/visual_pubsub) by extension 'colcon_pkg'
[0.671s] Level 1:colcon.colcon_core.package_identification:_identify(src/ros2_tutorials/visual_pubsub) by extensions ['colcon_meta']
[0.671s] Level 1:colcon.colcon_core.package_identification:_identify(src/ros2_tutorials/visual_pubsub) by extension 'colcon_meta'
[0.671s] Level 1:colcon.colcon_core.package_identification:_identify(src/ros2_tutorials/visual_pubsub) by extensions ['ros']
[0.671s] Level 1:colcon.colcon_core.package_identification:_identify(src/ros2_tutorials/visual_pubsub) by extension 'ros'
[0.673s] DEBUG:colcon.colcon_core.package_identification:Package 'src/ros2_tutorials/visual_pubsub' with type 'ros.ament_python' and name 'visual_pubsub'
[0.673s] Level 1:colcon.colcon_core.package_discovery:discover_packages(recursive) using defaults
[0.673s] Level 1:colcon.colcon_core.package_discovery:discover_packages(ignore) discover
[0.673s] Level 1:colcon.colcon_core.package_discovery:discover_packages(ignore) using defaults
[0.673s] Level 1:colcon.colcon_core.package_discovery:discover_packages(path) discover
[0.674s] Level 1:colcon.colcon_core.package_discovery:discover_packages(path) using defaults
[0.724s] Level 1:colcon.colcon_core.package_discovery:discover_packages(prefix_path) check parameters
[0.724s] Level 1:colcon.colcon_core.package_discovery:discover_packages(prefix_path) discover
[0.728s] DEBUG:colcon.colcon_installed_package_information.package_discovery:Found 2 installed packages in /home/fabricio/robotica/P_practico/yerko_supremo/install
[0.729s] DEBUG:colcon.colcon_installed_package_information.package_discovery:Found 2 installed packages in /home/fabricio/robotica/yerko_supremo/install
[0.732s] DEBUG:colcon.colcon_installed_package_information.package_discovery:Found 276 installed packages in /opt/ros/humble
[0.762s] Level 1:colcon.colcon_core.package_discovery:discover_packages(prefix_path) using defaults
[0.848s] Level 5:colcon.colcon_core.verb:set package 'robot_description' build argument 'cmake_args' from command line to 'None'
[0.848s] Level 5:colcon.colcon_core.verb:set package 'robot_description' build argument 'cmake_target' from command line to 'None'
[0.848s] Level 5:colcon.colcon_core.verb:set package 'robot_description' build argument 'cmake_target_skip_unavailable' from command line to 'False'
[0.848s] Level 5:colcon.colcon_core.verb:set package 'robot_description' build argument 'cmake_clean_cache' from command line to 'False'
[0.848s] Level 5:colcon.colcon_core.verb:set package 'robot_description' build argument 'cmake_clean_first' from command line to 'False'
[0.848s] Level 5:colcon.colcon_core.verb:set package 'robot_description' build argument 'cmake_force_configure' from command line to 'False'
[0.849s] Level 5:colcon.colcon_core.verb:set package 'robot_description' build argument 'ament_cmake_args' from command line to 'None'
[0.849s] Level 5:colcon.colcon_core.verb:set package 'robot_description' build argument 'catkin_cmake_args' from command line to 'None'
[0.849s] Level 5:colcon.colcon_core.verb:set package 'robot_description' build argument 'catkin_skip_building_tests' from command line to 'False'
[0.849s] DEBUG:colcon.colcon_core.verb:Building package 'robot_description' with the following arguments: {'ament_cmake_args': None, 'build_base': '/home/fabricio/robotica/P_practico/yerko_pulgarcito/build/robot_description', 'catkin_cmake_args': None, 'catkin_skip_building_tests': False, 'cmake_args': None, 'cmake_clean_cache': False, 'cmake_clean_first': False, 'cmake_force_configure': False, 'cmake_target': None, 'cmake_target_skip_unavailable': False, 'install_base': '/home/fabricio/robotica/P_practico/yerko_pulgarcito/install/robot_description', 'merge_install': False, 'path': '/home/fabricio/robotica/P_practico/yerko_pulgarcito/src/ros2_tutorials/robot_description', 'symlink_install': False, 'test_result_base': None}
[0.850s] Level 5:colcon.colcon_core.verb:set package 'visual_pubsub' build argument 'cmake_args' from command line to 'None'
[0.850s] Level 5:colcon.colcon_core.verb:set package 'visual_pubsub' build argument 'cmake_target' from command line to 'None'
[0.850s] Level 5:colcon.colcon_core.verb:set package 'visual_pubsub' build argument 'cmake_target_skip_unavailable' from command line to 'False'
[0.850s] Level 5:colcon.colcon_core.verb:set package 'visual_pubsub' build argument 'cmake_clean_cache' from command line to 'False'
[0.850s] Level 5:colcon.colcon_core.verb:set package 'visual_pubsub' build argument 'cmake_clean_first' from command line to 'False'
[0.850s] Level 5:colcon.colcon_core.verb:set package 'visual_pubsub' build argument 'cmake_force_configure' from command line to 'False'
[0.850s] Level 5:colcon.colcon_core.verb:set package 'visual_pubsub' build argument 'ament_cmake_args' from command line to 'None'
[0.850s] Level 5:colcon.colcon_core.verb:set package 'visual_pubsub' build argument 'catkin_cmake_args' from command line to 'None'
[0.850s] Level 5:colcon.colcon_core.verb:set package 'visual_pubsub' build argument 'catkin_skip_building_tests' from command line to 'False'
[0.850s] DEBUG:colcon.colcon_core.verb:Building package 'visual_pubsub' with the following arguments: {'ament_cmake_args': None, 'build_base': '/home/fabricio/robotica/P_practico/yerko_pulgarcito/build/visual_pubsub', 'catkin_cmake_args': None, 'catkin_skip_building_tests': False, 'cmake_args': None, 'cmake_clean_cache': False, 'cmake_clean_first': False, 'cmake_force_configure': False, 'cmake_target': None, 'cmake_target_skip_unavailable': False, 'install_base': '/home/fabricio/robotica/P_practico/yerko_pulgarcito/install/visual_pubsub', 'merge_install': False, 'path': '/home/fabricio/robotica/P_practico/yerko_pulgarcito/src/ros2_tutorials/visual_pubsub', 'symlink_install': False, 'test_result_base': None}
[0.850s] INFO:colcon.colcon_core.executor:Executing jobs using 'parallel' executor
[0.852s] DEBUG:colcon.colcon_parallel_executor.executor.parallel:run_until_complete
[0.853s] INFO:colcon.colcon_ros.task.ament_cmake.build:Building ROS package in '/home/fabricio/robotica/P_practico/yerko_pulgarcito/src/ros2_tutorials/robot_description' with build type 'ament_cmake'
[0.854s] INFO:colcon.colcon_cmake.task.cmake.build:Building CMake package in '/home/fabricio/robotica/P_practico/yerko_pulgarcito/src/ros2_tutorials/robot_description'
[0.858s] INFO:colcon.colcon_core.plugin_system:Skipping extension 'colcon_core.shell.bat': Not used on non-Windows systems
[0.858s] INFO:colcon.colcon_core.shell:Skip shell extension 'powershell' for command environment: Not usable outside of PowerShell
[0.859s] DEBUG:colcon.colcon_core.shell:Skip shell extension 'dsv' for command environment
[0.867s] INFO:colcon.colcon_ros.task.ament_python.build:Building ROS package in '/home/fabricio/robotica/P_practico/yerko_pulgarcito/src/ros2_tutorials/visual_pubsub' with build type 'ament_python'
[0.868s] Level 1:colcon.colcon_core.shell:create_environment_hook('visual_pubsub', 'ament_prefix_path')
[0.868s] INFO:colcon.colcon_core.shell:Creating environment hook '/home/fabricio/robotica/P_practico/yerko_pulgarcito/install/visual_pubsub/share/visual_pubsub/hook/ament_prefix_path.ps1'
[0.870s] INFO:colcon.colcon_core.shell:Creating environment descriptor '/home/fabricio/robotica/P_practico/yerko_pulgarcito/install/visual_pubsub/share/visual_pubsub/hook/ament_prefix_path.dsv'
[0.872s] INFO:colcon.colcon_core.shell:Creating environment hook '/home/fabricio/robotica/P_practico/yerko_pulgarcito/install/visual_pubsub/share/visual_pubsub/hook/ament_prefix_path.sh'
[0.875s] INFO:colcon.colcon_core.shell:Skip shell extension 'powershell' for command environment: Not usable outside of PowerShell
[0.875s] DEBUG:colcon.colcon_core.shell:Skip shell extension 'dsv' for command environment
[0.898s] DEBUG:colcon.colcon_core.event_handler.log_command:Invoking command in '/home/fabricio/robotica/P_practico/yerko_pulgarcito/build/robot_description': CMAKE_PREFIX_PATH=${CMAKE_PREFIX_PATH}:/home/fabricio/robotica/P_practico/yerko_supremo/install/visual_pubsub:/home/fabricio/robotica/yerko_supremo/install/visual_pubsub:/opt/ros/humble /usr/bin/cmake --build /home/fabricio/robotica/P_practico/yerko_pulgarcito/build/robot_description -- -j4 -l4
[1.507s] INFO:colcon.colcon_core.task.python.build:Building Python package in '/home/fabricio/robotica/P_practico/yerko_pulgarcito/src/ros2_tutorials/visual_pubsub'
[1.507s] INFO:colcon.colcon_core.shell:Skip shell extension 'powershell' for command environment: Not usable outside of PowerShell
[1.507s] DEBUG:colcon.colcon_core.shell:Skip shell extension 'dsv' for command environment
[1.519s] DEBUG:colcon.colcon_core.event_handler.log_command:Invoked command in '/home/fabricio/robotica/P_practico/yerko_pulgarcito/build/robot_description' returned '0': CMAKE_PREFIX_PATH=${CMAKE_PREFIX_PATH}:/home/fabricio/robotica/P_practico/yerko_supremo/install/visual_pubsub:/home/fabricio/robotica/yerko_supremo/install/visual_pubsub:/opt/ros/humble /usr/bin/cmake --build /home/fabricio/robotica/P_practico/yerko_pulgarcito/build/robot_description -- -j4 -l4
[1.540s] DEBUG:colcon.colcon_core.event_handler.log_command:Invoking command in '/home/fabricio/robotica/P_practico/yerko_pulgarcito/build/robot_description': CMAKE_PREFIX_PATH=${CMAKE_PREFIX_PATH}:/home/fabricio/robotica/P_practico/yerko_supremo/install/visual_pubsub:/home/fabricio/robotica/yerko_supremo/install/visual_pubsub:/opt/ros/humble /usr/bin/cmake --install /home/fabricio/robotica/P_practico/yerko_pulgarcito/build/robot_description
[1.568s] Level 1:colcon.colcon_core.environment:create_environment_scripts_only(robot_description)
[1.577s] DEBUG:colcon.colcon_core.event_handler.log_command:Invoked command in '/home/fabricio/robotica/P_practico/yerko_pulgarcito/build/robot_description' returned '0': CMAKE_PREFIX_PATH=${CMAKE_PREFIX_PATH}:/home/fabricio/robotica/P_practico/yerko_supremo/install/visual_pubsub:/home/fabricio/robotica/yerko_supremo/install/visual_pubsub:/opt/ros/humble /usr/bin/cmake --install /home/fabricio/robotica/P_practico/yerko_pulgarcito/build/robot_description
[1.581s] Level 1:colcon.colcon_core.environment:checking '/home/fabricio/robotica/P_practico/yerko_pulgarcito/install/robot_description' for CMake module files
[1.584s] Level 1:colcon.colcon_core.environment:checking '/home/fabricio/robotica/P_practico/yerko_pulgarcito/install/robot_description' for CMake config files
[1.586s] Level 1:colcon.colcon_core.shell:create_environment_hook('robot_description', 'cmake_prefix_path')
[1.587s] INFO:colcon.colcon_core.shell:Creating environment hook '/home/fabricio/robotica/P_practico/yerko_pulgarcito/install/robot_description/share/robot_description/hook/cmake_prefix_path.ps1'
[1.588s] INFO:colcon.colcon_core.shell:Creating environment descriptor '/home/fabricio/robotica/P_practico/yerko_pulgarcito/install/robot_description/share/robot_description/hook/cmake_prefix_path.dsv'
[1.590s] INFO:colcon.colcon_core.shell:Creating environment hook '/home/fabricio/robotica/P_practico/yerko_pulgarcito/install/robot_description/share/robot_description/hook/cmake_prefix_path.sh'
[1.592s] Level 1:colcon.colcon_core.environment:checking '/home/fabricio/robotica/P_practico/yerko_pulgarcito/install/robot_description/bin'
[1.592s] Level 1:colcon.colcon_core.environment:checking '/home/fabricio/robotica/P_practico/yerko_pulgarcito/install/robot_description/lib/pkgconfig/robot_description.pc'
[1.593s] Level 1:colcon.colcon_core.environment:checking '/home/fabricio/robotica/P_practico/yerko_pulgarcito/install/robot_description/lib/python3.10/site-packages'
[1.593s] Level 1:colcon.colcon_core.environment:checking '/home/fabricio/robotica/P_practico/yerko_pulgarcito/install/robot_description/bin'
[1.594s] INFO:colcon.colcon_core.shell:Creating package script '/home/fabricio/robotica/P_practico/yerko_pulgarcito/install/robot_description/share/robot_description/package.ps1'
[1.598s] INFO:colcon.colcon_core.shell:Creating package descriptor '/home/fabricio/robotica/P_practico/yerko_pulgarcito/install/robot_description/share/robot_description/package.dsv'
[1.600s] INFO:colcon.colcon_core.shell:Creating package script '/home/fabricio/robotica/P_practico/yerko_pulgarcito/install/robot_description/share/robot_description/package.sh'
[1.602s] INFO:colcon.colcon_core.shell:Creating package script '/home/fabricio/robotica/P_practico/yerko_pulgarcito/install/robot_description/share/robot_description/package.bash'
[1.605s] INFO:colcon.colcon_core.shell:Creating package script '/home/fabricio/robotica/P_practico/yerko_pulgarcito/install/robot_description/share/robot_description/package.zsh'
[1.607s] Level 1:colcon.colcon_core.environment:create_file_with_runtime_dependencies(/home/fabricio/robotica/P_practico/yerko_pulgarcito/install/robot_description/share/colcon-core/packages/robot_description)
[1.609s] Level 1:colcon.colcon_core.environment:create_environment_scripts_only(robot_description)
[1.610s] Level 1:colcon.colcon_core.environment:checking '/home/fabricio/robotica/P_practico/yerko_pulgarcito/install/robot_description' for CMake module files
[1.611s] Level 1:colcon.colcon_core.environment:checking '/home/fabricio/robotica/P_practico/yerko_pulgarcito/install/robot_description' for CMake config files
[1.612s] Level 1:colcon.colcon_core.shell:create_environment_hook('robot_description', 'cmake_prefix_path')
[1.613s] INFO:colcon.colcon_core.shell:Creating environment hook '/home/fabricio/robotica/P_practico/yerko_pulgarcito/install/robot_description/share/robot_description/hook/cmake_prefix_path.ps1'
[1.614s] INFO:colcon.colcon_core.shell:Creating environment descriptor '/home/fabricio/robotica/P_practico/yerko_pulgarcito/install/robot_description/share/robot_description/hook/cmake_prefix_path.dsv'
[1.616s] INFO:colcon.colcon_core.shell:Creating environment hook '/home/fabricio/robotica/P_practico/yerko_pulgarcito/install/robot_description/share/robot_description/hook/cmake_prefix_path.sh'
[1.618s] Level 1:colcon.colcon_core.environment:checking '/home/fabricio/robotica/P_practico/yerko_pulgarcito/install/robot_description/bin'
[1.619s] Level 1:colcon.colcon_core.environment:checking '/home/fabricio/robotica/P_practico/yerko_pulgarcito/install/robot_description/lib/pkgconfig/robot_description.pc'
[1.619s] Level 1:colcon.colcon_core.environment:checking '/home/fabricio/robotica/P_practico/yerko_pulgarcito/install/robot_description/lib/python3.10/site-packages'
[1.620s] Level 1:colcon.colcon_core.environment:checking '/home/fabricio/robotica/P_practico/yerko_pulgarcito/install/robot_description/bin'
[1.621s] INFO:colcon.colcon_core.shell:Creating package script '/home/fabricio/robotica/P_practico/yerko_pulgarcito/install/robot_description/share/robot_description/package.ps1'
[1.623s] INFO:colcon.colcon_core.shell:Creating package descriptor '/home/fabricio/robotica/P_practico/yerko_pulgarcito/install/robot_description/share/robot_description/package.dsv'
[1.625s] INFO:colcon.colcon_core.shell:Creating package script '/home/fabricio/robotica/P_practico/yerko_pulgarcito/install/robot_description/share/robot_description/package.sh'
[1.626s] INFO:colcon.colcon_core.shell:Creating package script '/home/fabricio/robotica/P_practico/yerko_pulgarcito/install/robot_description/share/robot_description/package.bash'
[1.628s] INFO:colcon.colcon_core.shell:Creating package script '/home/fabricio/robotica/P_practico/yerko_pulgarcito/install/robot_description/share/robot_description/package.zsh'
[1.630s] Level 1:colcon.colcon_core.environment:create_file_with_runtime_dependencies(/home/fabricio/robotica/P_practico/yerko_pulgarcito/install/robot_description/share/colcon-core/packages/robot_description)
[2.411s] DEBUG:colcon.colcon_core.event_handler.log_command:Invoking command in '/home/fabricio/robotica/P_practico/yerko_pulgarcito/src/ros2_tutorials/visual_pubsub': PYTHONPATH=/home/fabricio/robotica/P_practico/yerko_pulgarcito/build/visual_pubsub/prefix_override:/usr/lib/python3/dist-packages/colcon_core/task/python/colcon_distutils_commands:/home/fabricio/robotica/P_practico/yerko_pulgarcito/install/visual_pubsub/lib/python3.10/site-packages:${PYTHONPATH} /usr/bin/python3 -W ignore:setup.py install is deprecated -W ignore:easy_install command is deprecated setup.py egg_info --egg-base ../../../build/visual_pubsub build --build-base /home/fabricio/robotica/P_practico/yerko_pulgarcito/build/visual_pubsub/build install --record /home/fabricio/robotica/P_practico/yerko_pulgarcito/build/visual_pubsub/install.log --single-version-externally-managed install_data
[3.169s] Level 1:colcon.colcon_core.environment:checking '/home/fabricio/robotica/P_practico/yerko_pulgarcito/install/visual_pubsub' for CMake module files
[3.170s] DEBUG:colcon.colcon_core.event_handler.log_command:Invoked command in '/home/fabricio/robotica/P_practico/yerko_pulgarcito/src/ros2_tutorials/visual_pubsub' returned '0': PYTHONPATH=/home/fabricio/robotica/P_practico/yerko_pulgarcito/build/visual_pubsub/prefix_override:/usr/lib/python3/dist-packages/colcon_core/task/python/colcon_distutils_commands:/home/fabricio/robotica/P_practico/yerko_pulgarcito/install/visual_pubsub/lib/python3.10/site-packages:${PYTHONPATH} /usr/bin/python3 -W ignore:setup.py install is deprecated -W ignore:easy_install command is deprecated setup.py egg_info --egg-base ../../../build/visual_pubsub build --build-base /home/fabricio/robotica/P_practico/yerko_pulgarcito/build/visual_pubsub/build install --record /home/fabricio/robotica/P_practico/yerko_pulgarcito/build/visual_pubsub/install.log --single-version-externally-managed install_data
[3.171s] Level 1:colcon.colcon_core.environment:checking '/home/fabricio/robotica/P_practico/yerko_pulgarcito/install/visual_pubsub' for CMake config files
[3.172s] Level 1:colcon.colcon_core.environment:checking '/home/fabricio/robotica/P_practico/yerko_pulgarcito/install/visual_pubsub/lib'
[3.173s] Level 1:colcon.colcon_core.environment:checking '/home/fabricio/robotica/P_practico/yerko_pulgarcito/install/visual_pubsub/bin'
[3.173s] Level 1:colcon.colcon_core.environment:checking '/home/fabricio/robotica/P_practico/yerko_pulgarcito/install/visual_pubsub/lib/pkgconfig/visual_pubsub.pc'
[3.173s] Level 1:colcon.colcon_core.environment:checking '/home/fabricio/robotica/P_practico/yerko_pulgarcito/install/visual_pubsub/lib/python3.10/site-packages'
[3.173s] Level 1:colcon.colcon_core.shell:create_environment_hook('visual_pubsub', 'pythonpath')
[3.174s] INFO:colcon.colcon_core.shell:Creating environment hook '/home/fabricio/robotica/P_practico/yerko_pulgarcito/install/visual_pubsub/share/visual_pubsub/hook/pythonpath.ps1'
[3.175s] INFO:colcon.colcon_core.shell:Creating environment descriptor '/home/fabricio/robotica/P_practico/yerko_pulgarcito/install/visual_pubsub/share/visual_pubsub/hook/pythonpath.dsv'
[3.176s] INFO:colcon.colcon_core.shell:Creating environment hook '/home/fabricio/robotica/P_practico/yerko_pulgarcito/install/visual_pubsub/share/visual_pubsub/hook/pythonpath.sh'
[3.178s] Level 1:colcon.colcon_core.environment:checking '/home/fabricio/robotica/P_practico/yerko_pulgarcito/install/visual_pubsub/bin'
[3.178s] Level 1:colcon.colcon_core.environment:create_environment_scripts_only(visual_pubsub)
[3.179s] INFO:colcon.colcon_core.shell:Creating package script '/home/fabricio/robotica/P_practico/yerko_pulgarcito/install/visual_pubsub/share/visual_pubsub/package.ps1'
[3.180s] INFO:colcon.colcon_core.shell:Creating package descriptor '/home/fabricio/robotica/P_practico/yerko_pulgarcito/install/visual_pubsub/share/visual_pubsub/package.dsv'
[3.182s] INFO:colcon.colcon_core.shell:Creating package script '/home/fabricio/robotica/P_practico/yerko_pulgarcito/install/visual_pubsub/share/visual_pubsub/package.sh'
[3.183s] INFO:colcon.colcon_core.shell:Creating package script '/home/fabricio/robotica/P_practico/yerko_pulgarcito/install/visual_pubsub/share/visual_pubsub/package.bash'
[3.184s] INFO:colcon.colcon_core.shell:Creating package script '/home/fabricio/robotica/P_practico/yerko_pulgarcito/install/visual_pubsub/share/visual_pubsub/package.zsh'
[3.185s] Level 1:colcon.colcon_core.environment:create_file_with_runtime_dependencies(/home/fabricio/robotica/P_practico/yerko_pulgarcito/install/visual_pubsub/share/colcon-core/packages/visual_pubsub)
[3.186s] DEBUG:colcon.colcon_parallel_executor.executor.parallel:closing loop
[3.187s] DEBUG:colcon.colcon_parallel_executor.executor.parallel:loop closed
[3.187s] DEBUG:colcon.colcon_parallel_executor.executor.parallel:run_until_complete finished with '0'
[3.187s] DEBUG:colcon.colcon_core.event_reactor:joining thread
[3.201s] INFO:colcon.colcon_core.plugin_system:Skipping extension 'colcon_notification.desktop_notification.terminal_notifier': Not used on non-Darwin systems
[3.201s] INFO:colcon.colcon_core.plugin_system:Skipping extension 'colcon_notification.desktop_notification.win32': Not used on non-Windows systems
[3.201s] INFO:colcon.colcon_notification.desktop_notification:Sending desktop notification using 'notify2'
[3.236s] DEBUG:colcon.colcon_core.event_reactor:joined thread
[3.236s] INFO:colcon.colcon_core.shell:Creating prefix script '/home/fabricio/robotica/P_practico/yerko_pulgarcito/install/local_setup.ps1'
[3.239s] INFO:colcon.colcon_core.shell:Creating prefix util module '/home/fabricio/robotica/P_practico/yerko_pulgarcito/install/_local_setup_util_ps1.py'
[3.242s] INFO:colcon.colcon_core.shell:Creating prefix chain script '/home/fabricio/robotica/P_practico/yerko_pulgarcito/install/setup.ps1'
[3.246s] INFO:colcon.colcon_core.shell:Creating prefix script '/home/fabricio/robotica/P_practico/yerko_pulgarcito/install/local_setup.sh'
[3.248s] INFO:colcon.colcon_core.shell:Creating prefix util module '/home/fabricio/robotica/P_practico/yerko_pulgarcito/install/_local_setup_util_sh.py'
[3.249s] INFO:colcon.colcon_core.shell:Creating prefix chain script '/home/fabricio/robotica/P_practico/yerko_pulgarcito/install/setup.sh'
[3.253s] INFO:colcon.colcon_core.shell:Creating prefix script '/home/fabricio/robotica/P_practico/yerko_pulgarcito/install/local_setup.bash'
[3.255s] INFO:colcon.colcon_core.shell:Creating prefix chain script '/home/fabricio/robotica/P_practico/yerko_pulgarcito/install/setup.bash'
[3.258s] INFO:colcon.colcon_core.shell:Creating prefix script '/home/fabricio/robotica/P_practico/yerko_pulgarcito/install/local_setup.zsh'
[3.261s] INFO:colcon.colcon_core.shell:Creating prefix chain script '/home/fabricio/robotica/P_practico/yerko_pulgarcito/install/setup.zsh'
