[0.305s] DEBUG:colcon:Command line arguments: ['/usr/bin/colcon', 'build']
[0.305s] DEBUG:colcon:Parsed command line arguments: Namespace(log_base=None, log_level=None, verb_name='build', build_base='build', install_base='install', merge_install=False, symlink_install=False, test_result_base=None, continue_on_error=False, executor='parallel', parallel_workers=4, event_handlers=None, ignore_user_meta=False, metas=['./colcon.meta'], base_paths=['.'], packages_ignore=None, packages_ignore_regex=None, paths=None, packages_up_to=None, packages_up_to_regex=None, packages_above=None, packages_above_and_dependencies=None, packages_above_depth=None, packages_select_by_dep=None, packages_skip_by_dep=None, packages_skip_up_to=None, packages_select_build_failed=False, packages_skip_build_finished=False, packages_select_test_failures=False, packages_skip_test_passed=False, packages_select=None, packages_skip=None, packages_select_regex=None, packages_skip_regex=None, packages_start=None, packages_end=None, allow_overriding=[], cmake_args=None, cmake_target=None, cmake_target_skip_unavailable=False, cmake_clean_cache=False, cmake_clean_first=False, cmake_force_configure=False, ament_cmake_args=None, catkin_cmake_args=None, catkin_skip_building_tests=False, verb_parser=<colcon_defaults.argument_parser.defaults.DefaultArgumentsDecorator object at 0x77661a997c40>, verb_extension=<colcon_core.verb.build.BuildVerb object at 0x77661aa789d0>, main=<bound method BuildVerb.main of <colcon_core.verb.build.BuildVerb object at 0x77661aa789d0>>)
[0.817s] Level 1:colcon.colcon_core.package_discovery:discover_packages(colcon_meta) check parameters
[0.818s] Level 1:colcon.colcon_core.package_discovery:discover_packages(recursive) check parameters
[0.818s] Level 1:colcon.colcon_core.package_discovery:discover_packages(ignore) check parameters
[0.818s] Level 1:colcon.colcon_core.package_discovery:discover_packages(path) check parameters
[0.818s] Level 1:colcon.colcon_core.package_discovery:discover_packages(colcon_meta) discover
[0.818s] Level 1:colcon.colcon_core.package_discovery:discover_packages(recursive) discover
[0.818s] INFO:colcon.colcon_core.package_discovery:Crawling recursively for packages in '/home/fabricio/robotica/P_practico/yerko_supremo'
[0.819s] Level 1:colcon.colcon_core.package_identification:_identify(.) by extensions ['ignore', 'ignore_ament_install']
[0.819s] Level 1:colcon.colcon_core.package_identification:_identify(.) by extension 'ignore'
[0.819s] Level 1:colcon.colcon_core.package_identification:_identify(.) by extension 'ignore_ament_install'
[0.819s] Level 1:colcon.colcon_core.package_identification:_identify(.) by extensions ['colcon_pkg']
[0.819s] Level 1:colcon.colcon_core.package_identification:_identify(.) by extension 'colcon_pkg'
[0.819s] Level 1:colcon.colcon_core.package_identification:_identify(.) by extensions ['colcon_meta']
[0.819s] Level 1:colcon.colcon_core.package_identification:_identify(.) by extension 'colcon_meta'
[0.820s] Level 1:colcon.colcon_core.package_identification:_identify(.) by extensions ['ros']
[0.820s] Level 1:colcon.colcon_core.package_identification:_identify(.) by extension 'ros'
[0.855s] Level 1:colcon.colcon_core.package_identification:_identify(.) by extensions ['cmake', 'python']
[0.855s] Level 1:colcon.colcon_core.package_identification:_identify(.) by extension 'cmake'
[0.856s] Level 1:colcon.colcon_core.package_identification:_identify(.) by extension 'python'
[0.856s] Level 1:colcon.colcon_core.package_identification:_identify(.) by extensions ['python_setup_py']
[0.856s] Level 1:colcon.colcon_core.package_identification:_identify(.) by extension 'python_setup_py'
[0.856s] Level 1:colcon.colcon_core.package_identification:_identify(build) by extensions ['ignore', 'ignore_ament_install']
[0.856s] Level 1:colcon.colcon_core.package_identification:_identify(build) by extension 'ignore'
[0.856s] Level 1:colcon.colcon_core.package_identification:_identify(build) ignored
[0.857s] Level 1:colcon.colcon_core.package_identification:_identify(install) by extensions ['ignore', 'ignore_ament_install']
[0.857s] Level 1:colcon.colcon_core.package_identification:_identify(install) by extension 'ignore'
[0.857s] Level 1:colcon.colcon_core.package_identification:_identify(install) ignored
[0.857s] Level 1:colcon.colcon_core.package_identification:_identify(log) by extensions ['ignore', 'ignore_ament_install']
[0.857s] Level 1:colcon.colcon_core.package_identification:_identify(log) by extension 'ignore'
[0.857s] Level 1:colcon.colcon_core.package_identification:_identify(log) ignored
[0.858s] Level 1:colcon.colcon_core.package_identification:_identify(src) by extensions ['ignore', 'ignore_ament_install']
[0.858s] Level 1:colcon.colcon_core.package_identification:_identify(src) by extension 'ignore'
[0.858s] Level 1:colcon.colcon_core.package_identification:_identify(src) by extension 'ignore_ament_install'
[0.858s] Level 1:colcon.colcon_core.package_identification:_identify(src) by extensions ['colcon_pkg']
[0.858s] Level 1:colcon.colcon_core.package_identification:_identify(src) by extension 'colcon_pkg'
[0.858s] Level 1:colcon.colcon_core.package_identification:_identify(src) by extensions ['colcon_meta']
[0.859s] Level 1:colcon.colcon_core.package_identification:_identify(src) by extension 'colcon_meta'
[0.859s] Level 1:colcon.colcon_core.package_identification:_identify(src) by extensions ['ros']
[0.859s] Level 1:colcon.colcon_core.package_identification:_identify(src) by extension 'ros'
[0.860s] Level 1:colcon.colcon_core.package_identification:_identify(src) by extensions ['cmake', 'python']
[0.860s] Level 1:colcon.colcon_core.package_identification:_identify(src) by extension 'cmake'
[0.860s] Level 1:colcon.colcon_core.package_identification:_identify(src) by extension 'python'
[0.860s] Level 1:colcon.colcon_core.package_identification:_identify(src) by extensions ['python_setup_py']
[0.860s] Level 1:colcon.colcon_core.package_identification:_identify(src) by extension 'python_setup_py'
[0.861s] Level 1:colcon.colcon_core.package_identification:_identify(src/ros2_tutorials) by extensions ['ignore', 'ignore_ament_install']
[0.861s] Level 1:colcon.colcon_core.package_identification:_identify(src/ros2_tutorials) by extension 'ignore'
[0.861s] Level 1:colcon.colcon_core.package_identification:_identify(src/ros2_tutorials) by extension 'ignore_ament_install'
[0.861s] Level 1:colcon.colcon_core.package_identification:_identify(src/ros2_tutorials) by extensions ['colcon_pkg']
[0.861s] Level 1:colcon.colcon_core.package_identification:_identify(src/ros2_tutorials) by extension 'colcon_pkg'
[0.861s] Level 1:colcon.colcon_core.package_identification:_identify(src/ros2_tutorials) by extensions ['colcon_meta']
[0.861s] Level 1:colcon.colcon_core.package_identification:_identify(src/ros2_tutorials) by extension 'colcon_meta'
[0.861s] Level 1:colcon.colcon_core.package_identification:_identify(src/ros2_tutorials) by extensions ['ros']
[0.861s] Level 1:colcon.colcon_core.package_identification:_identify(src/ros2_tutorials) by extension 'ros'
[0.862s] Level 1:colcon.colcon_core.package_identification:_identify(src/ros2_tutorials) by extensions ['cmake', 'python']
[0.862s] Level 1:colcon.colcon_core.package_identification:_identify(src/ros2_tutorials) by extension 'cmake'
[0.862s] Level 1:colcon.colcon_core.package_identification:_identify(src/ros2_tutorials) by extension 'python'
[0.862s] Level 1:colcon.colcon_core.package_identification:_identify(src/ros2_tutorials) by extensions ['python_setup_py']
[0.862s] Level 1:colcon.colcon_core.package_identification:_identify(src/ros2_tutorials) by extension 'python_setup_py'
[0.862s] Level 1:colcon.colcon_core.package_identification:_identify(src/ros2_tutorials/robot_description) by extensions ['ignore', 'ignore_ament_install']
[0.862s] Level 1:colcon.colcon_core.package_identification:_identify(src/ros2_tutorials/robot_description) by extension 'ignore'
[0.862s] Level 1:colcon.colcon_core.package_identification:_identify(src/ros2_tutorials/robot_description) by extension 'ignore_ament_install'
[0.863s] Level 1:colcon.colcon_core.package_identification:_identify(src/ros2_tutorials/robot_description) by extensions ['colcon_pkg']
[0.863s] Level 1:colcon.colcon_core.package_identification:_identify(src/ros2_tutorials/robot_description) by extension 'colcon_pkg'
[0.863s] Level 1:colcon.colcon_core.package_identification:_identify(src/ros2_tutorials/robot_description) by extensions ['colcon_meta']
[0.863s] Level 1:colcon.colcon_core.package_identification:_identify(src/ros2_tutorials/robot_description) by extension 'colcon_meta'
[0.863s] Level 1:colcon.colcon_core.package_identification:_identify(src/ros2_tutorials/robot_description) by extensions ['ros']
[0.863s] Level 1:colcon.colcon_core.package_identification:_identify(src/ros2_tutorials/robot_description) by extension 'ros'
[0.870s] DEBUG:colcon.colcon_core.package_identification:Package 'src/ros2_tutorials/robot_description' with type 'ros.ament_cmake' and name 'robot_description'
[0.870s] Level 1:colcon.colcon_core.package_identification:_identify(src/ros2_tutorials/visual_pubsub) by extensions ['ignore', 'ignore_ament_install']
[0.871s] Level 1:colcon.colcon_core.package_identification:_identify(src/ros2_tutorials/visual_pubsub) by extension 'ignore'
[0.871s] Level 1:colcon.colcon_core.package_identification:_identify(src/ros2_tutorials/visual_pubsub) by extension 'ignore_ament_install'
[0.871s] Level 1:colcon.colcon_core.package_identification:_identify(src/ros2_tutorials/visual_pubsub) by extensions ['colcon_pkg']
[0.871s] Level 1:colcon.colcon_core.package_identification:_identify(src/ros2_tutorials/visual_pubsub) by extension 'colcon_pkg'
[0.871s] Level 1:colcon.colcon_core.package_identification:_identify(src/ros2_tutorials/visual_pubsub) by extensions ['colcon_meta']
[0.871s] Level 1:colcon.colcon_core.package_identification:_identify(src/ros2_tutorials/visual_pubsub) by extension 'colcon_meta'
[0.871s] Level 1:colcon.colcon_core.package_identification:_identify(src/ros2_tutorials/visual_pubsub) by extensions ['ros']
[0.872s] Level 1:colcon.colcon_core.package_identification:_identify(src/ros2_tutorials/visual_pubsub) by extension 'ros'
[0.874s] DEBUG:colcon.colcon_core.package_identification:Package 'src/ros2_tutorials/visual_pubsub' with type 'ros.ament_python' and name 'visual_pubsub'
[0.875s] Level 1:colcon.colcon_core.package_discovery:discover_packages(recursive) using defaults
[0.875s] Level 1:colcon.colcon_core.package_discovery:discover_packages(ignore) discover
[0.875s] Level 1:colcon.colcon_core.package_discovery:discover_packages(ignore) using defaults
[0.875s] Level 1:colcon.colcon_core.package_discovery:discover_packages(path) discover
[0.875s] Level 1:colcon.colcon_core.package_discovery:discover_packages(path) using defaults
[0.928s] Level 1:colcon.colcon_core.package_discovery:discover_packages(prefix_path) check parameters
[0.928s] Level 1:colcon.colcon_core.package_discovery:discover_packages(prefix_path) discover
[0.931s] WARNING:colcon.colcon_core.prefix_path.colcon:The path '/home/fabricio/robotica/P_practico/yerko_pulgarcito/install' in the environment variable COLCON_PREFIX_PATH doesn't exist
[0.932s] WARNING:colcon.colcon_ros.prefix_path.ament:The path '/home/fabricio/robotica/P_practico/yerko_pulgarcito/install/visual_pubsub' in the environment variable AMENT_PREFIX_PATH doesn't exist
[0.932s] WARNING:colcon.colcon_ros.prefix_path.ament:The path '/home/fabricio/robotica/P_practico/yerko_pulgarcito/install/robot_description' in the environment variable AMENT_PREFIX_PATH doesn't exist
[0.933s] WARNING:colcon.colcon_ros.prefix_path.catkin:The path '/home/fabricio/robotica/P_practico/yerko_pulgarcito/install/robot_description' in the environment variable CMAKE_PREFIX_PATH doesn't exist
[0.936s] DEBUG:colcon.colcon_installed_package_information.package_discovery:Found 2 installed packages in /home/fabricio/robotica/yerko_supremo/install
[0.937s] DEBUG:colcon.colcon_installed_package_information.package_discovery:Found 2 installed packages in /home/fabricio/robotica/P_practico/yerko_supremo/install
[0.941s] DEBUG:colcon.colcon_installed_package_information.package_discovery:Found 276 installed packages in /opt/ros/humble
[0.973s] Level 1:colcon.colcon_core.package_discovery:discover_packages(prefix_path) using defaults
[1.089s] Level 5:colcon.colcon_core.verb:set package 'robot_description' build argument 'cmake_args' from command line to 'None'
[1.089s] Level 5:colcon.colcon_core.verb:set package 'robot_description' build argument 'cmake_target' from command line to 'None'
[1.089s] Level 5:colcon.colcon_core.verb:set package 'robot_description' build argument 'cmake_target_skip_unavailable' from command line to 'False'
[1.089s] Level 5:colcon.colcon_core.verb:set package 'robot_description' build argument 'cmake_clean_cache' from command line to 'False'
[1.089s] Level 5:colcon.colcon_core.verb:set package 'robot_description' build argument 'cmake_clean_first' from command line to 'False'
[1.089s] Level 5:colcon.colcon_core.verb:set package 'robot_description' build argument 'cmake_force_configure' from command line to 'False'
[1.089s] Level 5:colcon.colcon_core.verb:set package 'robot_description' build argument 'ament_cmake_args' from command line to 'None'
[1.089s] Level 5:colcon.colcon_core.verb:set package 'robot_description' build argument 'catkin_cmake_args' from command line to 'None'
[1.089s] Level 5:colcon.colcon_core.verb:set package 'robot_description' build argument 'catkin_skip_building_tests' from command line to 'False'
[1.089s] DEBUG:colcon.colcon_core.verb:Building package 'robot_description' with the following arguments: {'ament_cmake_args': None, 'build_base': '/home/fabricio/robotica/P_practico/yerko_supremo/build/robot_description', 'catkin_cmake_args': None, 'catkin_skip_building_tests': False, 'cmake_args': None, 'cmake_clean_cache': False, 'cmake_clean_first': False, 'cmake_force_configure': False, 'cmake_target': None, 'cmake_target_skip_unavailable': False, 'install_base': '/home/fabricio/robotica/P_practico/yerko_supremo/install/robot_description', 'merge_install': False, 'path': '/home/fabricio/robotica/P_practico/yerko_supremo/src/ros2_tutorials/robot_description', 'symlink_install': False, 'test_result_base': None}
[1.091s] Level 5:colcon.colcon_core.verb:set package 'visual_pubsub' build argument 'cmake_args' from command line to 'None'
[1.091s] Level 5:colcon.colcon_core.verb:set package 'visual_pubsub' build argument 'cmake_target' from command line to 'None'
[1.091s] Level 5:colcon.colcon_core.verb:set package 'visual_pubsub' build argument 'cmake_target_skip_unavailable' from command line to 'False'
[1.091s] Level 5:colcon.colcon_core.verb:set package 'visual_pubsub' build argument 'cmake_clean_cache' from command line to 'False'
[1.091s] Level 5:colcon.colcon_core.verb:set package 'visual_pubsub' build argument 'cmake_clean_first' from command line to 'False'
[1.091s] Level 5:colcon.colcon_core.verb:set package 'visual_pubsub' build argument 'cmake_force_configure' from command line to 'False'
[1.091s] Level 5:colcon.colcon_core.verb:set package 'visual_pubsub' build argument 'ament_cmake_args' from command line to 'None'
[1.091s] Level 5:colcon.colcon_core.verb:set package 'visual_pubsub' build argument 'catkin_cmake_args' from command line to 'None'
[1.091s] Level 5:colcon.colcon_core.verb:set package 'visual_pubsub' build argument 'catkin_skip_building_tests' from command line to 'False'
[1.091s] DEBUG:colcon.colcon_core.verb:Building package 'visual_pubsub' with the following arguments: {'ament_cmake_args': None, 'build_base': '/home/fabricio/robotica/P_practico/yerko_supremo/build/visual_pubsub', 'catkin_cmake_args': None, 'catkin_skip_building_tests': False, 'cmake_args': None, 'cmake_clean_cache': False, 'cmake_clean_first': False, 'cmake_force_configure': False, 'cmake_target': None, 'cmake_target_skip_unavailable': False, 'install_base': '/home/fabricio/robotica/P_practico/yerko_supremo/install/visual_pubsub', 'merge_install': False, 'path': '/home/fabricio/robotica/P_practico/yerko_supremo/src/ros2_tutorials/visual_pubsub', 'symlink_install': False, 'test_result_base': None}
[1.092s] INFO:colcon.colcon_core.executor:Executing jobs using 'parallel' executor
[1.094s] DEBUG:colcon.colcon_parallel_executor.executor.parallel:run_until_complete
[1.095s] INFO:colcon.colcon_ros.task.ament_cmake.build:Building ROS package in '/home/fabricio/robotica/P_practico/yerko_supremo/src/ros2_tutorials/robot_description' with build type 'ament_cmake'
[1.095s] INFO:colcon.colcon_cmake.task.cmake.build:Building CMake package in '/home/fabricio/robotica/P_practico/yerko_supremo/src/ros2_tutorials/robot_description'
[1.101s] INFO:colcon.colcon_core.plugin_system:Skipping extension 'colcon_core.shell.bat': Not used on non-Windows systems
[1.101s] INFO:colcon.colcon_core.shell:Skip shell extension 'powershell' for command environment: Not usable outside of PowerShell
[1.102s] DEBUG:colcon.colcon_core.shell:Skip shell extension 'dsv' for command environment
[1.111s] INFO:colcon.colcon_ros.task.ament_python.build:Building ROS package in '/home/fabricio/robotica/P_practico/yerko_supremo/src/ros2_tutorials/visual_pubsub' with build type 'ament_python'
[1.111s] Level 1:colcon.colcon_core.shell:create_environment_hook('visual_pubsub', 'ament_prefix_path')
[1.112s] INFO:colcon.colcon_core.shell:Creating environment hook '/home/fabricio/robotica/P_practico/yerko_supremo/install/visual_pubsub/share/visual_pubsub/hook/ament_prefix_path.ps1'
[1.114s] INFO:colcon.colcon_core.shell:Creating environment descriptor '/home/fabricio/robotica/P_practico/yerko_supremo/install/visual_pubsub/share/visual_pubsub/hook/ament_prefix_path.dsv'
[1.115s] INFO:colcon.colcon_core.shell:Creating environment hook '/home/fabricio/robotica/P_practico/yerko_supremo/install/visual_pubsub/share/visual_pubsub/hook/ament_prefix_path.sh'
[1.117s] INFO:colcon.colcon_core.shell:Skip shell extension 'powershell' for command environment: Not usable outside of PowerShell
[1.118s] DEBUG:colcon.colcon_core.shell:Skip shell extension 'dsv' for command environment
[1.143s] DEBUG:colcon.colcon_core.event_handler.log_command:Invoking command in '/home/fabricio/robotica/P_practico/yerko_supremo/build/robot_description': CMAKE_PREFIX_PATH=${CMAKE_PREFIX_PATH}:/home/fabricio/robotica/yerko_supremo/install/visual_pubsub:/home/fabricio/robotica/P_practico/yerko_pulgarcito/install/visual_pubsub:/home/fabricio/robotica/P_practico/yerko_supremo/install/visual_pubsub:/opt/ros/humble /usr/bin/cmake --build /home/fabricio/robotica/P_practico/yerko_supremo/build/robot_description -- -j4 -l4
[1.908s] INFO:colcon.colcon_core.task.python.build:Building Python package in '/home/fabricio/robotica/P_practico/yerko_supremo/src/ros2_tutorials/visual_pubsub'
[1.909s] INFO:colcon.colcon_core.shell:Skip shell extension 'powershell' for command environment: Not usable outside of PowerShell
[1.909s] DEBUG:colcon.colcon_core.shell:Skip shell extension 'dsv' for command environment
[1.921s] DEBUG:colcon.colcon_core.event_handler.log_command:Invoked command in '/home/fabricio/robotica/P_practico/yerko_supremo/build/robot_description' returned '0': CMAKE_PREFIX_PATH=${CMAKE_PREFIX_PATH}:/home/fabricio/robotica/yerko_supremo/install/visual_pubsub:/home/fabricio/robotica/P_practico/yerko_pulgarcito/install/visual_pubsub:/home/fabricio/robotica/P_practico/yerko_supremo/install/visual_pubsub:/opt/ros/humble /usr/bin/cmake --build /home/fabricio/robotica/P_practico/yerko_supremo/build/robot_description -- -j4 -l4
[1.942s] DEBUG:colcon.colcon_core.event_handler.log_command:Invoking command in '/home/fabricio/robotica/P_practico/yerko_supremo/build/robot_description': CMAKE_PREFIX_PATH=${CMAKE_PREFIX_PATH}:/home/fabricio/robotica/yerko_supremo/install/visual_pubsub:/home/fabricio/robotica/P_practico/yerko_pulgarcito/install/visual_pubsub:/home/fabricio/robotica/P_practico/yerko_supremo/install/visual_pubsub:/opt/ros/humble /usr/bin/cmake --install /home/fabricio/robotica/P_practico/yerko_supremo/build/robot_description
[1.968s] Level 1:colcon.colcon_core.environment:create_environment_scripts_only(robot_description)
[1.976s] DEBUG:colcon.colcon_core.event_handler.log_command:Invoked command in '/home/fabricio/robotica/P_practico/yerko_supremo/build/robot_description' returned '0': CMAKE_PREFIX_PATH=${CMAKE_PREFIX_PATH}:/home/fabricio/robotica/yerko_supremo/install/visual_pubsub:/home/fabricio/robotica/P_practico/yerko_pulgarcito/install/visual_pubsub:/home/fabricio/robotica/P_practico/yerko_supremo/install/visual_pubsub:/opt/ros/humble /usr/bin/cmake --install /home/fabricio/robotica/P_practico/yerko_supremo/build/robot_description
[1.981s] Level 1:colcon.colcon_core.environment:checking '/home/fabricio/robotica/P_practico/yerko_supremo/install/robot_description' for CMake module files
[1.983s] Level 1:colcon.colcon_core.environment:checking '/home/fabricio/robotica/P_practico/yerko_supremo/install/robot_description' for CMake config files
[1.984s] Level 1:colcon.colcon_core.shell:create_environment_hook('robot_description', 'cmake_prefix_path')
[1.985s] INFO:colcon.colcon_core.shell:Creating environment hook '/home/fabricio/robotica/P_practico/yerko_supremo/install/robot_description/share/robot_description/hook/cmake_prefix_path.ps1'
[1.987s] INFO:colcon.colcon_core.shell:Creating environment descriptor '/home/fabricio/robotica/P_practico/yerko_supremo/install/robot_description/share/robot_description/hook/cmake_prefix_path.dsv'
[1.989s] INFO:colcon.colcon_core.shell:Creating environment hook '/home/fabricio/robotica/P_practico/yerko_supremo/install/robot_description/share/robot_description/hook/cmake_prefix_path.sh'
[1.992s] Level 1:colcon.colcon_core.environment:checking '/home/fabricio/robotica/P_practico/yerko_supremo/install/robot_description/bin'
[1.992s] Level 1:colcon.colcon_core.environment:checking '/home/fabricio/robotica/P_practico/yerko_supremo/install/robot_description/lib/pkgconfig/robot_description.pc'
[1.993s] Level 1:colcon.colcon_core.environment:checking '/home/fabricio/robotica/P_practico/yerko_supremo/install/robot_description/lib/python3.10/site-packages'
[1.994s] Level 1:colcon.colcon_core.environment:checking '/home/fabricio/robotica/P_practico/yerko_supremo/install/robot_description/bin'
[1.995s] INFO:colcon.colcon_core.shell:Creating package script '/home/fabricio/robotica/P_practico/yerko_supremo/install/robot_description/share/robot_description/package.ps1'
[1.998s] INFO:colcon.colcon_core.shell:Creating package descriptor '/home/fabricio/robotica/P_practico/yerko_supremo/install/robot_description/share/robot_description/package.dsv'
[2.001s] INFO:colcon.colcon_core.shell:Creating package script '/home/fabricio/robotica/P_practico/yerko_supremo/install/robot_description/share/robot_description/package.sh'
[2.004s] INFO:colcon.colcon_core.shell:Creating package script '/home/fabricio/robotica/P_practico/yerko_supremo/install/robot_description/share/robot_description/package.bash'
[2.006s] INFO:colcon.colcon_core.shell:Creating package script '/home/fabricio/robotica/P_practico/yerko_supremo/install/robot_description/share/robot_description/package.zsh'
[2.008s] Level 1:colcon.colcon_core.environment:create_file_with_runtime_dependencies(/home/fabricio/robotica/P_practico/yerko_supremo/install/robot_description/share/colcon-core/packages/robot_description)
[2.010s] Level 1:colcon.colcon_core.environment:create_environment_scripts_only(robot_description)
[2.011s] Level 1:colcon.colcon_core.environment:checking '/home/fabricio/robotica/P_practico/yerko_supremo/install/robot_description' for CMake module files
[2.013s] Level 1:colcon.colcon_core.environment:checking '/home/fabricio/robotica/P_practico/yerko_supremo/install/robot_description' for CMake config files
[2.013s] Level 1:colcon.colcon_core.shell:create_environment_hook('robot_description', 'cmake_prefix_path')
[2.014s] INFO:colcon.colcon_core.shell:Creating environment hook '/home/fabricio/robotica/P_practico/yerko_supremo/install/robot_description/share/robot_description/hook/cmake_prefix_path.ps1'
[2.015s] INFO:colcon.colcon_core.shell:Creating environment descriptor '/home/fabricio/robotica/P_practico/yerko_supremo/install/robot_description/share/robot_description/hook/cmake_prefix_path.dsv'
[2.017s] INFO:colcon.colcon_core.shell:Creating environment hook '/home/fabricio/robotica/P_practico/yerko_supremo/install/robot_description/share/robot_description/hook/cmake_prefix_path.sh'
[2.019s] Level 1:colcon.colcon_core.environment:checking '/home/fabricio/robotica/P_practico/yerko_supremo/install/robot_description/bin'
[2.019s] Level 1:colcon.colcon_core.environment:checking '/home/fabricio/robotica/P_practico/yerko_supremo/install/robot_description/lib/pkgconfig/robot_description.pc'
[2.020s] Level 1:colcon.colcon_core.environment:checking '/home/fabricio/robotica/P_practico/yerko_supremo/install/robot_description/lib/python3.10/site-packages'
[2.020s] Level 1:colcon.colcon_core.environment:checking '/home/fabricio/robotica/P_practico/yerko_supremo/install/robot_description/bin'
[2.022s] INFO:colcon.colcon_core.shell:Creating package script '/home/fabricio/robotica/P_practico/yerko_supremo/install/robot_description/share/robot_description/package.ps1'
[2.024s] INFO:colcon.colcon_core.shell:Creating package descriptor '/home/fabricio/robotica/P_practico/yerko_supremo/install/robot_description/share/robot_description/package.dsv'
[2.026s] INFO:colcon.colcon_core.shell:Creating package script '/home/fabricio/robotica/P_practico/yerko_supremo/install/robot_description/share/robot_description/package.sh'
[2.028s] INFO:colcon.colcon_core.shell:Creating package script '/home/fabricio/robotica/P_practico/yerko_supremo/install/robot_description/share/robot_description/package.bash'
[2.029s] INFO:colcon.colcon_core.shell:Creating package script '/home/fabricio/robotica/P_practico/yerko_supremo/install/robot_description/share/robot_description/package.zsh'
[2.030s] Level 1:colcon.colcon_core.environment:create_file_with_runtime_dependencies(/home/fabricio/robotica/P_practico/yerko_supremo/install/robot_description/share/colcon-core/packages/robot_description)
[2.860s] DEBUG:colcon.colcon_core.event_handler.log_command:Invoking command in '/home/fabricio/robotica/P_practico/yerko_supremo/src/ros2_tutorials/visual_pubsub': PYTHONPATH=/home/fabricio/robotica/P_practico/yerko_supremo/build/visual_pubsub/prefix_override:/usr/lib/python3/dist-packages/colcon_core/task/python/colcon_distutils_commands:/home/fabricio/robotica/P_practico/yerko_supremo/install/visual_pubsub/lib/python3.10/site-packages:${PYTHONPATH} /usr/bin/python3 -W ignore:setup.py install is deprecated -W ignore:easy_install command is deprecated setup.py egg_info --egg-base ../../../build/visual_pubsub build --build-base /home/fabricio/robotica/P_practico/yerko_supremo/build/visual_pubsub/build install --record /home/fabricio/robotica/P_practico/yerko_supremo/build/visual_pubsub/install.log --single-version-externally-managed install_data
[3.593s] Level 1:colcon.colcon_core.environment:checking '/home/fabricio/robotica/P_practico/yerko_supremo/install/visual_pubsub' for CMake module files
[3.594s] DEBUG:colcon.colcon_core.event_handler.log_command:Invoked command in '/home/fabricio/robotica/P_practico/yerko_supremo/src/ros2_tutorials/visual_pubsub' returned '0': PYTHONPATH=/home/fabricio/robotica/P_practico/yerko_supremo/build/visual_pubsub/prefix_override:/usr/lib/python3/dist-packages/colcon_core/task/python/colcon_distutils_commands:/home/fabricio/robotica/P_practico/yerko_supremo/install/visual_pubsub/lib/python3.10/site-packages:${PYTHONPATH} /usr/bin/python3 -W ignore:setup.py install is deprecated -W ignore:easy_install command is deprecated setup.py egg_info --egg-base ../../../build/visual_pubsub build --build-base /home/fabricio/robotica/P_practico/yerko_supremo/build/visual_pubsub/build install --record /home/fabricio/robotica/P_practico/yerko_supremo/build/visual_pubsub/install.log --single-version-externally-managed install_data
[3.595s] Level 1:colcon.colcon_core.environment:checking '/home/fabricio/robotica/P_practico/yerko_supremo/install/visual_pubsub' for CMake config files
[3.597s] Level 1:colcon.colcon_core.environment:checking '/home/fabricio/robotica/P_practico/yerko_supremo/install/visual_pubsub/lib'
[3.597s] Level 1:colcon.colcon_core.environment:checking '/home/fabricio/robotica/P_practico/yerko_supremo/install/visual_pubsub/bin'
[3.597s] Level 1:colcon.colcon_core.environment:checking '/home/fabricio/robotica/P_practico/yerko_supremo/install/visual_pubsub/lib/pkgconfig/visual_pubsub.pc'
[3.598s] Level 1:colcon.colcon_core.environment:checking '/home/fabricio/robotica/P_practico/yerko_supremo/install/visual_pubsub/lib/python3.10/site-packages'
[3.598s] Level 1:colcon.colcon_core.shell:create_environment_hook('visual_pubsub', 'pythonpath')
[3.599s] INFO:colcon.colcon_core.shell:Creating environment hook '/home/fabricio/robotica/P_practico/yerko_supremo/install/visual_pubsub/share/visual_pubsub/hook/pythonpath.ps1'
[3.600s] INFO:colcon.colcon_core.shell:Creating environment descriptor '/home/fabricio/robotica/P_practico/yerko_supremo/install/visual_pubsub/share/visual_pubsub/hook/pythonpath.dsv'
[3.601s] INFO:colcon.colcon_core.shell:Creating environment hook '/home/fabricio/robotica/P_practico/yerko_supremo/install/visual_pubsub/share/visual_pubsub/hook/pythonpath.sh'
[3.604s] Level 1:colcon.colcon_core.environment:checking '/home/fabricio/robotica/P_practico/yerko_supremo/install/visual_pubsub/bin'
[3.604s] Level 1:colcon.colcon_core.environment:create_environment_scripts_only(visual_pubsub)
[3.605s] INFO:colcon.colcon_core.shell:Creating package script '/home/fabricio/robotica/P_practico/yerko_supremo/install/visual_pubsub/share/visual_pubsub/package.ps1'
[3.607s] INFO:colcon.colcon_core.shell:Creating package descriptor '/home/fabricio/robotica/P_practico/yerko_supremo/install/visual_pubsub/share/visual_pubsub/package.dsv'
[3.608s] INFO:colcon.colcon_core.shell:Creating package script '/home/fabricio/robotica/P_practico/yerko_supremo/install/visual_pubsub/share/visual_pubsub/package.sh'
[3.610s] INFO:colcon.colcon_core.shell:Creating package script '/home/fabricio/robotica/P_practico/yerko_supremo/install/visual_pubsub/share/visual_pubsub/package.bash'
[3.612s] INFO:colcon.colcon_core.shell:Creating package script '/home/fabricio/robotica/P_practico/yerko_supremo/install/visual_pubsub/share/visual_pubsub/package.zsh'
[3.613s] Level 1:colcon.colcon_core.environment:create_file_with_runtime_dependencies(/home/fabricio/robotica/P_practico/yerko_supremo/install/visual_pubsub/share/colcon-core/packages/visual_pubsub)
[3.614s] DEBUG:colcon.colcon_parallel_executor.executor.parallel:closing loop
[3.615s] DEBUG:colcon.colcon_parallel_executor.executor.parallel:loop closed
[3.615s] DEBUG:colcon.colcon_parallel_executor.executor.parallel:run_until_complete finished with '0'
[3.615s] DEBUG:colcon.colcon_core.event_reactor:joining thread
[3.629s] INFO:colcon.colcon_core.plugin_system:Skipping extension 'colcon_notification.desktop_notification.terminal_notifier': Not used on non-Darwin systems
[3.630s] INFO:colcon.colcon_core.plugin_system:Skipping extension 'colcon_notification.desktop_notification.win32': Not used on non-Windows systems
[3.630s] INFO:colcon.colcon_notification.desktop_notification:Sending desktop notification using 'notify2'
[3.662s] DEBUG:colcon.colcon_core.event_reactor:joined thread
[3.663s] INFO:colcon.colcon_core.shell:Creating prefix script '/home/fabricio/robotica/P_practico/yerko_supremo/install/local_setup.ps1'
[3.666s] INFO:colcon.colcon_core.shell:Creating prefix util module '/home/fabricio/robotica/P_practico/yerko_supremo/install/_local_setup_util_ps1.py'
[3.671s] INFO:colcon.colcon_core.shell:Creating prefix chain script '/home/fabricio/robotica/P_practico/yerko_supremo/install/setup.ps1'
[3.674s] INFO:colcon.colcon_core.shell:Creating prefix script '/home/fabricio/robotica/P_practico/yerko_supremo/install/local_setup.sh'
[3.676s] INFO:colcon.colcon_core.shell:Creating prefix util module '/home/fabricio/robotica/P_practico/yerko_supremo/install/_local_setup_util_sh.py'
[3.678s] INFO:colcon.colcon_core.shell:Creating prefix chain script '/home/fabricio/robotica/P_practico/yerko_supremo/install/setup.sh'
[3.682s] INFO:colcon.colcon_core.shell:Creating prefix script '/home/fabricio/robotica/P_practico/yerko_supremo/install/local_setup.bash'
[3.685s] INFO:colcon.colcon_core.shell:Creating prefix chain script '/home/fabricio/robotica/P_practico/yerko_supremo/install/setup.bash'
[3.688s] INFO:colcon.colcon_core.shell:Creating prefix script '/home/fabricio/robotica/P_practico/yerko_supremo/install/local_setup.zsh'
[3.690s] INFO:colcon.colcon_core.shell:Creating prefix chain script '/home/fabricio/robotica/P_practico/yerko_supremo/install/setup.zsh'
