[0.037s] Invoking command in '/home/fabricio/robotica/P_practico/yerko_pulgarcito/build/robot_description': CMAKE_PREFIX_PATH=${CMAKE_PREFIX_PATH}:/home/fabricio/robotica/yerko_supremo/install/visual_pubsub:/home/fabricio/robotica/P_practico/yerko_pulgarcito/install/visual_pubsub:/home/fabricio/robotica/P_practico/yerko_supremo/install/visual_pubsub:/opt/ros/humble /usr/bin/cmake /home/fabricio/robotica/P_practico/yerko_pulgarcito/src/ros2_tutorials/robot_description -DCMAKE_INSTALL_PREFIX=/home/fabricio/robotica/P_practico/yerko_pulgarcito/install/robot_description
[0.157s] -- The C compiler identification is GNU 11.4.0
[0.280s] -- The CXX compiler identification is GNU 11.4.0
[0.293s] -- Detecting C compiler ABI info
[0.438s] -- Detecting C compiler ABI info - done
[0.459s] -- Check for working C compiler: /usr/bin/cc - skipped
[0.460s] -- Detecting C compile features
[0.460s] -- Detecting C compile features - done
[0.467s] -- Detecting CXX compiler ABI info
[0.631s] -- Detecting CXX compiler ABI info - done
[0.649s] -- Check for working CXX compiler: /usr/bin/c++ - skipped
[0.649s] -- Detecting CXX compile features
[0.650s] -- Detecting CXX compile features - done
[0.655s] -- Found ament_cmake: 1.3.12 (/opt/ros/humble/share/ament_cmake/cmake)
[1.039s] -- Found Python3: /usr/bin/python3 (found version "3.10.12") found components: Interpreter 
[1.266s] -- Found ament_lint_auto: 0.12.14 (/opt/ros/humble/share/ament_lint_auto/cmake)
[1.479s] -- Added test 'flake8' to check Python code syntax and style conventions
[1.481s] -- Added test 'lint_cmake' to check CMake code style
[1.483s] -- Added test 'pep257' to check Python code against some of the docstring style conventions in PEP 257
[1.486s] -- Added test 'xmllint' to check XML markup files
[1.489s] -- Configuring done
[1.494s] -- Generating done
[1.503s] -- Build files have been written to: /home/fabricio/robotica/P_practico/yerko_pulgarcito/build/robot_description
[1.509s] Invoked command in '/home/fabricio/robotica/P_practico/yerko_pulgarcito/build/robot_description' returned '0': CMAKE_PREFIX_PATH=${CMAKE_PREFIX_PATH}:/home/fabricio/robotica/yerko_supremo/install/visual_pubsub:/home/fabricio/robotica/P_practico/yerko_pulgarcito/install/visual_pubsub:/home/fabricio/robotica/P_practico/yerko_supremo/install/visual_pubsub:/opt/ros/humble /usr/bin/cmake /home/fabricio/robotica/P_practico/yerko_pulgarcito/src/ros2_tutorials/robot_description -DCMAKE_INSTALL_PREFIX=/home/fabricio/robotica/P_practico/yerko_pulgarcito/install/robot_description
[1.513s] Invoking command in '/home/fabricio/robotica/P_practico/yerko_pulgarcito/build/robot_description': CMAKE_PREFIX_PATH=${CMAKE_PREFIX_PATH}:/home/fabricio/robotica/yerko_supremo/install/visual_pubsub:/home/fabricio/robotica/P_practico/yerko_pulgarcito/install/visual_pubsub:/home/fabricio/robotica/P_practico/yerko_supremo/install/visual_pubsub:/opt/ros/humble /usr/bin/cmake --build /home/fabricio/robotica/P_practico/yerko_pulgarcito/build/robot_description -- -j4 -l4
[1.625s] Invoked command in '/home/fabricio/robotica/P_practico/yerko_pulgarcito/build/robot_description' returned '0': CMAKE_PREFIX_PATH=${CMAKE_PREFIX_PATH}:/home/fabricio/robotica/yerko_supremo/install/visual_pubsub:/home/fabricio/robotica/P_practico/yerko_pulgarcito/install/visual_pubsub:/home/fabricio/robotica/P_practico/yerko_supremo/install/visual_pubsub:/opt/ros/humble /usr/bin/cmake --build /home/fabricio/robotica/P_practico/yerko_pulgarcito/build/robot_description -- -j4 -l4
[1.647s] Invoking command in '/home/fabricio/robotica/P_practico/yerko_pulgarcito/build/robot_description': CMAKE_PREFIX_PATH=${CMAKE_PREFIX_PATH}:/home/fabricio/robotica/yerko_supremo/install/visual_pubsub:/home/fabricio/robotica/P_practico/yerko_pulgarcito/install/visual_pubsub:/home/fabricio/robotica/P_practico/yerko_supremo/install/visual_pubsub:/opt/ros/humble /usr/bin/cmake --install /home/fabricio/robotica/P_practico/yerko_pulgarcito/build/robot_description
[1.661s] -- Install configuration: ""
[1.661s] -- Installing: /home/fabricio/robotica/P_practico/yerko_pulgarcito/install/robot_description/share/robot_description/launch
[1.662s] -- Installing: /home/fabricio/robotica/P_practico/yerko_pulgarcito/install/robot_description/share/robot_description/launch/view_robot.launch.py
[1.662s] -- Installing: /home/fabricio/robotica/P_practico/yerko_pulgarcito/install/robot_description/share/robot_description/urdf
[1.663s] -- Installing: /home/fabricio/robotica/P_practico/yerko_pulgarcito/install/robot_description/share/robot_description/urdf/multipleshapes.pdf
[1.663s] -- Installing: /home/fabricio/robotica/P_practico/yerko_pulgarcito/install/robot_description/share/robot_description/urdf/pulgar.urdf
[1.663s] -- Installing: /home/fabricio/robotica/P_practico/yerko_pulgarcito/install/robot_description/share/robot_description/rviz
[1.663s] -- Installing: /home/fabricio/robotica/P_practico/yerko_pulgarcito/install/robot_description/share/robot_description/rviz/urdf.rviz
[1.663s] -- Installing: /home/fabricio/robotica/P_practico/yerko_pulgarcito/install/robot_description/share/robot_description/meshes
[1.664s] -- Installing: /home/fabricio/robotica/P_practico/yerko_pulgarcito/install/robot_description/share/robot_description/meshes/visual
[1.664s] -- Installing: /home/fabricio/robotica/P_practico/yerko_pulgarcito/install/robot_description/share/robot_description/meshes/visual/link7.dae
[1.665s] -- Installing: /home/fabricio/robotica/P_practico/yerko_pulgarcito/install/robot_description/share/robot_description/meshes/visual/link0.dae
[1.669s] -- Installing: /home/fabricio/robotica/P_practico/yerko_pulgarcito/install/robot_description/share/robot_description/meshes/visual/link4.dae
[1.671s] -- Installing: /home/fabricio/robotica/P_practico/yerko_pulgarcito/install/robot_description/share/robot_description/meshes/visual/link6.dae
[1.675s] -- Installing: /home/fabricio/robotica/P_practico/yerko_pulgarcito/install/robot_description/share/robot_description/meshes/visual/link3.dae
[1.677s] -- Installing: /home/fabricio/robotica/P_practico/yerko_pulgarcito/install/robot_description/share/robot_description/meshes/visual/link5.dae
[1.681s] -- Installing: /home/fabricio/robotica/P_practico/yerko_pulgarcito/install/robot_description/share/robot_description/meshes/visual/link1.dae
[1.683s] -- Installing: /home/fabricio/robotica/P_practico/yerko_pulgarcito/install/robot_description/share/robot_description/meshes/visual/finger.dae
[1.683s] -- Installing: /home/fabricio/robotica/P_practico/yerko_pulgarcito/install/robot_description/share/robot_description/meshes/visual/link2.dae
[1.685s] -- Installing: /home/fabricio/robotica/P_practico/yerko_pulgarcito/install/robot_description/share/robot_description/meshes/visual/hand.dae
[1.687s] -- Installing: /home/fabricio/robotica/P_practico/yerko_pulgarcito/install/robot_description/share/robot_description/meshes/collision
[1.687s] -- Installing: /home/fabricio/robotica/P_practico/yerko_pulgarcito/install/robot_description/share/robot_description/meshes/collision/link7.obj
[1.688s] -- Installing: /home/fabricio/robotica/P_practico/yerko_pulgarcito/install/robot_description/share/robot_description/meshes/collision/link1.obj
[1.688s] -- Installing: /home/fabricio/robotica/P_practico/yerko_pulgarcito/install/robot_description/share/robot_description/meshes/collision/link4.obj
[1.688s] -- Installing: /home/fabricio/robotica/P_practico/yerko_pulgarcito/install/robot_description/share/robot_description/meshes/collision/link2.obj
[1.689s] -- Installing: /home/fabricio/robotica/P_practico/yerko_pulgarcito/install/robot_description/share/robot_description/meshes/collision/hand.obj
[1.689s] -- Installing: /home/fabricio/robotica/P_practico/yerko_pulgarcito/install/robot_description/share/robot_description/meshes/collision/link6.obj
[1.698s] -- Installing: /home/fabricio/robotica/P_practico/yerko_pulgarcito/install/robot_description/share/robot_description/meshes/collision/link3.obj
[1.699s] -- Installing: /home/fabricio/robotica/P_practico/yerko_pulgarcito/install/robot_description/share/robot_description/meshes/collision/finger.obj
[1.699s] -- Installing: /home/fabricio/robotica/P_practico/yerko_pulgarcito/install/robot_description/share/robot_description/meshes/collision/link0.obj
[1.699s] -- Installing: /home/fabricio/robotica/P_practico/yerko_pulgarcito/install/robot_description/share/robot_description/meshes/collision/link5.obj
[1.700s] -- Installing: /home/fabricio/robotica/P_practico/yerko_pulgarcito/install/robot_description/share/ament_index/resource_index/package_run_dependencies/robot_description
[1.700s] -- Installing: /home/fabricio/robotica/P_practico/yerko_pulgarcito/install/robot_description/share/ament_index/resource_index/parent_prefix_path/robot_description
[1.701s] -- Installing: /home/fabricio/robotica/P_practico/yerko_pulgarcito/install/robot_description/share/robot_description/environment/ament_prefix_path.sh
[1.701s] -- Installing: /home/fabricio/robotica/P_practico/yerko_pulgarcito/install/robot_description/share/robot_description/environment/ament_prefix_path.dsv
[1.701s] -- Installing: /home/fabricio/robotica/P_practico/yerko_pulgarcito/install/robot_description/share/robot_description/environment/path.sh
[1.702s] -- Installing: /home/fabricio/robotica/P_practico/yerko_pulgarcito/install/robot_description/share/robot_description/environment/path.dsv
[1.702s] -- Installing: /home/fabricio/robotica/P_practico/yerko_pulgarcito/install/robot_description/share/robot_description/local_setup.bash
[1.702s] -- Installing: /home/fabricio/robotica/P_practico/yerko_pulgarcito/install/robot_description/share/robot_description/local_setup.sh
[1.703s] -- Installing: /home/fabricio/robotica/P_practico/yerko_pulgarcito/install/robot_description/share/robot_description/local_setup.zsh
[1.703s] -- Installing: /home/fabricio/robotica/P_practico/yerko_pulgarcito/install/robot_description/share/robot_description/local_setup.dsv
[1.703s] -- Installing: /home/fabricio/robotica/P_practico/yerko_pulgarcito/install/robot_description/share/robot_description/package.dsv
[1.704s] -- Installing: /home/fabricio/robotica/P_practico/yerko_pulgarcito/install/robot_description/share/ament_index/resource_index/packages/robot_description
[1.704s] -- Installing: /home/fabricio/robotica/P_practico/yerko_pulgarcito/install/robot_description/share/robot_description/cmake/robot_descriptionConfig.cmake
[1.705s] -- Installing: /home/fabricio/robotica/P_practico/yerko_pulgarcito/install/robot_description/share/robot_description/cmake/robot_descriptionConfig-version.cmake
[1.706s] -- Installing: /home/fabricio/robotica/P_practico/yerko_pulgarcito/install/robot_description/share/robot_description/package.xml
[1.711s] Invoked command in '/home/fabricio/robotica/P_practico/yerko_pulgarcito/build/robot_description' returned '0': CMAKE_PREFIX_PATH=${CMAKE_PREFIX_PATH}:/home/fabricio/robotica/yerko_supremo/install/visual_pubsub:/home/fabricio/robotica/P_practico/yerko_pulgarcito/install/visual_pubsub:/home/fabricio/robotica/P_practico/yerko_supremo/install/visual_pubsub:/opt/ros/humble /usr/bin/cmake --install /home/fabricio/robotica/P_practico/yerko_pulgarcito/build/robot_description
