/home/fabricio/robotica/P_practico/yerko_supremo/install/visual_pubsub/lib/python3.10/site-packages/visual_pubsub/cinematica_inversa.py
/home/fabricio/robotica/P_practico/yerko_supremo/install/visual_pubsub/lib/python3.10/site-packages/visual_pubsub/sub_joints.py
/home/fabricio/robotica/P_practico/yerko_supremo/install/visual_pubsub/lib/python3.10/site-packages/visual_pubsub/__init__.py
/home/fabricio/robotica/P_practico/yerko_supremo/install/visual_pubsub/lib/python3.10/site-packages/visual_pubsub/pub_joints.py
/home/fabricio/robotica/P_practico/yerko_supremo/install/visual_pubsub/lib/python3.10/site-packages/visual_pubsub/__pycache__/cinematica_inversa.cpython-310.pyc
/home/fabricio/robotica/P_practico/yerko_supremo/install/visual_pubsub/lib/python3.10/site-packages/visual_pubsub/__pycache__/sub_joints.cpython-310.pyc
/home/fabricio/robotica/P_practico/yerko_supremo/install/visual_pubsub/lib/python3.10/site-packages/visual_pubsub/__pycache__/__init__.cpython-310.pyc
/home/fabricio/robotica/P_practico/yerko_supremo/install/visual_pubsub/lib/python3.10/site-packages/visual_pubsub/__pycache__/pub_joints.cpython-310.pyc
/home/fabricio/robotica/P_practico/yerko_supremo/install/visual_pubsub/share/ament_index/resource_index/packages/visual_pubsub
/home/fabricio/robotica/P_practico/yerko_supremo/install/visual_pubsub/share/visual_pubsub/package.xml
/home/fabricio/robotica/P_practico/yerko_supremo/install/visual_pubsub/lib/python3.10/site-packages/visual_pubsub-0.0.0-py3.10.egg-info/requires.txt
/home/fabricio/robotica/P_practico/yerko_supremo/install/visual_pubsub/lib/python3.10/site-packages/visual_pubsub-0.0.0-py3.10.egg-info/dependency_links.txt
/home/fabricio/robotica/P_practico/yerko_supremo/install/visual_pubsub/lib/python3.10/site-packages/visual_pubsub-0.0.0-py3.10.egg-info/SOURCES.txt
/home/fabricio/robotica/P_practico/yerko_supremo/install/visual_pubsub/lib/python3.10/site-packages/visual_pubsub-0.0.0-py3.10.egg-info/entry_points.txt
/home/fabricio/robotica/P_practico/yerko_supremo/install/visual_pubsub/lib/python3.10/site-packages/visual_pubsub-0.0.0-py3.10.egg-info/top_level.txt
/home/fabricio/robotica/P_practico/yerko_supremo/install/visual_pubsub/lib/python3.10/site-packages/visual_pubsub-0.0.0-py3.10.egg-info/zip-safe
/home/fabricio/robotica/P_practico/yerko_supremo/install/visual_pubsub/lib/python3.10/site-packages/visual_pubsub-0.0.0-py3.10.egg-info/PKG-INFO
/home/fabricio/robotica/P_practico/yerko_supremo/install/visual_pubsub/lib/visual_pubsub/cinematica_inversa
/home/fabricio/robotica/P_practico/yerko_supremo/install/visual_pubsub/lib/visual_pubsub/pub_joints
/home/fabricio/robotica/P_practico/yerko_supremo/install/visual_pubsub/lib/visual_pubsub/sub_joints
