[0.306s] DEBUG:colcon:Command line arguments: ['/usr/bin/colcon', 'build']
[0.306s] DEBUG:colcon:Parsed command line arguments: Namespace(log_base=None, log_level=None, verb_name='build', build_base='build', install_base='install', merge_install=False, symlink_install=False, test_result_base=None, continue_on_error=False, executor='parallel', parallel_workers=4, event_handlers=None, ignore_user_meta=False, metas=['./colcon.meta'], base_paths=['.'], packages_ignore=None, packages_ignore_regex=None, paths=None, packages_up_to=None, packages_up_to_regex=None, packages_above=None, packages_above_and_dependencies=None, packages_above_depth=None, packages_select_by_dep=None, packages_skip_by_dep=None, packages_skip_up_to=None, packages_select_build_failed=False, packages_skip_build_finished=False, packages_select_test_failures=False, packages_skip_test_passed=False, packages_select=None, packages_skip=None, packages_select_regex=None, packages_skip_regex=None, packages_start=None, packages_end=None, allow_overriding=[], cmake_args=None, cmake_target=None, cmake_target_skip_unavailable=False, cmake_clean_cache=False, cmake_clean_first=False, cmake_force_configure=False, ament_cmake_args=None, catkin_cmake_args=None, catkin_skip_building_tests=False, verb_parser=<colcon_defaults.argument_parser.defaults.DefaultArgumentsDecorator object at 0x75273db2bc40>, verb_extension=<colcon_core.verb.build.BuildVerb object at 0x75273dc109d0>, main=<bound method BuildVerb.main of <colcon_core.verb.build.BuildVerb object at 0x75273dc109d0>>)
[0.764s] Level 1:colcon.colcon_core.package_discovery:discover_packages(colcon_meta) check parameters
[0.765s] Level 1:colcon.colcon_core.package_discovery:discover_packages(recursive) check parameters
[0.765s] Level 1:colcon.colcon_core.package_discovery:discover_packages(ignore) check parameters
[0.765s] Level 1:colcon.colcon_core.package_discovery:discover_packages(path) check parameters
[0.765s] Level 1:colcon.colcon_core.package_discovery:discover_packages(colcon_meta) discover
[0.765s] Level 1:colcon.colcon_core.package_discovery:discover_packages(recursive) discover
[0.765s] INFO:colcon.colcon_core.package_discovery:Crawling recursively for packages in '/home/fabricio/robotica/P_practico/yerko_supremo'
[0.765s] Level 1:colcon.colcon_core.package_identification:_identify(.) by extensions ['ignore', 'ignore_ament_install']
[0.765s] Level 1:colcon.colcon_core.package_identification:_identify(.) by extension 'ignore'
[0.765s] Level 1:colcon.colcon_core.package_identification:_identify(.) by extension 'ignore_ament_install'
[0.766s] Level 1:colcon.colcon_core.package_identification:_identify(.) by extensions ['colcon_pkg']
[0.766s] Level 1:colcon.colcon_core.package_identification:_identify(.) by extension 'colcon_pkg'
[0.766s] Level 1:colcon.colcon_core.package_identification:_identify(.) by extensions ['colcon_meta']
[0.766s] Level 1:colcon.colcon_core.package_identification:_identify(.) by extension 'colcon_meta'
[0.766s] Level 1:colcon.colcon_core.package_identification:_identify(.) by extensions ['ros']
[0.766s] Level 1:colcon.colcon_core.package_identification:_identify(.) by extension 'ros'
[0.796s] Level 1:colcon.colcon_core.package_identification:_identify(.) by extensions ['cmake', 'python']
[0.797s] Level 1:colcon.colcon_core.package_identification:_identify(.) by extension 'cmake'
[0.797s] Level 1:colcon.colcon_core.package_identification:_identify(.) by extension 'python'
[0.797s] Level 1:colcon.colcon_core.package_identification:_identify(.) by extensions ['python_setup_py']
[0.797s] Level 1:colcon.colcon_core.package_identification:_identify(.) by extension 'python_setup_py'
[0.797s] Level 1:colcon.colcon_core.package_identification:_identify(build) by extensions ['ignore', 'ignore_ament_install']
[0.797s] Level 1:colcon.colcon_core.package_identification:_identify(build) by extension 'ignore'
[0.798s] Level 1:colcon.colcon_core.package_identification:_identify(build) ignored
[0.798s] Level 1:colcon.colcon_core.package_identification:_identify(install) by extensions ['ignore', 'ignore_ament_install']
[0.798s] Level 1:colcon.colcon_core.package_identification:_identify(install) by extension 'ignore'
[0.799s] Level 1:colcon.colcon_core.package_identification:_identify(install) ignored
[0.799s] Level 1:colcon.colcon_core.package_identification:_identify(log) by extensions ['ignore', 'ignore_ament_install']
[0.799s] Level 1:colcon.colcon_core.package_identification:_identify(log) by extension 'ignore'
[0.799s] Level 1:colcon.colcon_core.package_identification:_identify(log) ignored
[0.800s] Level 1:colcon.colcon_core.package_identification:_identify(src) by extensions ['ignore', 'ignore_ament_install']
[0.800s] Level 1:colcon.colcon_core.package_identification:_identify(src) by extension 'ignore'
[0.800s] Level 1:colcon.colcon_core.package_identification:_identify(src) by extension 'ignore_ament_install'
[0.800s] Level 1:colcon.colcon_core.package_identification:_identify(src) by extensions ['colcon_pkg']
[0.800s] Level 1:colcon.colcon_core.package_identification:_identify(src) by extension 'colcon_pkg'
[0.801s] Level 1:colcon.colcon_core.package_identification:_identify(src) by extensions ['colcon_meta']
[0.801s] Level 1:colcon.colcon_core.package_identification:_identify(src) by extension 'colcon_meta'
[0.802s] Level 1:colcon.colcon_core.package_identification:_identify(src) by extensions ['ros']
[0.802s] Level 1:colcon.colcon_core.package_identification:_identify(src) by extension 'ros'
[0.803s] Level 1:colcon.colcon_core.package_identification:_identify(src) by extensions ['cmake', 'python']
[0.803s] Level 1:colcon.colcon_core.package_identification:_identify(src) by extension 'cmake'
[0.803s] Level 1:colcon.colcon_core.package_identification:_identify(src) by extension 'python'
[0.803s] Level 1:colcon.colcon_core.package_identification:_identify(src) by extensions ['python_setup_py']
[0.803s] Level 1:colcon.colcon_core.package_identification:_identify(src) by extension 'python_setup_py'
[0.803s] Level 1:colcon.colcon_core.package_identification:_identify(src/ros2_tutorials) by extensions ['ignore', 'ignore_ament_install']
[0.803s] Level 1:colcon.colcon_core.package_identification:_identify(src/ros2_tutorials) by extension 'ignore'
[0.803s] Level 1:colcon.colcon_core.package_identification:_identify(src/ros2_tutorials) by extension 'ignore_ament_install'
[0.803s] Level 1:colcon.colcon_core.package_identification:_identify(src/ros2_tutorials) by extensions ['colcon_pkg']
[0.804s] Level 1:colcon.colcon_core.package_identification:_identify(src/ros2_tutorials) by extension 'colcon_pkg'
[0.804s] Level 1:colcon.colcon_core.package_identification:_identify(src/ros2_tutorials) by extensions ['colcon_meta']
[0.804s] Level 1:colcon.colcon_core.package_identification:_identify(src/ros2_tutorials) by extension 'colcon_meta'
[0.804s] Level 1:colcon.colcon_core.package_identification:_identify(src/ros2_tutorials) by extensions ['ros']
[0.804s] Level 1:colcon.colcon_core.package_identification:_identify(src/ros2_tutorials) by extension 'ros'
[0.804s] Level 1:colcon.colcon_core.package_identification:_identify(src/ros2_tutorials) by extensions ['cmake', 'python']
[0.804s] Level 1:colcon.colcon_core.package_identification:_identify(src/ros2_tutorials) by extension 'cmake'
[0.805s] Level 1:colcon.colcon_core.package_identification:_identify(src/ros2_tutorials) by extension 'python'
[0.805s] Level 1:colcon.colcon_core.package_identification:_identify(src/ros2_tutorials) by extensions ['python_setup_py']
[0.805s] Level 1:colcon.colcon_core.package_identification:_identify(src/ros2_tutorials) by extension 'python_setup_py'
[0.805s] Level 1:colcon.colcon_core.package_identification:_identify(src/ros2_tutorials/robot_description) by extensions ['ignore', 'ignore_ament_install']
[0.806s] Level 1:colcon.colcon_core.package_identification:_identify(src/ros2_tutorials/robot_description) by extension 'ignore'
[0.806s] Level 1:colcon.colcon_core.package_identification:_identify(src/ros2_tutorials/robot_description) by extension 'ignore_ament_install'
[0.806s] Level 1:colcon.colcon_core.package_identification:_identify(src/ros2_tutorials/robot_description) by extensions ['colcon_pkg']
[0.806s] Level 1:colcon.colcon_core.package_identification:_identify(src/ros2_tutorials/robot_description) by extension 'colcon_pkg'
[0.806s] Level 1:colcon.colcon_core.package_identification:_identify(src/ros2_tutorials/robot_description) by extensions ['colcon_meta']
[0.806s] Level 1:colcon.colcon_core.package_identification:_identify(src/ros2_tutorials/robot_description) by extension 'colcon_meta'
[0.806s] Level 1:colcon.colcon_core.package_identification:_identify(src/ros2_tutorials/robot_description) by extensions ['ros']
[0.806s] Level 1:colcon.colcon_core.package_identification:_identify(src/ros2_tutorials/robot_description) by extension 'ros'
[0.812s] DEBUG:colcon.colcon_core.package_identification:Package 'src/ros2_tutorials/robot_description' with type 'ros.ament_cmake' and name 'robot_description'
[0.812s] Level 1:colcon.colcon_core.package_identification:_identify(src/ros2_tutorials/visual_pubsub) by extensions ['ignore', 'ignore_ament_install']
[0.812s] Level 1:colcon.colcon_core.package_identification:_identify(src/ros2_tutorials/visual_pubsub) by extension 'ignore'
[0.812s] Level 1:colcon.colcon_core.package_identification:_identify(src/ros2_tutorials/visual_pubsub) by extension 'ignore_ament_install'
[0.812s] Level 1:colcon.colcon_core.package_identification:_identify(src/ros2_tutorials/visual_pubsub) by extensions ['colcon_pkg']
[0.813s] Level 1:colcon.colcon_core.package_identification:_identify(src/ros2_tutorials/visual_pubsub) by extension 'colcon_pkg'
[0.813s] Level 1:colcon.colcon_core.package_identification:_identify(src/ros2_tutorials/visual_pubsub) by extensions ['colcon_meta']
[0.813s] Level 1:colcon.colcon_core.package_identification:_identify(src/ros2_tutorials/visual_pubsub) by extension 'colcon_meta'
[0.813s] Level 1:colcon.colcon_core.package_identification:_identify(src/ros2_tutorials/visual_pubsub) by extensions ['ros']
[0.813s] Level 1:colcon.colcon_core.package_identification:_identify(src/ros2_tutorials/visual_pubsub) by extension 'ros'
[0.815s] DEBUG:colcon.colcon_core.package_identification:Package 'src/ros2_tutorials/visual_pubsub' with type 'ros.ament_python' and name 'visual_pubsub'
[0.815s] Level 1:colcon.colcon_core.package_discovery:discover_packages(recursive) using defaults
[0.815s] Level 1:colcon.colcon_core.package_discovery:discover_packages(ignore) discover
[0.815s] Level 1:colcon.colcon_core.package_discovery:discover_packages(ignore) using defaults
[0.815s] Level 1:colcon.colcon_core.package_discovery:discover_packages(path) discover
[0.815s] Level 1:colcon.colcon_core.package_discovery:discover_packages(path) using defaults
[0.873s] Level 1:colcon.colcon_core.package_discovery:discover_packages(prefix_path) check parameters
[0.873s] Level 1:colcon.colcon_core.package_discovery:discover_packages(prefix_path) discover
[0.876s] WARNING:colcon.colcon_ros.prefix_path.ament:The path '/home/fabricio/robotica/P_practico/yerko_supremo/install/visual_pubsub' in the environment variable AMENT_PREFIX_PATH doesn't exist
[0.876s] WARNING:colcon.colcon_ros.prefix_path.ament:The path '/home/fabricio/robotica/P_practico/yerko_supremo/install/robot_description' in the environment variable AMENT_PREFIX_PATH doesn't exist
[0.877s] WARNING:colcon.colcon_ros.prefix_path.catkin:The path '/home/fabricio/robotica/P_practico/yerko_supremo/install/robot_description' in the environment variable CMAKE_PREFIX_PATH doesn't exist
[0.880s] DEBUG:colcon.colcon_installed_package_information.package_discovery:Found 0 installed packages in /home/fabricio/robotica/P_practico/yerko_supremo/install
[0.881s] DEBUG:colcon.colcon_installed_package_information.package_discovery:Found 2 installed packages in /home/fabricio/robotica/P_practico/yerko_pulgarcito/install
[0.882s] DEBUG:colcon.colcon_installed_package_information.package_discovery:Found 2 installed packages in /home/fabricio/robotica/yerko_supremo/install
[0.885s] DEBUG:colcon.colcon_installed_package_information.package_discovery:Found 276 installed packages in /opt/ros/humble
[0.926s] Level 1:colcon.colcon_core.package_discovery:discover_packages(prefix_path) using defaults
[1.063s] Level 5:colcon.colcon_core.verb:set package 'robot_description' build argument 'cmake_args' from command line to 'None'
[1.064s] Level 5:colcon.colcon_core.verb:set package 'robot_description' build argument 'cmake_target' from command line to 'None'
[1.064s] Level 5:colcon.colcon_core.verb:set package 'robot_description' build argument 'cmake_target_skip_unavailable' from command line to 'False'
[1.064s] Level 5:colcon.colcon_core.verb:set package 'robot_description' build argument 'cmake_clean_cache' from command line to 'False'
[1.064s] Level 5:colcon.colcon_core.verb:set package 'robot_description' build argument 'cmake_clean_first' from command line to 'False'
[1.064s] Level 5:colcon.colcon_core.verb:set package 'robot_description' build argument 'cmake_force_configure' from command line to 'False'
[1.064s] Level 5:colcon.colcon_core.verb:set package 'robot_description' build argument 'ament_cmake_args' from command line to 'None'
[1.064s] Level 5:colcon.colcon_core.verb:set package 'robot_description' build argument 'catkin_cmake_args' from command line to 'None'
[1.064s] Level 5:colcon.colcon_core.verb:set package 'robot_description' build argument 'catkin_skip_building_tests' from command line to 'False'
[1.064s] DEBUG:colcon.colcon_core.verb:Building package 'robot_description' with the following arguments: {'ament_cmake_args': None, 'build_base': '/home/fabricio/robotica/P_practico/yerko_supremo/build/robot_description', 'catkin_cmake_args': None, 'catkin_skip_building_tests': False, 'cmake_args': None, 'cmake_clean_cache': False, 'cmake_clean_first': False, 'cmake_force_configure': False, 'cmake_target': None, 'cmake_target_skip_unavailable': False, 'install_base': '/home/fabricio/robotica/P_practico/yerko_supremo/install/robot_description', 'merge_install': False, 'path': '/home/fabricio/robotica/P_practico/yerko_supremo/src/ros2_tutorials/robot_description', 'symlink_install': False, 'test_result_base': None}
[1.066s] Level 5:colcon.colcon_core.verb:set package 'visual_pubsub' build argument 'cmake_args' from command line to 'None'
[1.066s] Level 5:colcon.colcon_core.verb:set package 'visual_pubsub' build argument 'cmake_target' from command line to 'None'
[1.066s] Level 5:colcon.colcon_core.verb:set package 'visual_pubsub' build argument 'cmake_target_skip_unavailable' from command line to 'False'
[1.066s] Level 5:colcon.colcon_core.verb:set package 'visual_pubsub' build argument 'cmake_clean_cache' from command line to 'False'
[1.066s] Level 5:colcon.colcon_core.verb:set package 'visual_pubsub' build argument 'cmake_clean_first' from command line to 'False'
[1.066s] Level 5:colcon.colcon_core.verb:set package 'visual_pubsub' build argument 'cmake_force_configure' from command line to 'False'
[1.066s] Level 5:colcon.colcon_core.verb:set package 'visual_pubsub' build argument 'ament_cmake_args' from command line to 'None'
[1.067s] Level 5:colcon.colcon_core.verb:set package 'visual_pubsub' build argument 'catkin_cmake_args' from command line to 'None'
[1.067s] Level 5:colcon.colcon_core.verb:set package 'visual_pubsub' build argument 'catkin_skip_building_tests' from command line to 'False'
[1.067s] DEBUG:colcon.colcon_core.verb:Building package 'visual_pubsub' with the following arguments: {'ament_cmake_args': None, 'build_base': '/home/fabricio/robotica/P_practico/yerko_supremo/build/visual_pubsub', 'catkin_cmake_args': None, 'catkin_skip_building_tests': False, 'cmake_args': None, 'cmake_clean_cache': False, 'cmake_clean_first': False, 'cmake_force_configure': False, 'cmake_target': None, 'cmake_target_skip_unavailable': False, 'install_base': '/home/fabricio/robotica/P_practico/yerko_supremo/install/visual_pubsub', 'merge_install': False, 'path': '/home/fabricio/robotica/P_practico/yerko_supremo/src/ros2_tutorials/visual_pubsub', 'symlink_install': False, 'test_result_base': None}
[1.067s] INFO:colcon.colcon_core.executor:Executing jobs using 'parallel' executor
[1.070s] DEBUG:colcon.colcon_parallel_executor.executor.parallel:run_until_complete
[1.070s] INFO:colcon.colcon_ros.task.ament_cmake.build:Building ROS package in '/home/fabricio/robotica/P_practico/yerko_supremo/src/ros2_tutorials/robot_description' with build type 'ament_cmake'
[1.071s] INFO:colcon.colcon_cmake.task.cmake.build:Building CMake package in '/home/fabricio/robotica/P_practico/yerko_supremo/src/ros2_tutorials/robot_description'
[1.079s] INFO:colcon.colcon_core.plugin_system:Skipping extension 'colcon_core.shell.bat': Not used on non-Windows systems
[1.079s] INFO:colcon.colcon_core.shell:Skip shell extension 'powershell' for command environment: Not usable outside of PowerShell
[1.080s] DEBUG:colcon.colcon_core.shell:Skip shell extension 'dsv' for command environment
[1.102s] INFO:colcon.colcon_ros.task.ament_python.build:Building ROS package in '/home/fabricio/robotica/P_practico/yerko_supremo/src/ros2_tutorials/visual_pubsub' with build type 'ament_python'
[1.103s] Level 1:colcon.colcon_core.shell:create_environment_hook('visual_pubsub', 'ament_prefix_path')
[1.104s] INFO:colcon.colcon_core.shell:Creating environment hook '/home/fabricio/robotica/P_practico/yerko_supremo/install/visual_pubsub/share/visual_pubsub/hook/ament_prefix_path.ps1'
[1.108s] INFO:colcon.colcon_core.shell:Creating environment descriptor '/home/fabricio/robotica/P_practico/yerko_supremo/install/visual_pubsub/share/visual_pubsub/hook/ament_prefix_path.dsv'
[1.111s] INFO:colcon.colcon_core.shell:Creating environment hook '/home/fabricio/robotica/P_practico/yerko_supremo/install/visual_pubsub/share/visual_pubsub/hook/ament_prefix_path.sh'
[1.113s] INFO:colcon.colcon_core.shell:Skip shell extension 'powershell' for command environment: Not usable outside of PowerShell
[1.113s] DEBUG:colcon.colcon_core.shell:Skip shell extension 'dsv' for command environment
[1.152s] DEBUG:colcon.colcon_core.event_handler.log_command:Invoking command in '/home/fabricio/robotica/P_practico/yerko_supremo/build/robot_description': CMAKE_PREFIX_PATH=${CMAKE_PREFIX_PATH}:/home/fabricio/robotica/P_practico/yerko_pulgarcito/install/visual_pubsub:/home/fabricio/robotica/P_practico/yerko_supremo/install/visual_pubsub:/home/fabricio/robotica/yerko_supremo/install/visual_pubsub:/opt/ros/humble /usr/bin/cmake /home/fabricio/robotica/P_practico/yerko_supremo/src/ros2_tutorials/robot_description -DCMAKE_INSTALL_PREFIX=/home/fabricio/robotica/P_practico/yerko_supremo/install/robot_description
[2.361s] INFO:colcon.colcon_core.task.python.build:Building Python package in '/home/fabricio/robotica/P_practico/yerko_supremo/src/ros2_tutorials/visual_pubsub'
[2.361s] INFO:colcon.colcon_core.shell:Skip shell extension 'powershell' for command environment: Not usable outside of PowerShell
[2.362s] DEBUG:colcon.colcon_core.shell:Skip shell extension 'dsv' for command environment
[3.556s] DEBUG:colcon.colcon_core.event_handler.log_command:Invoked command in '/home/fabricio/robotica/P_practico/yerko_supremo/build/robot_description' returned '0': CMAKE_PREFIX_PATH=${CMAKE_PREFIX_PATH}:/home/fabricio/robotica/P_practico/yerko_pulgarcito/install/visual_pubsub:/home/fabricio/robotica/P_practico/yerko_supremo/install/visual_pubsub:/home/fabricio/robotica/yerko_supremo/install/visual_pubsub:/opt/ros/humble /usr/bin/cmake /home/fabricio/robotica/P_practico/yerko_supremo/src/ros2_tutorials/robot_description -DCMAKE_INSTALL_PREFIX=/home/fabricio/robotica/P_practico/yerko_supremo/install/robot_description
[3.571s] DEBUG:colcon.colcon_core.event_handler.log_command:Invoking command in '/home/fabricio/robotica/P_practico/yerko_supremo/build/robot_description': CMAKE_PREFIX_PATH=${CMAKE_PREFIX_PATH}:/home/fabricio/robotica/P_practico/yerko_pulgarcito/install/visual_pubsub:/home/fabricio/robotica/P_practico/yerko_supremo/install/visual_pubsub:/home/fabricio/robotica/yerko_supremo/install/visual_pubsub:/opt/ros/humble /usr/bin/cmake --build /home/fabricio/robotica/P_practico/yerko_supremo/build/robot_description -- -j4 -l4
[3.635s] DEBUG:colcon.colcon_core.event_handler.log_command:Invoking command in '/home/fabricio/robotica/P_practico/yerko_supremo/src/ros2_tutorials/visual_pubsub': PYTHONPATH=/home/fabricio/robotica/P_practico/yerko_supremo/build/visual_pubsub/prefix_override:/usr/lib/python3/dist-packages/colcon_core/task/python/colcon_distutils_commands:/home/fabricio/robotica/P_practico/yerko_supremo/install/visual_pubsub/lib/python3.10/site-packages:${PYTHONPATH} /usr/bin/python3 -W ignore:setup.py install is deprecated -W ignore:easy_install command is deprecated setup.py egg_info --egg-base ../../../build/visual_pubsub build --build-base /home/fabricio/robotica/P_practico/yerko_supremo/build/visual_pubsub/build install --record /home/fabricio/robotica/P_practico/yerko_supremo/build/visual_pubsub/install.log --single-version-externally-managed install_data
[3.699s] DEBUG:colcon.colcon_core.event_handler.log_command:Invoked command in '/home/fabricio/robotica/P_practico/yerko_supremo/build/robot_description' returned '0': CMAKE_PREFIX_PATH=${CMAKE_PREFIX_PATH}:/home/fabricio/robotica/P_practico/yerko_pulgarcito/install/visual_pubsub:/home/fabricio/robotica/P_practico/yerko_supremo/install/visual_pubsub:/home/fabricio/robotica/yerko_supremo/install/visual_pubsub:/opt/ros/humble /usr/bin/cmake --build /home/fabricio/robotica/P_practico/yerko_supremo/build/robot_description -- -j4 -l4
[3.741s] DEBUG:colcon.colcon_core.event_handler.log_command:Invoking command in '/home/fabricio/robotica/P_practico/yerko_supremo/build/robot_description': CMAKE_PREFIX_PATH=${CMAKE_PREFIX_PATH}:/home/fabricio/robotica/P_practico/yerko_pulgarcito/install/visual_pubsub:/home/fabricio/robotica/P_practico/yerko_supremo/install/visual_pubsub:/home/fabricio/robotica/yerko_supremo/install/visual_pubsub:/opt/ros/humble /usr/bin/cmake --install /home/fabricio/robotica/P_practico/yerko_supremo/build/robot_description
[3.870s] Level 1:colcon.colcon_core.environment:create_environment_scripts_only(robot_description)
[3.871s] DEBUG:colcon.colcon_core.event_handler.log_command:Invoked command in '/home/fabricio/robotica/P_practico/yerko_supremo/build/robot_description' returned '0': CMAKE_PREFIX_PATH=${CMAKE_PREFIX_PATH}:/home/fabricio/robotica/P_practico/yerko_pulgarcito/install/visual_pubsub:/home/fabricio/robotica/P_practico/yerko_supremo/install/visual_pubsub:/home/fabricio/robotica/yerko_supremo/install/visual_pubsub:/opt/ros/humble /usr/bin/cmake --install /home/fabricio/robotica/P_practico/yerko_supremo/build/robot_description
[3.883s] Level 1:colcon.colcon_core.environment:checking '/home/fabricio/robotica/P_practico/yerko_supremo/install/robot_description' for CMake module files
[3.885s] Level 1:colcon.colcon_core.environment:checking '/home/fabricio/robotica/P_practico/yerko_supremo/install/robot_description' for CMake config files
[3.886s] Level 1:colcon.colcon_core.shell:create_environment_hook('robot_description', 'cmake_prefix_path')
[3.886s] INFO:colcon.colcon_core.shell:Creating environment hook '/home/fabricio/robotica/P_practico/yerko_supremo/install/robot_description/share/robot_description/hook/cmake_prefix_path.ps1'
[3.889s] INFO:colcon.colcon_core.shell:Creating environment descriptor '/home/fabricio/robotica/P_practico/yerko_supremo/install/robot_description/share/robot_description/hook/cmake_prefix_path.dsv'
[3.890s] INFO:colcon.colcon_core.shell:Creating environment hook '/home/fabricio/robotica/P_practico/yerko_supremo/install/robot_description/share/robot_description/hook/cmake_prefix_path.sh'
[3.893s] Level 1:colcon.colcon_core.environment:checking '/home/fabricio/robotica/P_practico/yerko_supremo/install/robot_description/bin'
[3.893s] Level 1:colcon.colcon_core.environment:checking '/home/fabricio/robotica/P_practico/yerko_supremo/install/robot_description/lib/pkgconfig/robot_description.pc'
[3.894s] Level 1:colcon.colcon_core.environment:checking '/home/fabricio/robotica/P_practico/yerko_supremo/install/robot_description/lib/python3.10/site-packages'
[3.896s] Level 1:colcon.colcon_core.environment:checking '/home/fabricio/robotica/P_practico/yerko_supremo/install/robot_description/bin'
[3.897s] INFO:colcon.colcon_core.shell:Creating package script '/home/fabricio/robotica/P_practico/yerko_supremo/install/robot_description/share/robot_description/package.ps1'
[3.901s] INFO:colcon.colcon_core.shell:Creating package descriptor '/home/fabricio/robotica/P_practico/yerko_supremo/install/robot_description/share/robot_description/package.dsv'
[3.902s] INFO:colcon.colcon_core.shell:Creating package script '/home/fabricio/robotica/P_practico/yerko_supremo/install/robot_description/share/robot_description/package.sh'
[3.905s] INFO:colcon.colcon_core.shell:Creating package script '/home/fabricio/robotica/P_practico/yerko_supremo/install/robot_description/share/robot_description/package.bash'
[3.908s] INFO:colcon.colcon_core.shell:Creating package script '/home/fabricio/robotica/P_practico/yerko_supremo/install/robot_description/share/robot_description/package.zsh'
[3.910s] Level 1:colcon.colcon_core.environment:create_file_with_runtime_dependencies(/home/fabricio/robotica/P_practico/yerko_supremo/install/robot_description/share/colcon-core/packages/robot_description)
[3.918s] Level 1:colcon.colcon_core.environment:create_environment_scripts_only(robot_description)
[3.922s] Level 1:colcon.colcon_core.environment:checking '/home/fabricio/robotica/P_practico/yerko_supremo/install/robot_description' for CMake module files
[3.925s] Level 1:colcon.colcon_core.environment:checking '/home/fabricio/robotica/P_practico/yerko_supremo/install/robot_description' for CMake config files
[3.926s] Level 1:colcon.colcon_core.shell:create_environment_hook('robot_description', 'cmake_prefix_path')
[3.927s] INFO:colcon.colcon_core.shell:Creating environment hook '/home/fabricio/robotica/P_practico/yerko_supremo/install/robot_description/share/robot_description/hook/cmake_prefix_path.ps1'
[3.928s] INFO:colcon.colcon_core.shell:Creating environment descriptor '/home/fabricio/robotica/P_practico/yerko_supremo/install/robot_description/share/robot_description/hook/cmake_prefix_path.dsv'
[3.930s] INFO:colcon.colcon_core.shell:Creating environment hook '/home/fabricio/robotica/P_practico/yerko_supremo/install/robot_description/share/robot_description/hook/cmake_prefix_path.sh'
[3.933s] Level 1:colcon.colcon_core.environment:checking '/home/fabricio/robotica/P_practico/yerko_supremo/install/robot_description/bin'
[3.933s] Level 1:colcon.colcon_core.environment:checking '/home/fabricio/robotica/P_practico/yerko_supremo/install/robot_description/lib/pkgconfig/robot_description.pc'
[3.934s] Level 1:colcon.colcon_core.environment:checking '/home/fabricio/robotica/P_practico/yerko_supremo/install/robot_description/lib/python3.10/site-packages'
[3.935s] Level 1:colcon.colcon_core.environment:checking '/home/fabricio/robotica/P_practico/yerko_supremo/install/robot_description/bin'
[3.936s] INFO:colcon.colcon_core.shell:Creating package script '/home/fabricio/robotica/P_practico/yerko_supremo/install/robot_description/share/robot_description/package.ps1'
[3.942s] INFO:colcon.colcon_core.shell:Creating package descriptor '/home/fabricio/robotica/P_practico/yerko_supremo/install/robot_description/share/robot_description/package.dsv'
[3.946s] INFO:colcon.colcon_core.shell:Creating package script '/home/fabricio/robotica/P_practico/yerko_supremo/install/robot_description/share/robot_description/package.sh'
[3.947s] INFO:colcon.colcon_core.shell:Creating package script '/home/fabricio/robotica/P_practico/yerko_supremo/install/robot_description/share/robot_description/package.bash'
[3.949s] INFO:colcon.colcon_core.shell:Creating package script '/home/fabricio/robotica/P_practico/yerko_supremo/install/robot_description/share/robot_description/package.zsh'
[3.951s] Level 1:colcon.colcon_core.environment:create_file_with_runtime_dependencies(/home/fabricio/robotica/P_practico/yerko_supremo/install/robot_description/share/colcon-core/packages/robot_description)
[4.736s] Level 1:colcon.colcon_core.environment:checking '/home/fabricio/robotica/P_practico/yerko_supremo/install/visual_pubsub' for CMake module files
[4.738s] DEBUG:colcon.colcon_core.event_handler.log_command:Invoked command in '/home/fabricio/robotica/P_practico/yerko_supremo/src/ros2_tutorials/visual_pubsub' returned '0': PYTHONPATH=/home/fabricio/robotica/P_practico/yerko_supremo/build/visual_pubsub/prefix_override:/usr/lib/python3/dist-packages/colcon_core/task/python/colcon_distutils_commands:/home/fabricio/robotica/P_practico/yerko_supremo/install/visual_pubsub/lib/python3.10/site-packages:${PYTHONPATH} /usr/bin/python3 -W ignore:setup.py install is deprecated -W ignore:easy_install command is deprecated setup.py egg_info --egg-base ../../../build/visual_pubsub build --build-base /home/fabricio/robotica/P_practico/yerko_supremo/build/visual_pubsub/build install --record /home/fabricio/robotica/P_practico/yerko_supremo/build/visual_pubsub/install.log --single-version-externally-managed install_data
[4.740s] Level 1:colcon.colcon_core.environment:checking '/home/fabricio/robotica/P_practico/yerko_supremo/install/visual_pubsub' for CMake config files
[4.742s] Level 1:colcon.colcon_core.environment:checking '/home/fabricio/robotica/P_practico/yerko_supremo/install/visual_pubsub/lib'
[4.743s] Level 1:colcon.colcon_core.environment:checking '/home/fabricio/robotica/P_practico/yerko_supremo/install/visual_pubsub/bin'
[4.743s] Level 1:colcon.colcon_core.environment:checking '/home/fabricio/robotica/P_practico/yerko_supremo/install/visual_pubsub/lib/pkgconfig/visual_pubsub.pc'
[4.744s] Level 1:colcon.colcon_core.environment:checking '/home/fabricio/robotica/P_practico/yerko_supremo/install/visual_pubsub/lib/python3.10/site-packages'
[4.744s] Level 1:colcon.colcon_core.shell:create_environment_hook('visual_pubsub', 'pythonpath')
[4.745s] INFO:colcon.colcon_core.shell:Creating environment hook '/home/fabricio/robotica/P_practico/yerko_supremo/install/visual_pubsub/share/visual_pubsub/hook/pythonpath.ps1'
[4.748s] INFO:colcon.colcon_core.shell:Creating environment descriptor '/home/fabricio/robotica/P_practico/yerko_supremo/install/visual_pubsub/share/visual_pubsub/hook/pythonpath.dsv'
[4.752s] INFO:colcon.colcon_core.shell:Creating environment hook '/home/fabricio/robotica/P_practico/yerko_supremo/install/visual_pubsub/share/visual_pubsub/hook/pythonpath.sh'
[4.753s] Level 1:colcon.colcon_core.environment:checking '/home/fabricio/robotica/P_practico/yerko_supremo/install/visual_pubsub/bin'
[4.754s] Level 1:colcon.colcon_core.environment:create_environment_scripts_only(visual_pubsub)
[4.755s] INFO:colcon.colcon_core.shell:Creating package script '/home/fabricio/robotica/P_practico/yerko_supremo/install/visual_pubsub/share/visual_pubsub/package.ps1'
[4.756s] INFO:colcon.colcon_core.shell:Creating package descriptor '/home/fabricio/robotica/P_practico/yerko_supremo/install/visual_pubsub/share/visual_pubsub/package.dsv'
[4.758s] INFO:colcon.colcon_core.shell:Creating package script '/home/fabricio/robotica/P_practico/yerko_supremo/install/visual_pubsub/share/visual_pubsub/package.sh'
[4.759s] INFO:colcon.colcon_core.shell:Creating package script '/home/fabricio/robotica/P_practico/yerko_supremo/install/visual_pubsub/share/visual_pubsub/package.bash'
[4.761s] INFO:colcon.colcon_core.shell:Creating package script '/home/fabricio/robotica/P_practico/yerko_supremo/install/visual_pubsub/share/visual_pubsub/package.zsh'
[4.762s] Level 1:colcon.colcon_core.environment:create_file_with_runtime_dependencies(/home/fabricio/robotica/P_practico/yerko_supremo/install/visual_pubsub/share/colcon-core/packages/visual_pubsub)
[4.764s] DEBUG:colcon.colcon_parallel_executor.executor.parallel:closing loop
[4.764s] DEBUG:colcon.colcon_parallel_executor.executor.parallel:loop closed
[4.764s] DEBUG:colcon.colcon_parallel_executor.executor.parallel:run_until_complete finished with '0'
[4.764s] DEBUG:colcon.colcon_core.event_reactor:joining thread
[4.789s] INFO:colcon.colcon_core.plugin_system:Skipping extension 'colcon_notification.desktop_notification.terminal_notifier': Not used on non-Darwin systems
[4.790s] INFO:colcon.colcon_core.plugin_system:Skipping extension 'colcon_notification.desktop_notification.win32': Not used on non-Windows systems
[4.790s] INFO:colcon.colcon_notification.desktop_notification:Sending desktop notification using 'notify2'
[4.830s] DEBUG:colcon.colcon_core.event_reactor:joined thread
[4.831s] INFO:colcon.colcon_core.shell:Creating prefix script '/home/fabricio/robotica/P_practico/yerko_supremo/install/local_setup.ps1'
[4.833s] INFO:colcon.colcon_core.shell:Creating prefix util module '/home/fabricio/robotica/P_practico/yerko_supremo/install/_local_setup_util_ps1.py'
[4.836s] INFO:colcon.colcon_core.shell:Creating prefix chain script '/home/fabricio/robotica/P_practico/yerko_supremo/install/setup.ps1'
[4.840s] INFO:colcon.colcon_core.shell:Creating prefix script '/home/fabricio/robotica/P_practico/yerko_supremo/install/local_setup.sh'
[4.845s] INFO:colcon.colcon_core.shell:Creating prefix util module '/home/fabricio/robotica/P_practico/yerko_supremo/install/_local_setup_util_sh.py'
[4.849s] INFO:colcon.colcon_core.shell:Creating prefix chain script '/home/fabricio/robotica/P_practico/yerko_supremo/install/setup.sh'
[4.854s] INFO:colcon.colcon_core.shell:Creating prefix script '/home/fabricio/robotica/P_practico/yerko_supremo/install/local_setup.bash'
[4.855s] INFO:colcon.colcon_core.shell:Creating prefix chain script '/home/fabricio/robotica/P_practico/yerko_supremo/install/setup.bash'
[4.861s] INFO:colcon.colcon_core.shell:Creating prefix script '/home/fabricio/robotica/P_practico/yerko_supremo/install/local_setup.zsh'
[4.863s] INFO:colcon.colcon_core.shell:Creating prefix chain script '/home/fabricio/robotica/P_practico/yerko_supremo/install/setup.zsh'
