[2.532s] Invoking command in '/home/fabricio/robotica/P_practico/yerko_supremo/src/ros2_tutorials/visual_pubsub': PYTHONPATH=/home/fabricio/robotica/P_practico/yerko_supremo/build/visual_pubsub/prefix_override:/usr/lib/python3/dist-packages/colcon_core/task/python/colcon_distutils_commands:/home/fabricio/robotica/P_practico/yerko_supremo/install/visual_pubsub/lib/python3.10/site-packages:${PYTHONPATH} /usr/bin/python3 -W ignore:setup.py install is deprecated -W ignore:easy_install command is deprecated setup.py egg_info --egg-base ../../../build/visual_pubsub build --build-base /home/fabricio/robotica/P_practico/yerko_supremo/build/visual_pubsub/build install --record /home/fabricio/robotica/P_practico/yerko_supremo/build/visual_pubsub/install.log --single-version-externally-managed install_data
[3.425s] running egg_info
[3.428s] creating ../../../build/visual_pubsub/visual_pubsub.egg-info
[3.428s] writing ../../../build/visual_pubsub/visual_pubsub.egg-info/PKG-INFO
[3.428s] writing dependency_links to ../../../build/visual_pubsub/visual_pubsub.egg-info/dependency_links.txt
[3.429s] writing entry points to ../../../build/visual_pubsub/visual_pubsub.egg-info/entry_points.txt
[3.429s] writing requirements to ../../../build/visual_pubsub/visual_pubsub.egg-info/requires.txt
[3.429s] writing top-level names to ../../../build/visual_pubsub/visual_pubsub.egg-info/top_level.txt
[3.430s] writing manifest file '../../../build/visual_pubsub/visual_pubsub.egg-info/SOURCES.txt'
[3.434s] reading manifest file '../../../build/visual_pubsub/visual_pubsub.egg-info/SOURCES.txt'
[3.434s] adding license file 'LICENSE'
[3.437s] writing manifest file '../../../build/visual_pubsub/visual_pubsub.egg-info/SOURCES.txt'
[3.437s] running build
[3.437s] running build_py
[3.438s] creating /home/fabricio/robotica/P_practico/yerko_supremo/build/visual_pubsub/build
[3.438s] creating /home/fabricio/robotica/P_practico/yerko_supremo/build/visual_pubsub/build/lib
[3.438s] creating /home/fabricio/robotica/P_practico/yerko_supremo/build/visual_pubsub/build/lib/visual_pubsub
[3.439s] copying visual_pubsub/cinematica_inversa.py -> /home/fabricio/robotica/P_practico/yerko_supremo/build/visual_pubsub/build/lib/visual_pubsub
[3.439s] copying visual_pubsub/sub_joints.py -> /home/fabricio/robotica/P_practico/yerko_supremo/build/visual_pubsub/build/lib/visual_pubsub
[3.439s] copying visual_pubsub/__init__.py -> /home/fabricio/robotica/P_practico/yerko_supremo/build/visual_pubsub/build/lib/visual_pubsub
[3.439s] copying visual_pubsub/pub_joints.py -> /home/fabricio/robotica/P_practico/yerko_supremo/build/visual_pubsub/build/lib/visual_pubsub
[3.440s] running install
[3.440s] running install_lib
[3.442s] creating /home/fabricio/robotica/P_practico/yerko_supremo/install/visual_pubsub/lib/python3.10/site-packages/visual_pubsub
[3.442s] copying /home/fabricio/robotica/P_practico/yerko_supremo/build/visual_pubsub/build/lib/visual_pubsub/cinematica_inversa.py -> /home/fabricio/robotica/P_practico/yerko_supremo/install/visual_pubsub/lib/python3.10/site-packages/visual_pubsub
[3.443s] copying /home/fabricio/robotica/P_practico/yerko_supremo/build/visual_pubsub/build/lib/visual_pubsub/sub_joints.py -> /home/fabricio/robotica/P_practico/yerko_supremo/install/visual_pubsub/lib/python3.10/site-packages/visual_pubsub
[3.443s] copying /home/fabricio/robotica/P_practico/yerko_supremo/build/visual_pubsub/build/lib/visual_pubsub/__init__.py -> /home/fabricio/robotica/P_practico/yerko_supremo/install/visual_pubsub/lib/python3.10/site-packages/visual_pubsub
[3.444s] copying /home/fabricio/robotica/P_practico/yerko_supremo/build/visual_pubsub/build/lib/visual_pubsub/pub_joints.py -> /home/fabricio/robotica/P_practico/yerko_supremo/install/visual_pubsub/lib/python3.10/site-packages/visual_pubsub
[3.450s] byte-compiling /home/fabricio/robotica/P_practico/yerko_supremo/install/visual_pubsub/lib/python3.10/site-packages/visual_pubsub/cinematica_inversa.py to cinematica_inversa.cpython-310.pyc
[3.454s] byte-compiling /home/fabricio/robotica/P_practico/yerko_supremo/install/visual_pubsub/lib/python3.10/site-packages/visual_pubsub/sub_joints.py to sub_joints.cpython-310.pyc
[3.455s] byte-compiling /home/fabricio/robotica/P_practico/yerko_supremo/install/visual_pubsub/lib/python3.10/site-packages/visual_pubsub/__init__.py to __init__.cpython-310.pyc
[3.455s] byte-compiling /home/fabricio/robotica/P_practico/yerko_supremo/install/visual_pubsub/lib/python3.10/site-packages/visual_pubsub/pub_joints.py to pub_joints.cpython-310.pyc
[3.458s] running install_data
[3.459s] creating /home/fabricio/robotica/P_practico/yerko_supremo/install/visual_pubsub/share/ament_index
[3.459s] creating /home/fabricio/robotica/P_practico/yerko_supremo/install/visual_pubsub/share/ament_index/resource_index
[3.459s] creating /home/fabricio/robotica/P_practico/yerko_supremo/install/visual_pubsub/share/ament_index/resource_index/packages
[3.459s] copying resource/visual_pubsub -> /home/fabricio/robotica/P_practico/yerko_supremo/install/visual_pubsub/share/ament_index/resource_index/packages
[3.459s] copying package.xml -> /home/fabricio/robotica/P_practico/yerko_supremo/install/visual_pubsub/share/visual_pubsub
[3.460s] running install_egg_info
[3.462s] Copying ../../../build/visual_pubsub/visual_pubsub.egg-info to /home/fabricio/robotica/P_practico/yerko_supremo/install/visual_pubsub/lib/python3.10/site-packages/visual_pubsub-0.0.0-py3.10.egg-info
[3.464s] running install_scripts
[3.529s] Installing cinematica_inversa script to /home/fabricio/robotica/P_practico/yerko_supremo/install/visual_pubsub/lib/visual_pubsub
[3.529s] Installing pub_joints script to /home/fabricio/robotica/P_practico/yerko_supremo/install/visual_pubsub/lib/visual_pubsub
[3.529s] Installing sub_joints script to /home/fabricio/robotica/P_practico/yerko_supremo/install/visual_pubsub/lib/visual_pubsub
[3.530s] writing list of installed files to '/home/fabricio/robotica/P_practico/yerko_supremo/build/visual_pubsub/install.log'
[3.635s] Invoked command in '/home/fabricio/robotica/P_practico/yerko_supremo/src/ros2_tutorials/visual_pubsub' returned '0': PYTHONPATH=/home/fabricio/robotica/P_practico/yerko_supremo/build/visual_pubsub/prefix_override:/usr/lib/python3/dist-packages/colcon_core/task/python/colcon_distutils_commands:/home/fabricio/robotica/P_practico/yerko_supremo/install/visual_pubsub/lib/python3.10/site-packages:${PYTHONPATH} /usr/bin/python3 -W ignore:setup.py install is deprecated -W ignore:easy_install command is deprecated setup.py egg_info --egg-base ../../../build/visual_pubsub build --build-base /home/fabricio/robotica/P_practico/yerko_supremo/build/visual_pubsub/build install --record /home/fabricio/robotica/P_practico/yerko_supremo/build/visual_pubsub/install.log --single-version-externally-managed install_data
