[1.544s] Invoking command in '/home/fabricio/robotica/P_practico/yerko_pulgarcito/src/ros2_tutorials/visual_pubsub': PYTHONPATH=/home/fabricio/robotica/P_practico/yerko_pulgarcito/build/visual_pubsub/prefix_override:/usr/lib/python3/dist-packages/colcon_core/task/python/colcon_distutils_commands:/home/fabricio/robotica/P_practico/yerko_pulgarcito/install/visual_pubsub/lib/python3.10/site-packages:${PYTHONPATH} /usr/bin/python3 -W ignore:setup.py install is deprecated -W ignore:easy_install command is deprecated setup.py egg_info --egg-base ../../../build/visual_pubsub build --build-base /home/fabricio/robotica/P_practico/yerko_pulgarcito/build/visual_pubsub/build install --record /home/fabricio/robotica/P_practico/yerko_pulgarcito/build/visual_pubsub/install.log --single-version-externally-managed install_data
[2.149s] running egg_info
[2.152s] writing ../../../build/visual_pubsub/visual_pubsub.egg-info/PKG-INFO
[2.153s] writing dependency_links to ../../../build/visual_pubsub/visual_pubsub.egg-info/dependency_links.txt
[2.153s] writing entry points to ../../../build/visual_pubsub/visual_pubsub.egg-info/entry_points.txt
[2.153s] writing requirements to ../../../build/visual_pubsub/visual_pubsub.egg-info/requires.txt
[2.154s] writing top-level names to ../../../build/visual_pubsub/visual_pubsub.egg-info/top_level.txt
[2.158s] reading manifest file '../../../build/visual_pubsub/visual_pubsub.egg-info/SOURCES.txt'
[2.159s] adding license file 'LICENSE'
[2.161s] writing manifest file '../../../build/visual_pubsub/visual_pubsub.egg-info/SOURCES.txt'
[2.162s] running build
[2.162s] running build_py
[2.163s] running install
[2.164s] running install_lib
[2.167s] running install_data
[2.167s] running install_egg_info
[2.172s] removing '/home/fabricio/robotica/P_practico/yerko_pulgarcito/install/visual_pubsub/lib/python3.10/site-packages/visual_pubsub-0.0.0-py3.10.egg-info' (and everything under it)
[2.173s] Copying ../../../build/visual_pubsub/visual_pubsub.egg-info to /home/fabricio/robotica/P_practico/yerko_pulgarcito/install/visual_pubsub/lib/python3.10/site-packages/visual_pubsub-0.0.0-py3.10.egg-info
[2.175s] running install_scripts
[2.226s] Installing inverse_kinematics script to /home/fabricio/robotica/P_practico/yerko_pulgarcito/install/visual_pubsub/lib/visual_pubsub
[2.227s] Installing pub_joints script to /home/fabricio/robotica/P_practico/yerko_pulgarcito/install/visual_pubsub/lib/visual_pubsub
[2.227s] Installing sub_joints script to /home/fabricio/robotica/P_practico/yerko_pulgarcito/install/visual_pubsub/lib/visual_pubsub
[2.228s] writing list of installed files to '/home/fabricio/robotica/P_practico/yerko_pulgarcito/build/visual_pubsub/install.log'
[2.302s] Invoked command in '/home/fabricio/robotica/P_practico/yerko_pulgarcito/src/ros2_tutorials/visual_pubsub' returned '0': PYTHONPATH=/home/fabricio/robotica/P_practico/yerko_pulgarcito/build/visual_pubsub/prefix_override:/usr/lib/python3/dist-packages/colcon_core/task/python/colcon_distutils_commands:/home/fabricio/robotica/P_practico/yerko_pulgarcito/install/visual_pubsub/lib/python3.10/site-packages:${PYTHONPATH} /usr/bin/python3 -W ignore:setup.py install is deprecated -W ignore:easy_install command is deprecated setup.py egg_info --egg-base ../../../build/visual_pubsub build --build-base /home/fabricio/robotica/P_practico/yerko_pulgarcito/build/visual_pubsub/build install --record /home/fabricio/robotica/P_practico/yerko_pulgarcito/build/visual_pubsub/install.log --single-version-externally-managed install_data
