[0.078s] Invoking command in '/home/fabricio/robotica/P_practico/yerko_supremo/build/robot_description': CMAKE_PREFIX_PATH=${CMAKE_PREFIX_PATH}:/home/fabricio/robotica/P_practico/yerko_pulgarcito/install/visual_pubsub:/home/fabricio/robotica/P_practico/yerko_supremo/install/visual_pubsub:/home/fabricio/robotica/yerko_supremo/install/visual_pubsub:/opt/ros/humble /usr/bin/cmake /home/fabricio/robotica/P_practico/yerko_supremo/src/ros2_tutorials/robot_description -DCMAKE_INSTALL_PREFIX=/home/fabricio/robotica/P_practico/yerko_supremo/install/robot_description
[0.356s] -- The C compiler identification is GNU 11.4.0
[0.512s] -- The CXX compiler identification is GNU 11.4.0
[0.537s] -- Detecting C compiler ABI info
[0.783s] -- Detecting C compiler ABI info - done
[0.809s] -- Check for working C compiler: /usr/bin/cc - skipped
[0.811s] -- Detecting C compile features
[0.811s] -- Detecting C compile features - done
[0.830s] -- Detecting CXX compiler ABI info
[1.113s] -- Detecting CXX compiler ABI info - done
[1.145s] -- Check for working CXX compiler: /usr/bin/c++ - skipped
[1.145s] -- Detecting CXX compile features
[1.147s] -- Detecting CXX compile features - done
[1.153s] -- Found ament_cmake: 1.3.12 (/opt/ros/humble/share/ament_cmake/cmake)
[1.745s] -- Found Python3: /usr/bin/python3 (found version "3.10.12") found components: Interpreter 
[2.077s] -- Found ament_lint_auto: 0.12.14 (/opt/ros/humble/share/ament_lint_auto/cmake)
[2.440s] -- Added test 'flake8' to check Python code syntax and style conventions
[2.441s] -- Added test 'lint_cmake' to check CMake code style
[2.441s] -- Added test 'pep257' to check Python code against some of the docstring style conventions in PEP 257
[2.447s] -- Added test 'xmllint' to check XML markup files
[2.448s] -- Configuring done
[2.459s] -- Generating done
[2.468s] -- Build files have been written to: /home/fabricio/robotica/P_practico/yerko_supremo/build/robot_description
[2.482s] Invoked command in '/home/fabricio/robotica/P_practico/yerko_supremo/build/robot_description' returned '0': CMAKE_PREFIX_PATH=${CMAKE_PREFIX_PATH}:/home/fabricio/robotica/P_practico/yerko_pulgarcito/install/visual_pubsub:/home/fabricio/robotica/P_practico/yerko_supremo/install/visual_pubsub:/home/fabricio/robotica/yerko_supremo/install/visual_pubsub:/opt/ros/humble /usr/bin/cmake /home/fabricio/robotica/P_practico/yerko_supremo/src/ros2_tutorials/robot_description -DCMAKE_INSTALL_PREFIX=/home/fabricio/robotica/P_practico/yerko_supremo/install/robot_description
[2.497s] Invoking command in '/home/fabricio/robotica/P_practico/yerko_supremo/build/robot_description': CMAKE_PREFIX_PATH=${CMAKE_PREFIX_PATH}:/home/fabricio/robotica/P_practico/yerko_pulgarcito/install/visual_pubsub:/home/fabricio/robotica/P_practico/yerko_supremo/install/visual_pubsub:/home/fabricio/robotica/yerko_supremo/install/visual_pubsub:/opt/ros/humble /usr/bin/cmake --build /home/fabricio/robotica/P_practico/yerko_supremo/build/robot_description -- -j4 -l4
[2.625s] Invoked command in '/home/fabricio/robotica/P_practico/yerko_supremo/build/robot_description' returned '0': CMAKE_PREFIX_PATH=${CMAKE_PREFIX_PATH}:/home/fabricio/robotica/P_practico/yerko_pulgarcito/install/visual_pubsub:/home/fabricio/robotica/P_practico/yerko_supremo/install/visual_pubsub:/home/fabricio/robotica/yerko_supremo/install/visual_pubsub:/opt/ros/humble /usr/bin/cmake --build /home/fabricio/robotica/P_practico/yerko_supremo/build/robot_description -- -j4 -l4
[2.666s] Invoking command in '/home/fabricio/robotica/P_practico/yerko_supremo/build/robot_description': CMAKE_PREFIX_PATH=${CMAKE_PREFIX_PATH}:/home/fabricio/robotica/P_practico/yerko_pulgarcito/install/visual_pubsub:/home/fabricio/robotica/P_practico/yerko_supremo/install/visual_pubsub:/home/fabricio/robotica/yerko_supremo/install/visual_pubsub:/opt/ros/humble /usr/bin/cmake --install /home/fabricio/robotica/P_practico/yerko_supremo/build/robot_description
[2.691s] -- Install configuration: ""
[2.691s] -- Installing: /home/fabricio/robotica/P_practico/yerko_supremo/install/robot_description/share/robot_description/launch
[2.691s] -- Installing: /home/fabricio/robotica/P_practico/yerko_supremo/install/robot_description/share/robot_description/launch/view_robot.launch.py
[2.691s] -- Installing: /home/fabricio/robotica/P_practico/yerko_supremo/install/robot_description/share/robot_description/urdf
[2.692s] -- Installing: /home/fabricio/robotica/P_practico/yerko_supremo/install/robot_description/share/robot_description/urdf/examen_pulgar.urdf
[2.692s] -- Installing: /home/fabricio/robotica/P_practico/yerko_supremo/install/robot_description/share/robot_description/urdf/indicept1.urdf
[2.696s] -- Installing: /home/fabricio/robotica/P_practico/yerko_supremo/install/robot_description/share/robot_description/rviz
[2.701s] -- Installing: /home/fabricio/robotica/P_practico/yerko_supremo/install/robot_description/share/robot_description/rviz/urdf.rviz
[2.702s] -- Installing: /home/fabricio/robotica/P_practico/yerko_supremo/install/robot_description/share/robot_description/meshes
[2.702s] -- Installing: /home/fabricio/robotica/P_practico/yerko_supremo/install/robot_description/share/robot_description/meshes/visual
[2.702s] -- Installing: /home/fabricio/robotica/P_practico/yerko_supremo/install/robot_description/share/robot_description/meshes/visual/link7.dae
[2.703s] -- Installing: /home/fabricio/robotica/P_practico/yerko_supremo/install/robot_description/share/robot_description/meshes/visual/link0.dae
[2.710s] -- Installing: /home/fabricio/robotica/P_practico/yerko_supremo/install/robot_description/share/robot_description/meshes/visual/link4.dae
[2.713s] -- Installing: /home/fabricio/robotica/P_practico/yerko_supremo/install/robot_description/share/robot_description/meshes/visual/link6.dae
[2.720s] -- Installing: /home/fabricio/robotica/P_practico/yerko_supremo/install/robot_description/share/robot_description/meshes/visual/link3.dae
[2.723s] -- Installing: /home/fabricio/robotica/P_practico/yerko_supremo/install/robot_description/share/robot_description/meshes/visual/link5.dae
[2.731s] -- Installing: /home/fabricio/robotica/P_practico/yerko_supremo/install/robot_description/share/robot_description/meshes/visual/link1.dae
[2.735s] -- Installing: /home/fabricio/robotica/P_practico/yerko_supremo/install/robot_description/share/robot_description/meshes/visual/finger.dae
[2.736s] -- Installing: /home/fabricio/robotica/P_practico/yerko_supremo/install/robot_description/share/robot_description/meshes/visual/link2.dae
[2.737s] -- Installing: /home/fabricio/robotica/P_practico/yerko_supremo/install/robot_description/share/robot_description/meshes/visual/hand.dae
[2.739s] -- Installing: /home/fabricio/robotica/P_practico/yerko_supremo/install/robot_description/share/robot_description/meshes/collision
[2.740s] -- Installing: /home/fabricio/robotica/P_practico/yerko_supremo/install/robot_description/share/robot_description/meshes/collision/link7.obj
[2.749s] -- Installing: /home/fabricio/robotica/P_practico/yerko_supremo/install/robot_description/share/robot_description/meshes/collision/link1.obj
[2.750s] -- Installing: /home/fabricio/robotica/P_practico/yerko_supremo/install/robot_description/share/robot_description/meshes/collision/link4.obj
[2.750s] -- Installing: /home/fabricio/robotica/P_practico/yerko_supremo/install/robot_description/share/robot_description/meshes/collision/link2.obj
[2.750s] -- Installing: /home/fabricio/robotica/P_practico/yerko_supremo/install/robot_description/share/robot_description/meshes/collision/hand.obj
[2.750s] -- Installing: /home/fabricio/robotica/P_practico/yerko_supremo/install/robot_description/share/robot_description/meshes/collision/link6.obj
[2.769s] -- Installing: /home/fabricio/robotica/P_practico/yerko_supremo/install/robot_description/share/robot_description/meshes/collision/link3.obj
[2.769s] -- Installing: /home/fabricio/robotica/P_practico/yerko_supremo/install/robot_description/share/robot_description/meshes/collision/finger.obj
[2.769s] -- Installing: /home/fabricio/robotica/P_practico/yerko_supremo/install/robot_description/share/robot_description/meshes/collision/link0.obj
[2.771s] -- Installing: /home/fabricio/robotica/P_practico/yerko_supremo/install/robot_description/share/robot_description/meshes/collision/link5.obj
[2.771s] -- Installing: /home/fabricio/robotica/P_practico/yerko_supremo/install/robot_description/share/ament_index/resource_index/package_run_dependencies/robot_description
[2.771s] -- Installing: /home/fabricio/robotica/P_practico/yerko_supremo/install/robot_description/share/ament_index/resource_index/parent_prefix_path/robot_description
[2.774s] -- Installing: /home/fabricio/robotica/P_practico/yerko_supremo/install/robot_description/share/robot_description/environment/ament_prefix_path.sh
[2.774s] -- Installing: /home/fabricio/robotica/P_practico/yerko_supremo/install/robot_description/share/robot_description/environment/ament_prefix_path.dsv
[2.778s] -- Installing: /home/fabricio/robotica/P_practico/yerko_supremo/install/robot_description/share/robot_description/environment/path.sh
[2.778s] -- Installing: /home/fabricio/robotica/P_practico/yerko_supremo/install/robot_description/share/robot_description/environment/path.dsv
[2.779s] -- Installing: /home/fabricio/robotica/P_practico/yerko_supremo/install/robot_description/share/robot_description/local_setup.bash
[2.779s] -- Installing: /home/fabricio/robotica/P_practico/yerko_supremo/install/robot_description/share/robot_description/local_setup.sh
[2.781s] -- Installing: /home/fabricio/robotica/P_practico/yerko_supremo/install/robot_description/share/robot_description/local_setup.zsh
[2.781s] -- Installing: /home/fabricio/robotica/P_practico/yerko_supremo/install/robot_description/share/robot_description/local_setup.dsv
[2.781s] -- Installing: /home/fabricio/robotica/P_practico/yerko_supremo/install/robot_description/share/robot_description/package.dsv
[2.784s] -- Installing: /home/fabricio/robotica/P_practico/yerko_supremo/install/robot_description/share/ament_index/resource_index/packages/robot_description
[2.791s] -- Installing: /home/fabricio/robotica/P_practico/yerko_supremo/install/robot_description/share/robot_description/cmake/robot_descriptionConfig.cmake
[2.792s] -- Installing: /home/fabricio/robotica/P_practico/yerko_supremo/install/robot_description/share/robot_description/cmake/robot_descriptionConfig-version.cmake
[2.792s] -- Installing: /home/fabricio/robotica/P_practico/yerko_supremo/install/robot_description/share/robot_description/package.xml
[2.798s] Invoked command in '/home/fabricio/robotica/P_practico/yerko_supremo/build/robot_description' returned '0': CMAKE_PREFIX_PATH=${CMAKE_PREFIX_PATH}:/home/fabricio/robotica/P_practico/yerko_pulgarcito/install/visual_pubsub:/home/fabricio/robotica/P_practico/yerko_supremo/install/visual_pubsub:/home/fabricio/robotica/yerko_supremo/install/visual_pubsub:/opt/ros/humble /usr/bin/cmake --install /home/fabricio/robotica/P_practico/yerko_supremo/build/robot_description
