[0.247s] DEBUG:colcon:Command line arguments: ['/usr/bin/colcon', 'build']
[0.247s] DEBUG:colcon:Parsed command line arguments: Namespace(log_base=None, log_level=None, verb_name='build', build_base='build', install_base='install', merge_install=False, symlink_install=False, test_result_base=None, continue_on_error=False, executor='parallel', parallel_workers=4, event_handlers=None, ignore_user_meta=False, metas=['./colcon.meta'], base_paths=['.'], packages_ignore=None, packages_ignore_regex=None, paths=None, packages_up_to=None, packages_up_to_regex=None, packages_above=None, packages_above_and_dependencies=None, packages_above_depth=None, packages_select_by_dep=None, packages_skip_by_dep=None, packages_skip_up_to=None, packages_select_build_failed=False, packages_skip_build_finished=False, packages_select_test_failures=False, packages_skip_test_passed=False, packages_select=None, packages_skip=None, packages_select_regex=None, packages_skip_regex=None, packages_start=None, packages_end=None, allow_overriding=[], cmake_args=None, cmake_target=None, cmake_target_skip_unavailable=False, cmake_clean_cache=False, cmake_clean_first=False, cmake_force_configure=False, ament_cmake_args=None, catkin_cmake_args=None, catkin_skip_building_tests=False, verb_parser=<colcon_defaults.argument_parser.defaults.DefaultArgumentsDecorator object at 0x782e20cabc40>, verb_extension=<colcon_core.verb.build.BuildVerb object at 0x782e20d8c9d0>, main=<bound method BuildVerb.main of <colcon_core.verb.build.BuildVerb object at 0x782e20d8c9d0>>)
[0.621s] Level 1:colcon.colcon_core.package_discovery:discover_packages(colcon_meta) check parameters
[0.621s] Level 1:colcon.colcon_core.package_discovery:discover_packages(recursive) check parameters
[0.621s] Level 1:colcon.colcon_core.package_discovery:discover_packages(ignore) check parameters
[0.621s] Level 1:colcon.colcon_core.package_discovery:discover_packages(path) check parameters
[0.621s] Level 1:colcon.colcon_core.package_discovery:discover_packages(colcon_meta) discover
[0.621s] Level 1:colcon.colcon_core.package_discovery:discover_packages(recursive) discover
[0.621s] INFO:colcon.colcon_core.package_discovery:Crawling recursively for packages in '/home/fabricio/robotica/P_practico/yerko_pulgarcito'
[0.622s] Level 1:colcon.colcon_core.package_identification:_identify(.) by extensions ['ignore', 'ignore_ament_install']
[0.622s] Level 1:colcon.colcon_core.package_identification:_identify(.) by extension 'ignore'
[0.622s] Level 1:colcon.colcon_core.package_identification:_identify(.) by extension 'ignore_ament_install'
[0.622s] Level 1:colcon.colcon_core.package_identification:_identify(.) by extensions ['colcon_pkg']
[0.622s] Level 1:colcon.colcon_core.package_identification:_identify(.) by extension 'colcon_pkg'
[0.622s] Level 1:colcon.colcon_core.package_identification:_identify(.) by extensions ['colcon_meta']
[0.622s] Level 1:colcon.colcon_core.package_identification:_identify(.) by extension 'colcon_meta'
[0.623s] Level 1:colcon.colcon_core.package_identification:_identify(.) by extensions ['ros']
[0.623s] Level 1:colcon.colcon_core.package_identification:_identify(.) by extension 'ros'
[0.650s] Level 1:colcon.colcon_core.package_identification:_identify(.) by extensions ['cmake', 'python']
[0.650s] Level 1:colcon.colcon_core.package_identification:_identify(.) by extension 'cmake'
[0.650s] Level 1:colcon.colcon_core.package_identification:_identify(.) by extension 'python'
[0.650s] Level 1:colcon.colcon_core.package_identification:_identify(.) by extensions ['python_setup_py']
[0.650s] Level 1:colcon.colcon_core.package_identification:_identify(.) by extension 'python_setup_py'
[0.650s] Level 1:colcon.colcon_core.package_identification:_identify(build) by extensions ['ignore', 'ignore_ament_install']
[0.651s] Level 1:colcon.colcon_core.package_identification:_identify(build) by extension 'ignore'
[0.651s] Level 1:colcon.colcon_core.package_identification:_identify(build) ignored
[0.651s] Level 1:colcon.colcon_core.package_identification:_identify(install) by extensions ['ignore', 'ignore_ament_install']
[0.651s] Level 1:colcon.colcon_core.package_identification:_identify(install) by extension 'ignore'
[0.652s] Level 1:colcon.colcon_core.package_identification:_identify(install) ignored
[0.652s] Level 1:colcon.colcon_core.package_identification:_identify(log) by extensions ['ignore', 'ignore_ament_install']
[0.652s] Level 1:colcon.colcon_core.package_identification:_identify(log) by extension 'ignore'
[0.652s] Level 1:colcon.colcon_core.package_identification:_identify(log) ignored
[0.653s] Level 1:colcon.colcon_core.package_identification:_identify(src) by extensions ['ignore', 'ignore_ament_install']
[0.653s] Level 1:colcon.colcon_core.package_identification:_identify(src) by extension 'ignore'
[0.653s] Level 1:colcon.colcon_core.package_identification:_identify(src) by extension 'ignore_ament_install'
[0.653s] Level 1:colcon.colcon_core.package_identification:_identify(src) by extensions ['colcon_pkg']
[0.653s] Level 1:colcon.colcon_core.package_identification:_identify(src) by extension 'colcon_pkg'
[0.653s] Level 1:colcon.colcon_core.package_identification:_identify(src) by extensions ['colcon_meta']
[0.653s] Level 1:colcon.colcon_core.package_identification:_identify(src) by extension 'colcon_meta'
[0.653s] Level 1:colcon.colcon_core.package_identification:_identify(src) by extensions ['ros']
[0.653s] Level 1:colcon.colcon_core.package_identification:_identify(src) by extension 'ros'
[0.654s] Level 1:colcon.colcon_core.package_identification:_identify(src) by extensions ['cmake', 'python']
[0.654s] Level 1:colcon.colcon_core.package_identification:_identify(src) by extension 'cmake'
[0.654s] Level 1:colcon.colcon_core.package_identification:_identify(src) by extension 'python'
[0.654s] Level 1:colcon.colcon_core.package_identification:_identify(src) by extensions ['python_setup_py']
[0.654s] Level 1:colcon.colcon_core.package_identification:_identify(src) by extension 'python_setup_py'
[0.654s] Level 1:colcon.colcon_core.package_identification:_identify(src/ros2_tutorials) by extensions ['ignore', 'ignore_ament_install']
[0.654s] Level 1:colcon.colcon_core.package_identification:_identify(src/ros2_tutorials) by extension 'ignore'
[0.654s] Level 1:colcon.colcon_core.package_identification:_identify(src/ros2_tutorials) by extension 'ignore_ament_install'
[0.655s] Level 1:colcon.colcon_core.package_identification:_identify(src/ros2_tutorials) by extensions ['colcon_pkg']
[0.655s] Level 1:colcon.colcon_core.package_identification:_identify(src/ros2_tutorials) by extension 'colcon_pkg'
[0.655s] Level 1:colcon.colcon_core.package_identification:_identify(src/ros2_tutorials) by extensions ['colcon_meta']
[0.655s] Level 1:colcon.colcon_core.package_identification:_identify(src/ros2_tutorials) by extension 'colcon_meta'
[0.655s] Level 1:colcon.colcon_core.package_identification:_identify(src/ros2_tutorials) by extensions ['ros']
[0.655s] Level 1:colcon.colcon_core.package_identification:_identify(src/ros2_tutorials) by extension 'ros'
[0.655s] Level 1:colcon.colcon_core.package_identification:_identify(src/ros2_tutorials) by extensions ['cmake', 'python']
[0.655s] Level 1:colcon.colcon_core.package_identification:_identify(src/ros2_tutorials) by extension 'cmake'
[0.655s] Level 1:colcon.colcon_core.package_identification:_identify(src/ros2_tutorials) by extension 'python'
[0.655s] Level 1:colcon.colcon_core.package_identification:_identify(src/ros2_tutorials) by extensions ['python_setup_py']
[0.656s] Level 1:colcon.colcon_core.package_identification:_identify(src/ros2_tutorials) by extension 'python_setup_py'
[0.656s] Level 1:colcon.colcon_core.package_identification:_identify(src/ros2_tutorials/robot_description) by extensions ['ignore', 'ignore_ament_install']
[0.656s] Level 1:colcon.colcon_core.package_identification:_identify(src/ros2_tutorials/robot_description) by extension 'ignore'
[0.656s] Level 1:colcon.colcon_core.package_identification:_identify(src/ros2_tutorials/robot_description) by extension 'ignore_ament_install'
[0.656s] Level 1:colcon.colcon_core.package_identification:_identify(src/ros2_tutorials/robot_description) by extensions ['colcon_pkg']
[0.656s] Level 1:colcon.colcon_core.package_identification:_identify(src/ros2_tutorials/robot_description) by extension 'colcon_pkg'
[0.656s] Level 1:colcon.colcon_core.package_identification:_identify(src/ros2_tutorials/robot_description) by extensions ['colcon_meta']
[0.657s] Level 1:colcon.colcon_core.package_identification:_identify(src/ros2_tutorials/robot_description) by extension 'colcon_meta'
[0.657s] Level 1:colcon.colcon_core.package_identification:_identify(src/ros2_tutorials/robot_description) by extensions ['ros']
[0.657s] Level 1:colcon.colcon_core.package_identification:_identify(src/ros2_tutorials/robot_description) by extension 'ros'
[0.662s] DEBUG:colcon.colcon_core.package_identification:Package 'src/ros2_tutorials/robot_description' with type 'ros.ament_cmake' and name 'robot_description'
[0.662s] Level 1:colcon.colcon_core.package_identification:_identify(src/ros2_tutorials/visual_pubsub) by extensions ['ignore', 'ignore_ament_install']
[0.663s] Level 1:colcon.colcon_core.package_identification:_identify(src/ros2_tutorials/visual_pubsub) by extension 'ignore'
[0.663s] Level 1:colcon.colcon_core.package_identification:_identify(src/ros2_tutorials/visual_pubsub) by extension 'ignore_ament_install'
[0.663s] Level 1:colcon.colcon_core.package_identification:_identify(src/ros2_tutorials/visual_pubsub) by extensions ['colcon_pkg']
[0.663s] Level 1:colcon.colcon_core.package_identification:_identify(src/ros2_tutorials/visual_pubsub) by extension 'colcon_pkg'
[0.663s] Level 1:colcon.colcon_core.package_identification:_identify(src/ros2_tutorials/visual_pubsub) by extensions ['colcon_meta']
[0.663s] Level 1:colcon.colcon_core.package_identification:_identify(src/ros2_tutorials/visual_pubsub) by extension 'colcon_meta'
[0.663s] Level 1:colcon.colcon_core.package_identification:_identify(src/ros2_tutorials/visual_pubsub) by extensions ['ros']
[0.663s] Level 1:colcon.colcon_core.package_identification:_identify(src/ros2_tutorials/visual_pubsub) by extension 'ros'
[0.665s] DEBUG:colcon.colcon_core.package_identification:Package 'src/ros2_tutorials/visual_pubsub' with type 'ros.ament_python' and name 'visual_pubsub'
[0.665s] Level 1:colcon.colcon_core.package_discovery:discover_packages(recursive) using defaults
[0.666s] Level 1:colcon.colcon_core.package_discovery:discover_packages(ignore) discover
[0.666s] Level 1:colcon.colcon_core.package_discovery:discover_packages(ignore) using defaults
[0.666s] Level 1:colcon.colcon_core.package_discovery:discover_packages(path) discover
[0.666s] Level 1:colcon.colcon_core.package_discovery:discover_packages(path) using defaults
[0.713s] Level 1:colcon.colcon_core.package_discovery:discover_packages(prefix_path) check parameters
[0.714s] Level 1:colcon.colcon_core.package_discovery:discover_packages(prefix_path) discover
[0.716s] WARNING:colcon.colcon_ros.prefix_path.ament:The path '/home/fabricio/robotica/P_practico/yerko_pulgarcito/install/visual_pubsub' in the environment variable AMENT_PREFIX_PATH doesn't exist
[0.716s] WARNING:colcon.colcon_ros.prefix_path.ament:The path '/home/fabricio/robotica/P_practico/yerko_pulgarcito/install/robot_description' in the environment variable AMENT_PREFIX_PATH doesn't exist
[0.717s] WARNING:colcon.colcon_ros.prefix_path.catkin:The path '/home/fabricio/robotica/P_practico/yerko_pulgarcito/install/robot_description' in the environment variable CMAKE_PREFIX_PATH doesn't exist
[0.718s] DEBUG:colcon.colcon_installed_package_information.package_discovery:Found 2 installed packages in /home/fabricio/robotica/P_practico/yerko_supremo/install
[0.719s] DEBUG:colcon.colcon_installed_package_information.package_discovery:Found 2 installed packages in /home/fabricio/robotica/yerko_supremo/install
[0.720s] DEBUG:colcon.colcon_installed_package_information.package_discovery:Found 0 installed packages in /home/fabricio/robotica/P_practico/yerko_pulgarcito/install
[0.723s] DEBUG:colcon.colcon_installed_package_information.package_discovery:Found 276 installed packages in /opt/ros/humble
[0.753s] Level 1:colcon.colcon_core.package_discovery:discover_packages(prefix_path) using defaults
[0.838s] Level 5:colcon.colcon_core.verb:set package 'robot_description' build argument 'cmake_args' from command line to 'None'
[0.838s] Level 5:colcon.colcon_core.verb:set package 'robot_description' build argument 'cmake_target' from command line to 'None'
[0.838s] Level 5:colcon.colcon_core.verb:set package 'robot_description' build argument 'cmake_target_skip_unavailable' from command line to 'False'
[0.838s] Level 5:colcon.colcon_core.verb:set package 'robot_description' build argument 'cmake_clean_cache' from command line to 'False'
[0.838s] Level 5:colcon.colcon_core.verb:set package 'robot_description' build argument 'cmake_clean_first' from command line to 'False'
[0.838s] Level 5:colcon.colcon_core.verb:set package 'robot_description' build argument 'cmake_force_configure' from command line to 'False'
[0.839s] Level 5:colcon.colcon_core.verb:set package 'robot_description' build argument 'ament_cmake_args' from command line to 'None'
[0.839s] Level 5:colcon.colcon_core.verb:set package 'robot_description' build argument 'catkin_cmake_args' from command line to 'None'
[0.839s] Level 5:colcon.colcon_core.verb:set package 'robot_description' build argument 'catkin_skip_building_tests' from command line to 'False'
[0.839s] DEBUG:colcon.colcon_core.verb:Building package 'robot_description' with the following arguments: {'ament_cmake_args': None, 'build_base': '/home/fabricio/robotica/P_practico/yerko_pulgarcito/build/robot_description', 'catkin_cmake_args': None, 'catkin_skip_building_tests': False, 'cmake_args': None, 'cmake_clean_cache': False, 'cmake_clean_first': False, 'cmake_force_configure': False, 'cmake_target': None, 'cmake_target_skip_unavailable': False, 'install_base': '/home/fabricio/robotica/P_practico/yerko_pulgarcito/install/robot_description', 'merge_install': False, 'path': '/home/fabricio/robotica/P_practico/yerko_pulgarcito/src/ros2_tutorials/robot_description', 'symlink_install': False, 'test_result_base': None}
[0.840s] Level 5:colcon.colcon_core.verb:set package 'visual_pubsub' build argument 'cmake_args' from command line to 'None'
[0.840s] Level 5:colcon.colcon_core.verb:set package 'visual_pubsub' build argument 'cmake_target' from command line to 'None'
[0.840s] Level 5:colcon.colcon_core.verb:set package 'visual_pubsub' build argument 'cmake_target_skip_unavailable' from command line to 'False'
[0.840s] Level 5:colcon.colcon_core.verb:set package 'visual_pubsub' build argument 'cmake_clean_cache' from command line to 'False'
[0.840s] Level 5:colcon.colcon_core.verb:set package 'visual_pubsub' build argument 'cmake_clean_first' from command line to 'False'
[0.840s] Level 5:colcon.colcon_core.verb:set package 'visual_pubsub' build argument 'cmake_force_configure' from command line to 'False'
[0.840s] Level 5:colcon.colcon_core.verb:set package 'visual_pubsub' build argument 'ament_cmake_args' from command line to 'None'
[0.840s] Level 5:colcon.colcon_core.verb:set package 'visual_pubsub' build argument 'catkin_cmake_args' from command line to 'None'
[0.840s] Level 5:colcon.colcon_core.verb:set package 'visual_pubsub' build argument 'catkin_skip_building_tests' from command line to 'False'
[0.840s] DEBUG:colcon.colcon_core.verb:Building package 'visual_pubsub' with the following arguments: {'ament_cmake_args': None, 'build_base': '/home/fabricio/robotica/P_practico/yerko_pulgarcito/build/visual_pubsub', 'catkin_cmake_args': None, 'catkin_skip_building_tests': False, 'cmake_args': None, 'cmake_clean_cache': False, 'cmake_clean_first': False, 'cmake_force_configure': False, 'cmake_target': None, 'cmake_target_skip_unavailable': False, 'install_base': '/home/fabricio/robotica/P_practico/yerko_pulgarcito/install/visual_pubsub', 'merge_install': False, 'path': '/home/fabricio/robotica/P_practico/yerko_pulgarcito/src/ros2_tutorials/visual_pubsub', 'symlink_install': False, 'test_result_base': None}
[0.841s] INFO:colcon.colcon_core.executor:Executing jobs using 'parallel' executor
[0.843s] DEBUG:colcon.colcon_parallel_executor.executor.parallel:run_until_complete
[0.844s] INFO:colcon.colcon_ros.task.ament_cmake.build:Building ROS package in '/home/fabricio/robotica/P_practico/yerko_pulgarcito/src/ros2_tutorials/robot_description' with build type 'ament_cmake'
[0.844s] INFO:colcon.colcon_cmake.task.cmake.build:Building CMake package in '/home/fabricio/robotica/P_practico/yerko_pulgarcito/src/ros2_tutorials/robot_description'
[0.849s] INFO:colcon.colcon_core.plugin_system:Skipping extension 'colcon_core.shell.bat': Not used on non-Windows systems
[0.849s] INFO:colcon.colcon_core.shell:Skip shell extension 'powershell' for command environment: Not usable outside of PowerShell
[0.849s] DEBUG:colcon.colcon_core.shell:Skip shell extension 'dsv' for command environment
[0.859s] INFO:colcon.colcon_ros.task.ament_python.build:Building ROS package in '/home/fabricio/robotica/P_practico/yerko_pulgarcito/src/ros2_tutorials/visual_pubsub' with build type 'ament_python'
[0.860s] Level 1:colcon.colcon_core.shell:create_environment_hook('visual_pubsub', 'ament_prefix_path')
[0.861s] INFO:colcon.colcon_core.shell:Creating environment hook '/home/fabricio/robotica/P_practico/yerko_pulgarcito/install/visual_pubsub/share/visual_pubsub/hook/ament_prefix_path.ps1'
[0.863s] INFO:colcon.colcon_core.shell:Creating environment descriptor '/home/fabricio/robotica/P_practico/yerko_pulgarcito/install/visual_pubsub/share/visual_pubsub/hook/ament_prefix_path.dsv'
[0.864s] INFO:colcon.colcon_core.shell:Creating environment hook '/home/fabricio/robotica/P_practico/yerko_pulgarcito/install/visual_pubsub/share/visual_pubsub/hook/ament_prefix_path.sh'
[0.867s] INFO:colcon.colcon_core.shell:Skip shell extension 'powershell' for command environment: Not usable outside of PowerShell
[0.867s] DEBUG:colcon.colcon_core.shell:Skip shell extension 'dsv' for command environment
[0.882s] DEBUG:colcon.colcon_core.event_handler.log_command:Invoking command in '/home/fabricio/robotica/P_practico/yerko_pulgarcito/build/robot_description': CMAKE_PREFIX_PATH=${CMAKE_PREFIX_PATH}:/home/fabricio/robotica/yerko_supremo/install/visual_pubsub:/home/fabricio/robotica/P_practico/yerko_pulgarcito/install/visual_pubsub:/home/fabricio/robotica/P_practico/yerko_supremo/install/visual_pubsub:/opt/ros/humble /usr/bin/cmake /home/fabricio/robotica/P_practico/yerko_pulgarcito/src/ros2_tutorials/robot_description -DCMAKE_INSTALL_PREFIX=/home/fabricio/robotica/P_practico/yerko_pulgarcito/install/robot_description
[1.532s] INFO:colcon.colcon_core.task.python.build:Building Python package in '/home/fabricio/robotica/P_practico/yerko_pulgarcito/src/ros2_tutorials/visual_pubsub'
[1.533s] INFO:colcon.colcon_core.shell:Skip shell extension 'powershell' for command environment: Not usable outside of PowerShell
[1.533s] DEBUG:colcon.colcon_core.shell:Skip shell extension 'dsv' for command environment
[2.347s] DEBUG:colcon.colcon_core.event_handler.log_command:Invoking command in '/home/fabricio/robotica/P_practico/yerko_pulgarcito/src/ros2_tutorials/visual_pubsub': PYTHONPATH=/home/fabricio/robotica/P_practico/yerko_pulgarcito/build/visual_pubsub/prefix_override:/usr/lib/python3/dist-packages/colcon_core/task/python/colcon_distutils_commands:/home/fabricio/robotica/P_practico/yerko_pulgarcito/install/visual_pubsub/lib/python3.10/site-packages:${PYTHONPATH} /usr/bin/python3 -W ignore:setup.py install is deprecated -W ignore:easy_install command is deprecated setup.py egg_info --egg-base ../../../build/visual_pubsub build --build-base /home/fabricio/robotica/P_practico/yerko_pulgarcito/build/visual_pubsub/build install --record /home/fabricio/robotica/P_practico/yerko_pulgarcito/build/visual_pubsub/install.log --single-version-externally-managed install_data
[2.354s] DEBUG:colcon.colcon_core.event_handler.log_command:Invoked command in '/home/fabricio/robotica/P_practico/yerko_pulgarcito/build/robot_description' returned '0': CMAKE_PREFIX_PATH=${CMAKE_PREFIX_PATH}:/home/fabricio/robotica/yerko_supremo/install/visual_pubsub:/home/fabricio/robotica/P_practico/yerko_pulgarcito/install/visual_pubsub:/home/fabricio/robotica/P_practico/yerko_supremo/install/visual_pubsub:/opt/ros/humble /usr/bin/cmake /home/fabricio/robotica/P_practico/yerko_pulgarcito/src/ros2_tutorials/robot_description -DCMAKE_INSTALL_PREFIX=/home/fabricio/robotica/P_practico/yerko_pulgarcito/install/robot_description
[2.358s] DEBUG:colcon.colcon_core.event_handler.log_command:Invoking command in '/home/fabricio/robotica/P_practico/yerko_pulgarcito/build/robot_description': CMAKE_PREFIX_PATH=${CMAKE_PREFIX_PATH}:/home/fabricio/robotica/yerko_supremo/install/visual_pubsub:/home/fabricio/robotica/P_practico/yerko_pulgarcito/install/visual_pubsub:/home/fabricio/robotica/P_practico/yerko_supremo/install/visual_pubsub:/opt/ros/humble /usr/bin/cmake --build /home/fabricio/robotica/P_practico/yerko_pulgarcito/build/robot_description -- -j4 -l4
[2.470s] DEBUG:colcon.colcon_core.event_handler.log_command:Invoked command in '/home/fabricio/robotica/P_practico/yerko_pulgarcito/build/robot_description' returned '0': CMAKE_PREFIX_PATH=${CMAKE_PREFIX_PATH}:/home/fabricio/robotica/yerko_supremo/install/visual_pubsub:/home/fabricio/robotica/P_practico/yerko_pulgarcito/install/visual_pubsub:/home/fabricio/robotica/P_practico/yerko_supremo/install/visual_pubsub:/opt/ros/humble /usr/bin/cmake --build /home/fabricio/robotica/P_practico/yerko_pulgarcito/build/robot_description -- -j4 -l4
[2.493s] DEBUG:colcon.colcon_core.event_handler.log_command:Invoking command in '/home/fabricio/robotica/P_practico/yerko_pulgarcito/build/robot_description': CMAKE_PREFIX_PATH=${CMAKE_PREFIX_PATH}:/home/fabricio/robotica/yerko_supremo/install/visual_pubsub:/home/fabricio/robotica/P_practico/yerko_pulgarcito/install/visual_pubsub:/home/fabricio/robotica/P_practico/yerko_supremo/install/visual_pubsub:/opt/ros/humble /usr/bin/cmake --install /home/fabricio/robotica/P_practico/yerko_pulgarcito/build/robot_description
[2.554s] Level 1:colcon.colcon_core.environment:create_environment_scripts_only(robot_description)
[2.556s] DEBUG:colcon.colcon_core.event_handler.log_command:Invoked command in '/home/fabricio/robotica/P_practico/yerko_pulgarcito/build/robot_description' returned '0': CMAKE_PREFIX_PATH=${CMAKE_PREFIX_PATH}:/home/fabricio/robotica/yerko_supremo/install/visual_pubsub:/home/fabricio/robotica/P_practico/yerko_pulgarcito/install/visual_pubsub:/home/fabricio/robotica/P_practico/yerko_supremo/install/visual_pubsub:/opt/ros/humble /usr/bin/cmake --install /home/fabricio/robotica/P_practico/yerko_pulgarcito/build/robot_description
[2.562s] Level 1:colcon.colcon_core.environment:checking '/home/fabricio/robotica/P_practico/yerko_pulgarcito/install/robot_description' for CMake module files
[2.563s] Level 1:colcon.colcon_core.environment:checking '/home/fabricio/robotica/P_practico/yerko_pulgarcito/install/robot_description' for CMake config files
[2.563s] Level 1:colcon.colcon_core.shell:create_environment_hook('robot_description', 'cmake_prefix_path')
[2.564s] INFO:colcon.colcon_core.shell:Creating environment hook '/home/fabricio/robotica/P_practico/yerko_pulgarcito/install/robot_description/share/robot_description/hook/cmake_prefix_path.ps1'
[2.565s] INFO:colcon.colcon_core.shell:Creating environment descriptor '/home/fabricio/robotica/P_practico/yerko_pulgarcito/install/robot_description/share/robot_description/hook/cmake_prefix_path.dsv'
[2.566s] INFO:colcon.colcon_core.shell:Creating environment hook '/home/fabricio/robotica/P_practico/yerko_pulgarcito/install/robot_description/share/robot_description/hook/cmake_prefix_path.sh'
[2.567s] Level 1:colcon.colcon_core.environment:checking '/home/fabricio/robotica/P_practico/yerko_pulgarcito/install/robot_description/bin'
[2.568s] Level 1:colcon.colcon_core.environment:checking '/home/fabricio/robotica/P_practico/yerko_pulgarcito/install/robot_description/lib/pkgconfig/robot_description.pc'
[2.568s] Level 1:colcon.colcon_core.environment:checking '/home/fabricio/robotica/P_practico/yerko_pulgarcito/install/robot_description/lib/python3.10/site-packages'
[2.569s] Level 1:colcon.colcon_core.environment:checking '/home/fabricio/robotica/P_practico/yerko_pulgarcito/install/robot_description/bin'
[2.569s] INFO:colcon.colcon_core.shell:Creating package script '/home/fabricio/robotica/P_practico/yerko_pulgarcito/install/robot_description/share/robot_description/package.ps1'
[2.571s] INFO:colcon.colcon_core.shell:Creating package descriptor '/home/fabricio/robotica/P_practico/yerko_pulgarcito/install/robot_description/share/robot_description/package.dsv'
[2.573s] INFO:colcon.colcon_core.shell:Creating package script '/home/fabricio/robotica/P_practico/yerko_pulgarcito/install/robot_description/share/robot_description/package.sh'
[2.574s] INFO:colcon.colcon_core.shell:Creating package script '/home/fabricio/robotica/P_practico/yerko_pulgarcito/install/robot_description/share/robot_description/package.bash'
[2.576s] INFO:colcon.colcon_core.shell:Creating package script '/home/fabricio/robotica/P_practico/yerko_pulgarcito/install/robot_description/share/robot_description/package.zsh'
[2.578s] Level 1:colcon.colcon_core.environment:create_file_with_runtime_dependencies(/home/fabricio/robotica/P_practico/yerko_pulgarcito/install/robot_description/share/colcon-core/packages/robot_description)
[2.579s] Level 1:colcon.colcon_core.environment:create_environment_scripts_only(robot_description)
[2.581s] Level 1:colcon.colcon_core.environment:checking '/home/fabricio/robotica/P_practico/yerko_pulgarcito/install/robot_description' for CMake module files
[2.582s] Level 1:colcon.colcon_core.environment:checking '/home/fabricio/robotica/P_practico/yerko_pulgarcito/install/robot_description' for CMake config files
[2.583s] Level 1:colcon.colcon_core.shell:create_environment_hook('robot_description', 'cmake_prefix_path')
[2.583s] INFO:colcon.colcon_core.shell:Creating environment hook '/home/fabricio/robotica/P_practico/yerko_pulgarcito/install/robot_description/share/robot_description/hook/cmake_prefix_path.ps1'
[2.585s] INFO:colcon.colcon_core.shell:Creating environment descriptor '/home/fabricio/robotica/P_practico/yerko_pulgarcito/install/robot_description/share/robot_description/hook/cmake_prefix_path.dsv'
[2.586s] INFO:colcon.colcon_core.shell:Creating environment hook '/home/fabricio/robotica/P_practico/yerko_pulgarcito/install/robot_description/share/robot_description/hook/cmake_prefix_path.sh'
[2.587s] Level 1:colcon.colcon_core.environment:checking '/home/fabricio/robotica/P_practico/yerko_pulgarcito/install/robot_description/bin'
[2.587s] Level 1:colcon.colcon_core.environment:checking '/home/fabricio/robotica/P_practico/yerko_pulgarcito/install/robot_description/lib/pkgconfig/robot_description.pc'
[2.588s] Level 1:colcon.colcon_core.environment:checking '/home/fabricio/robotica/P_practico/yerko_pulgarcito/install/robot_description/lib/python3.10/site-packages'
[2.588s] Level 1:colcon.colcon_core.environment:checking '/home/fabricio/robotica/P_practico/yerko_pulgarcito/install/robot_description/bin'
[2.589s] INFO:colcon.colcon_core.shell:Creating package script '/home/fabricio/robotica/P_practico/yerko_pulgarcito/install/robot_description/share/robot_description/package.ps1'
[2.590s] INFO:colcon.colcon_core.shell:Creating package descriptor '/home/fabricio/robotica/P_practico/yerko_pulgarcito/install/robot_description/share/robot_description/package.dsv'
[2.592s] INFO:colcon.colcon_core.shell:Creating package script '/home/fabricio/robotica/P_practico/yerko_pulgarcito/install/robot_description/share/robot_description/package.sh'
[2.593s] INFO:colcon.colcon_core.shell:Creating package script '/home/fabricio/robotica/P_practico/yerko_pulgarcito/install/robot_description/share/robot_description/package.bash'
[2.594s] INFO:colcon.colcon_core.shell:Creating package script '/home/fabricio/robotica/P_practico/yerko_pulgarcito/install/robot_description/share/robot_description/package.zsh'
[2.596s] Level 1:colcon.colcon_core.environment:create_file_with_runtime_dependencies(/home/fabricio/robotica/P_practico/yerko_pulgarcito/install/robot_description/share/colcon-core/packages/robot_description)
[3.076s] Level 1:colcon.colcon_core.environment:checking '/home/fabricio/robotica/P_practico/yerko_pulgarcito/install/visual_pubsub' for CMake module files
[3.078s] DEBUG:colcon.colcon_core.event_handler.log_command:Invoked command in '/home/fabricio/robotica/P_practico/yerko_pulgarcito/src/ros2_tutorials/visual_pubsub' returned '0': PYTHONPATH=/home/fabricio/robotica/P_practico/yerko_pulgarcito/build/visual_pubsub/prefix_override:/usr/lib/python3/dist-packages/colcon_core/task/python/colcon_distutils_commands:/home/fabricio/robotica/P_practico/yerko_pulgarcito/install/visual_pubsub/lib/python3.10/site-packages:${PYTHONPATH} /usr/bin/python3 -W ignore:setup.py install is deprecated -W ignore:easy_install command is deprecated setup.py egg_info --egg-base ../../../build/visual_pubsub build --build-base /home/fabricio/robotica/P_practico/yerko_pulgarcito/build/visual_pubsub/build install --record /home/fabricio/robotica/P_practico/yerko_pulgarcito/build/visual_pubsub/install.log --single-version-externally-managed install_data
[3.078s] Level 1:colcon.colcon_core.environment:checking '/home/fabricio/robotica/P_practico/yerko_pulgarcito/install/visual_pubsub' for CMake config files
[3.079s] Level 1:colcon.colcon_core.environment:checking '/home/fabricio/robotica/P_practico/yerko_pulgarcito/install/visual_pubsub/lib'
[3.080s] Level 1:colcon.colcon_core.environment:checking '/home/fabricio/robotica/P_practico/yerko_pulgarcito/install/visual_pubsub/bin'
[3.080s] Level 1:colcon.colcon_core.environment:checking '/home/fabricio/robotica/P_practico/yerko_pulgarcito/install/visual_pubsub/lib/pkgconfig/visual_pubsub.pc'
[3.081s] Level 1:colcon.colcon_core.environment:checking '/home/fabricio/robotica/P_practico/yerko_pulgarcito/install/visual_pubsub/lib/python3.10/site-packages'
[3.081s] Level 1:colcon.colcon_core.shell:create_environment_hook('visual_pubsub', 'pythonpath')
[3.082s] INFO:colcon.colcon_core.shell:Creating environment hook '/home/fabricio/robotica/P_practico/yerko_pulgarcito/install/visual_pubsub/share/visual_pubsub/hook/pythonpath.ps1'
[3.083s] INFO:colcon.colcon_core.shell:Creating environment descriptor '/home/fabricio/robotica/P_practico/yerko_pulgarcito/install/visual_pubsub/share/visual_pubsub/hook/pythonpath.dsv'
[3.085s] INFO:colcon.colcon_core.shell:Creating environment hook '/home/fabricio/robotica/P_practico/yerko_pulgarcito/install/visual_pubsub/share/visual_pubsub/hook/pythonpath.sh'
[3.086s] Level 1:colcon.colcon_core.environment:checking '/home/fabricio/robotica/P_practico/yerko_pulgarcito/install/visual_pubsub/bin'
[3.086s] Level 1:colcon.colcon_core.environment:create_environment_scripts_only(visual_pubsub)
[3.087s] INFO:colcon.colcon_core.shell:Creating package script '/home/fabricio/robotica/P_practico/yerko_pulgarcito/install/visual_pubsub/share/visual_pubsub/package.ps1'
[3.088s] INFO:colcon.colcon_core.shell:Creating package descriptor '/home/fabricio/robotica/P_practico/yerko_pulgarcito/install/visual_pubsub/share/visual_pubsub/package.dsv'
[3.090s] INFO:colcon.colcon_core.shell:Creating package script '/home/fabricio/robotica/P_practico/yerko_pulgarcito/install/visual_pubsub/share/visual_pubsub/package.sh'
[3.091s] INFO:colcon.colcon_core.shell:Creating package script '/home/fabricio/robotica/P_practico/yerko_pulgarcito/install/visual_pubsub/share/visual_pubsub/package.bash'
[3.091s] INFO:colcon.colcon_core.shell:Creating package script '/home/fabricio/robotica/P_practico/yerko_pulgarcito/install/visual_pubsub/share/visual_pubsub/package.zsh'
[3.092s] Level 1:colcon.colcon_core.environment:create_file_with_runtime_dependencies(/home/fabricio/robotica/P_practico/yerko_pulgarcito/install/visual_pubsub/share/colcon-core/packages/visual_pubsub)
[3.093s] DEBUG:colcon.colcon_parallel_executor.executor.parallel:closing loop
[3.094s] DEBUG:colcon.colcon_parallel_executor.executor.parallel:loop closed
[3.094s] DEBUG:colcon.colcon_parallel_executor.executor.parallel:run_until_complete finished with '0'
[3.095s] DEBUG:colcon.colcon_core.event_reactor:joining thread
[3.112s] INFO:colcon.colcon_core.plugin_system:Skipping extension 'colcon_notification.desktop_notification.terminal_notifier': Not used on non-Darwin systems
[3.112s] INFO:colcon.colcon_core.plugin_system:Skipping extension 'colcon_notification.desktop_notification.win32': Not used on non-Windows systems
[3.113s] INFO:colcon.colcon_notification.desktop_notification:Sending desktop notification using 'notify2'
[3.143s] DEBUG:colcon.colcon_core.event_reactor:joined thread
[3.144s] INFO:colcon.colcon_core.shell:Creating prefix script '/home/fabricio/robotica/P_practico/yerko_pulgarcito/install/local_setup.ps1'
[3.147s] INFO:colcon.colcon_core.shell:Creating prefix util module '/home/fabricio/robotica/P_practico/yerko_pulgarcito/install/_local_setup_util_ps1.py'
[3.151s] INFO:colcon.colcon_core.shell:Creating prefix chain script '/home/fabricio/robotica/P_practico/yerko_pulgarcito/install/setup.ps1'
[3.154s] INFO:colcon.colcon_core.shell:Creating prefix script '/home/fabricio/robotica/P_practico/yerko_pulgarcito/install/local_setup.sh'
[3.156s] INFO:colcon.colcon_core.shell:Creating prefix util module '/home/fabricio/robotica/P_practico/yerko_pulgarcito/install/_local_setup_util_sh.py'
[3.157s] INFO:colcon.colcon_core.shell:Creating prefix chain script '/home/fabricio/robotica/P_practico/yerko_pulgarcito/install/setup.sh'
[3.160s] INFO:colcon.colcon_core.shell:Creating prefix script '/home/fabricio/robotica/P_practico/yerko_pulgarcito/install/local_setup.bash'
[3.162s] INFO:colcon.colcon_core.shell:Creating prefix chain script '/home/fabricio/robotica/P_practico/yerko_pulgarcito/install/setup.bash'
[3.166s] INFO:colcon.colcon_core.shell:Creating prefix script '/home/fabricio/robotica/P_practico/yerko_pulgarcito/install/local_setup.zsh'
[3.167s] INFO:colcon.colcon_core.shell:Creating prefix chain script '/home/fabricio/robotica/P_practico/yerko_pulgarcito/install/setup.zsh'
