[0.043s] Invoking command in '/home/fabricio/robotica/P_practico/yerko_pulgarcito/build/robot_description': CMAKE_PREFIX_PATH=${CMAKE_PREFIX_PATH}:/home/fabricio/robotica/P_practico/yerko_supremo/install/visual_pubsub:/home/fabricio/robotica/yerko_supremo/install/visual_pubsub:/opt/ros/humble /usr/bin/cmake --build /home/fabricio/robotica/P_practico/yerko_pulgarcito/build/robot_description -- -j4 -l4
[0.664s] Invoked command in '/home/fabricio/robotica/P_practico/yerko_pulgarcito/build/robot_description' returned '0': CMAKE_PREFIX_PATH=${CMAKE_PREFIX_PATH}:/home/fabricio/robotica/P_practico/yerko_supremo/install/visual_pubsub:/home/fabricio/robotica/yerko_supremo/install/visual_pubsub:/opt/ros/humble /usr/bin/cmake --build /home/fabricio/robotica/P_practico/yerko_pulgarcito/build/robot_description -- -j4 -l4
[0.685s] Invoking command in '/home/fabricio/robotica/P_practico/yerko_pulgarcito/build/robot_description': CMAKE_PREFIX_PATH=${CMAKE_PREFIX_PATH}:/home/fabricio/robotica/P_practico/yerko_supremo/install/visual_pubsub:/home/fabricio/robotica/yerko_supremo/install/visual_pubsub:/opt/ros/humble /usr/bin/cmake --install /home/fabricio/robotica/P_practico/yerko_pulgarcito/build/robot_description
[0.702s] -- Install configuration: ""
[0.702s] -- Up-to-date: /home/fabricio/robotica/P_practico/yerko_pulgarcito/install/robot_description/share/robot_description/launch
[0.703s] -- Up-to-date: /home/fabricio/robotica/P_practico/yerko_pulgarcito/install/robot_description/share/robot_description/launch/view_robot.launch.py
[0.703s] -- Up-to-date: /home/fabricio/robotica/P_practico/yerko_pulgarcito/install/robot_description/share/robot_description/urdf
[0.704s] -- Up-to-date: /home/fabricio/robotica/P_practico/yerko_pulgarcito/install/robot_description/share/robot_description/urdf/multipleshapes.pdf
[0.704s] -- Up-to-date: /home/fabricio/robotica/P_practico/yerko_pulgarcito/install/robot_description/share/robot_description/urdf/pulgar.urdf
[0.704s] -- Up-to-date: /home/fabricio/robotica/P_practico/yerko_pulgarcito/install/robot_description/share/robot_description/rviz
[0.704s] -- Up-to-date: /home/fabricio/robotica/P_practico/yerko_pulgarcito/install/robot_description/share/robot_description/rviz/urdf.rviz
[0.704s] -- Up-to-date: /home/fabricio/robotica/P_practico/yerko_pulgarcito/install/robot_description/share/robot_description/meshes
[0.705s] -- Up-to-date: /home/fabricio/robotica/P_practico/yerko_pulgarcito/install/robot_description/share/robot_description/meshes/visual
[0.705s] -- Up-to-date: /home/fabricio/robotica/P_practico/yerko_pulgarcito/install/robot_description/share/robot_description/meshes/visual/link7.dae
[0.705s] -- Up-to-date: /home/fabricio/robotica/P_practico/yerko_pulgarcito/install/robot_description/share/robot_description/meshes/visual/link0.dae
[0.705s] -- Up-to-date: /home/fabricio/robotica/P_practico/yerko_pulgarcito/install/robot_description/share/robot_description/meshes/visual/link4.dae
[0.707s] -- Up-to-date: /home/fabricio/robotica/P_practico/yerko_pulgarcito/install/robot_description/share/robot_description/meshes/visual/link6.dae
[0.707s] -- Up-to-date: /home/fabricio/robotica/P_practico/yerko_pulgarcito/install/robot_description/share/robot_description/meshes/visual/link3.dae
[0.707s] -- Up-to-date: /home/fabricio/robotica/P_practico/yerko_pulgarcito/install/robot_description/share/robot_description/meshes/visual/link5.dae
[0.707s] -- Up-to-date: /home/fabricio/robotica/P_practico/yerko_pulgarcito/install/robot_description/share/robot_description/meshes/visual/link1.dae
[0.707s] -- Up-to-date: /home/fabricio/robotica/P_practico/yerko_pulgarcito/install/robot_description/share/robot_description/meshes/visual/finger.dae
[0.708s] -- Up-to-date: /home/fabricio/robotica/P_practico/yerko_pulgarcito/install/robot_description/share/robot_description/meshes/visual/link2.dae
[0.708s] -- Up-to-date: /home/fabricio/robotica/P_practico/yerko_pulgarcito/install/robot_description/share/robot_description/meshes/visual/hand.dae
[0.708s] -- Up-to-date: /home/fabricio/robotica/P_practico/yerko_pulgarcito/install/robot_description/share/robot_description/meshes/collision
[0.709s] -- Up-to-date: /home/fabricio/robotica/P_practico/yerko_pulgarcito/install/robot_description/share/robot_description/meshes/collision/link7.obj
[0.709s] -- Up-to-date: /home/fabricio/robotica/P_practico/yerko_pulgarcito/install/robot_description/share/robot_description/meshes/collision/link1.obj
[0.710s] -- Up-to-date: /home/fabricio/robotica/P_practico/yerko_pulgarcito/install/robot_description/share/robot_description/meshes/collision/link4.obj
[0.710s] -- Up-to-date: /home/fabricio/robotica/P_practico/yerko_pulgarcito/install/robot_description/share/robot_description/meshes/collision/link2.obj
[0.710s] -- Up-to-date: /home/fabricio/robotica/P_practico/yerko_pulgarcito/install/robot_description/share/robot_description/meshes/collision/hand.obj
[0.711s] -- Up-to-date: /home/fabricio/robotica/P_practico/yerko_pulgarcito/install/robot_description/share/robot_description/meshes/collision/link6.obj
[0.711s] -- Up-to-date: /home/fabricio/robotica/P_practico/yerko_pulgarcito/install/robot_description/share/robot_description/meshes/collision/link3.obj
[0.712s] -- Up-to-date: /home/fabricio/robotica/P_practico/yerko_pulgarcito/install/robot_description/share/robot_description/meshes/collision/finger.obj
[0.712s] -- Up-to-date: /home/fabricio/robotica/P_practico/yerko_pulgarcito/install/robot_description/share/robot_description/meshes/collision/link0.obj
[0.712s] -- Up-to-date: /home/fabricio/robotica/P_practico/yerko_pulgarcito/install/robot_description/share/robot_description/meshes/collision/link5.obj
[0.712s] -- Up-to-date: /home/fabricio/robotica/P_practico/yerko_pulgarcito/install/robot_description/share/ament_index/resource_index/package_run_dependencies/robot_description
[0.712s] -- Up-to-date: /home/fabricio/robotica/P_practico/yerko_pulgarcito/install/robot_description/share/ament_index/resource_index/parent_prefix_path/robot_description
[0.713s] -- Up-to-date: /home/fabricio/robotica/P_practico/yerko_pulgarcito/install/robot_description/share/robot_description/environment/ament_prefix_path.sh
[0.713s] -- Up-to-date: /home/fabricio/robotica/P_practico/yerko_pulgarcito/install/robot_description/share/robot_description/environment/ament_prefix_path.dsv
[0.715s] -- Up-to-date: /home/fabricio/robotica/P_practico/yerko_pulgarcito/install/robot_description/share/robot_description/environment/path.sh
[0.715s] -- Up-to-date: /home/fabricio/robotica/P_practico/yerko_pulgarcito/install/robot_description/share/robot_description/environment/path.dsv
[0.715s] -- Up-to-date: /home/fabricio/robotica/P_practico/yerko_pulgarcito/install/robot_description/share/robot_description/local_setup.bash
[0.715s] -- Up-to-date: /home/fabricio/robotica/P_practico/yerko_pulgarcito/install/robot_description/share/robot_description/local_setup.sh
[0.716s] -- Up-to-date: /home/fabricio/robotica/P_practico/yerko_pulgarcito/install/robot_description/share/robot_description/local_setup.zsh
[0.716s] -- Up-to-date: /home/fabricio/robotica/P_practico/yerko_pulgarcito/install/robot_description/share/robot_description/local_setup.dsv
[0.716s] -- Up-to-date: /home/fabricio/robotica/P_practico/yerko_pulgarcito/install/robot_description/share/robot_description/package.dsv
[0.716s] -- Up-to-date: /home/fabricio/robotica/P_practico/yerko_pulgarcito/install/robot_description/share/ament_index/resource_index/packages/robot_description
[0.717s] -- Up-to-date: /home/fabricio/robotica/P_practico/yerko_pulgarcito/install/robot_description/share/robot_description/cmake/robot_descriptionConfig.cmake
[0.717s] -- Up-to-date: /home/fabricio/robotica/P_practico/yerko_pulgarcito/install/robot_description/share/robot_description/cmake/robot_descriptionConfig-version.cmake
[0.717s] -- Up-to-date: /home/fabricio/robotica/P_practico/yerko_pulgarcito/install/robot_description/share/robot_description/package.xml
[0.722s] Invoked command in '/home/fabricio/robotica/P_practico/yerko_pulgarcito/build/robot_description' returned '0': CMAKE_PREFIX_PATH=${CMAKE_PREFIX_PATH}:/home/fabricio/robotica/P_practico/yerko_supremo/install/visual_pubsub:/home/fabricio/robotica/yerko_supremo/install/visual_pubsub:/opt/ros/humble /usr/bin/cmake --install /home/fabricio/robotica/P_practico/yerko_pulgarcito/build/robot_description
