[0.045s] Invoking command in '/home/fabricio/robotica/P_practico/yerko_supremo/build/robot_description': CMAKE_PREFIX_PATH=${CMAKE_PREFIX_PATH}:/home/fabricio/robotica/yerko_supremo/install/visual_pubsub:/home/fabricio/robotica/P_practico/yerko_pulgarcito/install/visual_pubsub:/home/fabricio/robotica/P_practico/yerko_supremo/install/visual_pubsub:/opt/ros/humble /usr/bin/cmake --build /home/fabricio/robotica/P_practico/yerko_supremo/build/robot_description -- -j4 -l4
[0.824s] Invoked command in '/home/fabricio/robotica/P_practico/yerko_supremo/build/robot_description' returned '0': CMAKE_PREFIX_PATH=${CMAKE_PREFIX_PATH}:/home/fabricio/robotica/yerko_supremo/install/visual_pubsub:/home/fabricio/robotica/P_practico/yerko_pulgarcito/install/visual_pubsub:/home/fabricio/robotica/P_practico/yerko_supremo/install/visual_pubsub:/opt/ros/humble /usr/bin/cmake --build /home/fabricio/robotica/P_practico/yerko_supremo/build/robot_description -- -j4 -l4
[0.846s] Invoking command in '/home/fabricio/robotica/P_practico/yerko_supremo/build/robot_description': CMAKE_PREFIX_PATH=${CMAKE_PREFIX_PATH}:/home/fabricio/robotica/yerko_supremo/install/visual_pubsub:/home/fabricio/robotica/P_practico/yerko_pulgarcito/install/visual_pubsub:/home/fabricio/robotica/P_practico/yerko_supremo/install/visual_pubsub:/opt/ros/humble /usr/bin/cmake --install /home/fabricio/robotica/P_practico/yerko_supremo/build/robot_description
[0.862s] -- Install configuration: ""
[0.863s] -- Up-to-date: /home/fabricio/robotica/P_practico/yerko_supremo/install/robot_description/share/robot_description/launch
[0.863s] -- Up-to-date: /home/fabricio/robotica/P_practico/yerko_supremo/install/robot_description/share/robot_description/launch/view_robot.launch.py
[0.863s] -- Up-to-date: /home/fabricio/robotica/P_practico/yerko_supremo/install/robot_description/share/robot_description/urdf
[0.863s] -- Up-to-date: /home/fabricio/robotica/P_practico/yerko_supremo/install/robot_description/share/robot_description/urdf/examen_pulgar.urdf
[0.863s] -- Up-to-date: /home/fabricio/robotica/P_practico/yerko_supremo/install/robot_description/share/robot_description/urdf/indicept1.urdf
[0.864s] -- Up-to-date: /home/fabricio/robotica/P_practico/yerko_supremo/install/robot_description/share/robot_description/rviz
[0.864s] -- Up-to-date: /home/fabricio/robotica/P_practico/yerko_supremo/install/robot_description/share/robot_description/rviz/urdf.rviz
[0.864s] -- Up-to-date: /home/fabricio/robotica/P_practico/yerko_supremo/install/robot_description/share/robot_description/meshes
[0.864s] -- Up-to-date: /home/fabricio/robotica/P_practico/yerko_supremo/install/robot_description/share/robot_description/meshes/visual
[0.864s] -- Up-to-date: /home/fabricio/robotica/P_practico/yerko_supremo/install/robot_description/share/robot_description/meshes/visual/link7.dae
[0.865s] -- Up-to-date: /home/fabricio/robotica/P_practico/yerko_supremo/install/robot_description/share/robot_description/meshes/visual/link0.dae
[0.865s] -- Up-to-date: /home/fabricio/robotica/P_practico/yerko_supremo/install/robot_description/share/robot_description/meshes/visual/link4.dae
[0.865s] -- Up-to-date: /home/fabricio/robotica/P_practico/yerko_supremo/install/robot_description/share/robot_description/meshes/visual/link6.dae
[0.865s] -- Up-to-date: /home/fabricio/robotica/P_practico/yerko_supremo/install/robot_description/share/robot_description/meshes/visual/link3.dae
[0.865s] -- Up-to-date: /home/fabricio/robotica/P_practico/yerko_supremo/install/robot_description/share/robot_description/meshes/visual/link5.dae
[0.866s] -- Up-to-date: /home/fabricio/robotica/P_practico/yerko_supremo/install/robot_description/share/robot_description/meshes/visual/link1.dae
[0.866s] -- Up-to-date: /home/fabricio/robotica/P_practico/yerko_supremo/install/robot_description/share/robot_description/meshes/visual/finger.dae
[0.866s] -- Up-to-date: /home/fabricio/robotica/P_practico/yerko_supremo/install/robot_description/share/robot_description/meshes/visual/link2.dae
[0.867s] -- Up-to-date: /home/fabricio/robotica/P_practico/yerko_supremo/install/robot_description/share/robot_description/meshes/visual/hand.dae
[0.867s] -- Up-to-date: /home/fabricio/robotica/P_practico/yerko_supremo/install/robot_description/share/robot_description/meshes/collision
[0.867s] -- Up-to-date: /home/fabricio/robotica/P_practico/yerko_supremo/install/robot_description/share/robot_description/meshes/collision/link7.obj
[0.867s] -- Up-to-date: /home/fabricio/robotica/P_practico/yerko_supremo/install/robot_description/share/robot_description/meshes/collision/link1.obj
[0.868s] -- Up-to-date: /home/fabricio/robotica/P_practico/yerko_supremo/install/robot_description/share/robot_description/meshes/collision/link4.obj
[0.869s] -- Up-to-date: /home/fabricio/robotica/P_practico/yerko_supremo/install/robot_description/share/robot_description/meshes/collision/link2.obj
[0.869s] -- Up-to-date: /home/fabricio/robotica/P_practico/yerko_supremo/install/robot_description/share/robot_description/meshes/collision/hand.obj
[0.870s] -- Up-to-date: /home/fabricio/robotica/P_practico/yerko_supremo/install/robot_description/share/robot_description/meshes/collision/link6.obj
[0.870s] -- Up-to-date: /home/fabricio/robotica/P_practico/yerko_supremo/install/robot_description/share/robot_description/meshes/collision/link3.obj
[0.870s] -- Up-to-date: /home/fabricio/robotica/P_practico/yerko_supremo/install/robot_description/share/robot_description/meshes/collision/finger.obj
[0.871s] -- Up-to-date: /home/fabricio/robotica/P_practico/yerko_supremo/install/robot_description/share/robot_description/meshes/collision/link0.obj
[0.873s] -- Up-to-date: /home/fabricio/robotica/P_practico/yerko_supremo/install/robot_description/share/robot_description/meshes/collision/link5.obj
[0.873s] -- Up-to-date: /home/fabricio/robotica/P_practico/yerko_supremo/install/robot_description/share/ament_index/resource_index/package_run_dependencies/robot_description
[0.874s] -- Up-to-date: /home/fabricio/robotica/P_practico/yerko_supremo/install/robot_description/share/ament_index/resource_index/parent_prefix_path/robot_description
[0.874s] -- Up-to-date: /home/fabricio/robotica/P_practico/yerko_supremo/install/robot_description/share/robot_description/environment/ament_prefix_path.sh
[0.874s] -- Up-to-date: /home/fabricio/robotica/P_practico/yerko_supremo/install/robot_description/share/robot_description/environment/ament_prefix_path.dsv
[0.875s] -- Up-to-date: /home/fabricio/robotica/P_practico/yerko_supremo/install/robot_description/share/robot_description/environment/path.sh
[0.875s] -- Up-to-date: /home/fabricio/robotica/P_practico/yerko_supremo/install/robot_description/share/robot_description/environment/path.dsv
[0.875s] -- Up-to-date: /home/fabricio/robotica/P_practico/yerko_supremo/install/robot_description/share/robot_description/local_setup.bash
[0.877s] -- Up-to-date: /home/fabricio/robotica/P_practico/yerko_supremo/install/robot_description/share/robot_description/local_setup.sh
[0.877s] -- Up-to-date: /home/fabricio/robotica/P_practico/yerko_supremo/install/robot_description/share/robot_description/local_setup.zsh
[0.878s] -- Up-to-date: /home/fabricio/robotica/P_practico/yerko_supremo/install/robot_description/share/robot_description/local_setup.dsv
[0.878s] -- Up-to-date: /home/fabricio/robotica/P_practico/yerko_supremo/install/robot_description/share/robot_description/package.dsv
[0.878s] -- Up-to-date: /home/fabricio/robotica/P_practico/yerko_supremo/install/robot_description/share/ament_index/resource_index/packages/robot_description
[0.878s] -- Up-to-date: /home/fabricio/robotica/P_practico/yerko_supremo/install/robot_description/share/robot_description/cmake/robot_descriptionConfig.cmake
[0.879s] -- Up-to-date: /home/fabricio/robotica/P_practico/yerko_supremo/install/robot_description/share/robot_description/cmake/robot_descriptionConfig-version.cmake
[0.879s] -- Up-to-date: /home/fabricio/robotica/P_practico/yerko_supremo/install/robot_description/share/robot_description/package.xml
[0.879s] Invoked command in '/home/fabricio/robotica/P_practico/yerko_supremo/build/robot_description' returned '0': CMAKE_PREFIX_PATH=${CMAKE_PREFIX_PATH}:/home/fabricio/robotica/yerko_supremo/install/visual_pubsub:/home/fabricio/robotica/P_practico/yerko_pulgarcito/install/visual_pubsub:/home/fabricio/robotica/P_practico/yerko_supremo/install/visual_pubsub:/opt/ros/humble /usr/bin/cmake --install /home/fabricio/robotica/P_practico/yerko_supremo/build/robot_description
