[0.037s] Invoking command in '/home/fabricio/robotica/P_practico/yerko_supremo/build/robot_description': CMAKE_PREFIX_PATH=${CMAKE_PREFIX_PATH}:/home/fabricio/robotica/yerko_supremo/install/visual_pubsub:/opt/ros/humble /usr/bin/cmake /home/fabricio/robotica/P_practico/yerko_supremo/src/ros2_tutorials/robot_description -DCMAKE_INSTALL_PREFIX=/home/fabricio/robotica/P_practico/yerko_supremo/install/robot_description
[0.157s] -- The C compiler identification is GNU 11.4.0
[0.278s] -- The CXX compiler identification is GNU 11.4.0
[0.291s] -- Detecting C compiler ABI info
[0.434s] -- Detecting C compiler ABI info - done
[0.451s] -- Check for working C compiler: /usr/bin/cc - skipped
[0.452s] -- Detecting C compile features
[0.453s] -- Detecting C compile features - done
[0.459s] -- Detecting CXX compiler ABI info
[0.632s] -- Detecting CXX compiler ABI info - done
[0.655s] -- Check for working CXX compiler: /usr/bin/c++ - skipped
[0.655s] -- Detecting CXX compile features
[0.656s] -- Detecting CXX compile features - done
[0.661s] -- Found ament_cmake: 1.3.12 (/opt/ros/humble/share/ament_cmake/cmake)
[1.113s] -- Found Python3: /usr/bin/python3 (found version "3.10.12") found components: Interpreter 
[1.327s] -- Found ament_lint_auto: 0.12.14 (/opt/ros/humble/share/ament_lint_auto/cmake)
[1.535s] -- Added test 'flake8' to check Python code syntax and style conventions
[1.536s] -- Added test 'lint_cmake' to check CMake code style
[1.538s] -- Added test 'pep257' to check Python code against some of the docstring style conventions in PEP 257
[1.542s] -- Added test 'xmllint' to check XML markup files
[1.544s] -- Configuring done
[1.554s] -- Generating done
[1.559s] -- Build files have been written to: /home/fabricio/robotica/P_practico/yerko_supremo/build/robot_description
[1.577s] Invoked command in '/home/fabricio/robotica/P_practico/yerko_supremo/build/robot_description' returned '0': CMAKE_PREFIX_PATH=${CMAKE_PREFIX_PATH}:/home/fabricio/robotica/yerko_supremo/install/visual_pubsub:/opt/ros/humble /usr/bin/cmake /home/fabricio/robotica/P_practico/yerko_supremo/src/ros2_tutorials/robot_description -DCMAKE_INSTALL_PREFIX=/home/fabricio/robotica/P_practico/yerko_supremo/install/robot_description
[1.579s] Invoking command in '/home/fabricio/robotica/P_practico/yerko_supremo/build/robot_description': CMAKE_PREFIX_PATH=${CMAKE_PREFIX_PATH}:/home/fabricio/robotica/yerko_supremo/install/visual_pubsub:/opt/ros/humble /usr/bin/cmake --build /home/fabricio/robotica/P_practico/yerko_supremo/build/robot_description -- -j4 -l4
[1.679s] Invoked command in '/home/fabricio/robotica/P_practico/yerko_supremo/build/robot_description' returned '0': CMAKE_PREFIX_PATH=${CMAKE_PREFIX_PATH}:/home/fabricio/robotica/yerko_supremo/install/visual_pubsub:/opt/ros/humble /usr/bin/cmake --build /home/fabricio/robotica/P_practico/yerko_supremo/build/robot_description -- -j4 -l4
[1.703s] Invoking command in '/home/fabricio/robotica/P_practico/yerko_supremo/build/robot_description': CMAKE_PREFIX_PATH=${CMAKE_PREFIX_PATH}:/home/fabricio/robotica/yerko_supremo/install/visual_pubsub:/opt/ros/humble /usr/bin/cmake --install /home/fabricio/robotica/P_practico/yerko_supremo/build/robot_description
[1.724s] -- Install configuration: ""
[1.724s] -- Installing: /home/fabricio/robotica/P_practico/yerko_supremo/install/robot_description/share/robot_description/launch
[1.724s] -- Installing: /home/fabricio/robotica/P_practico/yerko_supremo/install/robot_description/share/robot_description/launch/view_robot.launch.py
[1.725s] -- Installing: /home/fabricio/robotica/P_practico/yerko_supremo/install/robot_description/share/robot_description/urdf
[1.726s] -- Installing: /home/fabricio/robotica/P_practico/yerko_supremo/install/robot_description/share/robot_description/urdf/examen_pulgar.urdf
[1.726s] -- Installing: /home/fabricio/robotica/P_practico/yerko_supremo/install/robot_description/share/robot_description/urdf/indicept1.urdf
[1.727s] -- Installing: /home/fabricio/robotica/P_practico/yerko_supremo/install/robot_description/share/robot_description/rviz
[1.727s] -- Installing: /home/fabricio/robotica/P_practico/yerko_supremo/install/robot_description/share/robot_description/rviz/urdf.rviz
[1.727s] -- Installing: /home/fabricio/robotica/P_practico/yerko_supremo/install/robot_description/share/robot_description/meshes
[1.728s] -- Installing: /home/fabricio/robotica/P_practico/yerko_supremo/install/robot_description/share/robot_description/meshes/visual
[1.728s] -- Installing: /home/fabricio/robotica/P_practico/yerko_supremo/install/robot_description/share/robot_description/meshes/visual/link7.dae
[1.729s] -- Installing: /home/fabricio/robotica/P_practico/yerko_supremo/install/robot_description/share/robot_description/meshes/visual/link0.dae
[1.734s] -- Installing: /home/fabricio/robotica/P_practico/yerko_supremo/install/robot_description/share/robot_description/meshes/visual/link4.dae
[1.738s] -- Installing: /home/fabricio/robotica/P_practico/yerko_supremo/install/robot_description/share/robot_description/meshes/visual/link6.dae
[1.743s] -- Installing: /home/fabricio/robotica/P_practico/yerko_supremo/install/robot_description/share/robot_description/meshes/visual/link3.dae
[1.746s] -- Installing: /home/fabricio/robotica/P_practico/yerko_supremo/install/robot_description/share/robot_description/meshes/visual/link5.dae
[1.750s] -- Installing: /home/fabricio/robotica/P_practico/yerko_supremo/install/robot_description/share/robot_description/meshes/visual/link1.dae
[1.753s] -- Installing: /home/fabricio/robotica/P_practico/yerko_supremo/install/robot_description/share/robot_description/meshes/visual/finger.dae
[1.754s] -- Installing: /home/fabricio/robotica/P_practico/yerko_supremo/install/robot_description/share/robot_description/meshes/visual/link2.dae
[1.756s] -- Installing: /home/fabricio/robotica/P_practico/yerko_supremo/install/robot_description/share/robot_description/meshes/visual/hand.dae
[1.758s] -- Installing: /home/fabricio/robotica/P_practico/yerko_supremo/install/robot_description/share/robot_description/meshes/collision
[1.758s] -- Installing: /home/fabricio/robotica/P_practico/yerko_supremo/install/robot_description/share/robot_description/meshes/collision/link7.obj
[1.759s] -- Installing: /home/fabricio/robotica/P_practico/yerko_supremo/install/robot_description/share/robot_description/meshes/collision/link1.obj
[1.760s] -- Installing: /home/fabricio/robotica/P_practico/yerko_supremo/install/robot_description/share/robot_description/meshes/collision/link4.obj
[1.760s] -- Installing: /home/fabricio/robotica/P_practico/yerko_supremo/install/robot_description/share/robot_description/meshes/collision/link2.obj
[1.761s] -- Installing: /home/fabricio/robotica/P_practico/yerko_supremo/install/robot_description/share/robot_description/meshes/collision/hand.obj
[1.761s] -- Installing: /home/fabricio/robotica/P_practico/yerko_supremo/install/robot_description/share/robot_description/meshes/collision/link6.obj
[1.772s] -- Installing: /home/fabricio/robotica/P_practico/yerko_supremo/install/robot_description/share/robot_description/meshes/collision/link3.obj
[1.772s] -- Installing: /home/fabricio/robotica/P_practico/yerko_supremo/install/robot_description/share/robot_description/meshes/collision/finger.obj
[1.772s] -- Installing: /home/fabricio/robotica/P_practico/yerko_supremo/install/robot_description/share/robot_description/meshes/collision/link0.obj
[1.773s] -- Installing: /home/fabricio/robotica/P_practico/yerko_supremo/install/robot_description/share/robot_description/meshes/collision/link5.obj
[1.773s] -- Installing: /home/fabricio/robotica/P_practico/yerko_supremo/install/robot_description/share/ament_index/resource_index/package_run_dependencies/robot_description
[1.774s] -- Installing: /home/fabricio/robotica/P_practico/yerko_supremo/install/robot_description/share/ament_index/resource_index/parent_prefix_path/robot_description
[1.774s] -- Installing: /home/fabricio/robotica/P_practico/yerko_supremo/install/robot_description/share/robot_description/environment/ament_prefix_path.sh
[1.775s] -- Installing: /home/fabricio/robotica/P_practico/yerko_supremo/install/robot_description/share/robot_description/environment/ament_prefix_path.dsv
[1.775s] -- Installing: /home/fabricio/robotica/P_practico/yerko_supremo/install/robot_description/share/robot_description/environment/path.sh
[1.775s] -- Installing: /home/fabricio/robotica/P_practico/yerko_supremo/install/robot_description/share/robot_description/environment/path.dsv
[1.776s] -- Installing: /home/fabricio/robotica/P_practico/yerko_supremo/install/robot_description/share/robot_description/local_setup.bash
[1.776s] -- Installing: /home/fabricio/robotica/P_practico/yerko_supremo/install/robot_description/share/robot_description/local_setup.sh
[1.777s] -- Installing: /home/fabricio/robotica/P_practico/yerko_supremo/install/robot_description/share/robot_description/local_setup.zsh
[1.777s] -- Installing: /home/fabricio/robotica/P_practico/yerko_supremo/install/robot_description/share/robot_description/local_setup.dsv
[1.777s] -- Installing: /home/fabricio/robotica/P_practico/yerko_supremo/install/robot_description/share/robot_description/package.dsv
[1.778s] -- Installing: /home/fabricio/robotica/P_practico/yerko_supremo/install/robot_description/share/ament_index/resource_index/packages/robot_description
[1.778s] -- Installing: /home/fabricio/robotica/P_practico/yerko_supremo/install/robot_description/share/robot_description/cmake/robot_descriptionConfig.cmake
[1.778s] -- Installing: /home/fabricio/robotica/P_practico/yerko_supremo/install/robot_description/share/robot_description/cmake/robot_descriptionConfig-version.cmake
[1.779s] -- Installing: /home/fabricio/robotica/P_practico/yerko_supremo/install/robot_description/share/robot_description/package.xml
[1.783s] Invoked command in '/home/fabricio/robotica/P_practico/yerko_supremo/build/robot_description' returned '0': CMAKE_PREFIX_PATH=${CMAKE_PREFIX_PATH}:/home/fabricio/robotica/yerko_supremo/install/visual_pubsub:/opt/ros/humble /usr/bin/cmake --install /home/fabricio/robotica/P_practico/yerko_supremo/build/robot_description
