[1.600s] Invoking command in '/home/fabricio/robotica/P_practico/yerko_supremo/src/ros2_tutorials/visual_pubsub': PYTHONPATH=/home/fabricio/robotica/P_practico/yerko_supremo/build/visual_pubsub/prefix_override:/usr/lib/python3/dist-packages/colcon_core/task/python/colcon_distutils_commands:/home/fabricio/robotica/P_practico/yerko_supremo/install/visual_pubsub/lib/python3.10/site-packages:${PYTHONPATH} /usr/bin/python3 -W ignore:setup.py install is deprecated -W ignore:easy_install command is deprecated setup.py egg_info --egg-base ../../../build/visual_pubsub build --build-base /home/fabricio/robotica/P_practico/yerko_supremo/build/visual_pubsub/build install --record /home/fabricio/robotica/P_practico/yerko_supremo/build/visual_pubsub/install.log --single-version-externally-managed install_data
[2.170s] running egg_info
[2.172s] creating ../../../build/visual_pubsub/visual_pubsub.egg-info
[2.173s] writing ../../../build/visual_pubsub/visual_pubsub.egg-info/PKG-INFO
[2.173s] writing dependency_links to ../../../build/visual_pubsub/visual_pubsub.egg-info/dependency_links.txt
[2.174s] writing entry points to ../../../build/visual_pubsub/visual_pubsub.egg-info/entry_points.txt
[2.174s] writing requirements to ../../../build/visual_pubsub/visual_pubsub.egg-info/requires.txt
[2.174s] writing top-level names to ../../../build/visual_pubsub/visual_pubsub.egg-info/top_level.txt
[2.175s] writing manifest file '../../../build/visual_pubsub/visual_pubsub.egg-info/SOURCES.txt'
[2.178s] reading manifest file '../../../build/visual_pubsub/visual_pubsub.egg-info/SOURCES.txt'
[2.179s] adding license file 'LICENSE'
[2.180s] writing manifest file '../../../build/visual_pubsub/visual_pubsub.egg-info/SOURCES.txt'
[2.180s] running build
[2.181s] running build_py
[2.181s] creating /home/fabricio/robotica/P_practico/yerko_supremo/build/visual_pubsub/build
[2.182s] creating /home/fabricio/robotica/P_practico/yerko_supremo/build/visual_pubsub/build/lib
[2.182s] creating /home/fabricio/robotica/P_practico/yerko_supremo/build/visual_pubsub/build/lib/visual_pubsub
[2.182s] copying visual_pubsub/cinematica_inversa.py -> /home/fabricio/robotica/P_practico/yerko_supremo/build/visual_pubsub/build/lib/visual_pubsub
[2.182s] copying visual_pubsub/sub_joints.py -> /home/fabricio/robotica/P_practico/yerko_supremo/build/visual_pubsub/build/lib/visual_pubsub
[2.183s] copying visual_pubsub/__init__.py -> /home/fabricio/robotica/P_practico/yerko_supremo/build/visual_pubsub/build/lib/visual_pubsub
[2.183s] copying visual_pubsub/pub_joints.py -> /home/fabricio/robotica/P_practico/yerko_supremo/build/visual_pubsub/build/lib/visual_pubsub
[2.183s] running install
[2.184s] running install_lib
[2.185s] creating /home/fabricio/robotica/P_practico/yerko_supremo/install/visual_pubsub/lib/python3.10/site-packages/visual_pubsub
[2.185s] copying /home/fabricio/robotica/P_practico/yerko_supremo/build/visual_pubsub/build/lib/visual_pubsub/cinematica_inversa.py -> /home/fabricio/robotica/P_practico/yerko_supremo/install/visual_pubsub/lib/python3.10/site-packages/visual_pubsub
[2.186s] copying /home/fabricio/robotica/P_practico/yerko_supremo/build/visual_pubsub/build/lib/visual_pubsub/sub_joints.py -> /home/fabricio/robotica/P_practico/yerko_supremo/install/visual_pubsub/lib/python3.10/site-packages/visual_pubsub
[2.186s] copying /home/fabricio/robotica/P_practico/yerko_supremo/build/visual_pubsub/build/lib/visual_pubsub/__init__.py -> /home/fabricio/robotica/P_practico/yerko_supremo/install/visual_pubsub/lib/python3.10/site-packages/visual_pubsub
[2.186s] copying /home/fabricio/robotica/P_practico/yerko_supremo/build/visual_pubsub/build/lib/visual_pubsub/pub_joints.py -> /home/fabricio/robotica/P_practico/yerko_supremo/install/visual_pubsub/lib/python3.10/site-packages/visual_pubsub
[2.187s] byte-compiling /home/fabricio/robotica/P_practico/yerko_supremo/install/visual_pubsub/lib/python3.10/site-packages/visual_pubsub/cinematica_inversa.py to cinematica_inversa.cpython-310.pyc
[2.189s] byte-compiling /home/fabricio/robotica/P_practico/yerko_supremo/install/visual_pubsub/lib/python3.10/site-packages/visual_pubsub/sub_joints.py to sub_joints.cpython-310.pyc
[2.190s] byte-compiling /home/fabricio/robotica/P_practico/yerko_supremo/install/visual_pubsub/lib/python3.10/site-packages/visual_pubsub/__init__.py to __init__.cpython-310.pyc
[2.191s] byte-compiling /home/fabricio/robotica/P_practico/yerko_supremo/install/visual_pubsub/lib/python3.10/site-packages/visual_pubsub/pub_joints.py to pub_joints.cpython-310.pyc
[2.192s] running install_data
[2.192s] creating /home/fabricio/robotica/P_practico/yerko_supremo/install/visual_pubsub/share/ament_index
[2.193s] creating /home/fabricio/robotica/P_practico/yerko_supremo/install/visual_pubsub/share/ament_index/resource_index
[2.193s] creating /home/fabricio/robotica/P_practico/yerko_supremo/install/visual_pubsub/share/ament_index/resource_index/packages
[2.193s] copying resource/visual_pubsub -> /home/fabricio/robotica/P_practico/yerko_supremo/install/visual_pubsub/share/ament_index/resource_index/packages
[2.194s] copying package.xml -> /home/fabricio/robotica/P_practico/yerko_supremo/install/visual_pubsub/share/visual_pubsub
[2.194s] running install_egg_info
[2.197s] Copying ../../../build/visual_pubsub/visual_pubsub.egg-info to /home/fabricio/robotica/P_practico/yerko_supremo/install/visual_pubsub/lib/python3.10/site-packages/visual_pubsub-0.0.0-py3.10.egg-info
[2.198s] running install_scripts
[2.247s] Installing cinematica_inversa script to /home/fabricio/robotica/P_practico/yerko_supremo/install/visual_pubsub/lib/visual_pubsub
[2.247s] Installing pub_joints script to /home/fabricio/robotica/P_practico/yerko_supremo/install/visual_pubsub/lib/visual_pubsub
[2.247s] Installing sub_joints script to /home/fabricio/robotica/P_practico/yerko_supremo/install/visual_pubsub/lib/visual_pubsub
[2.247s] writing list of installed files to '/home/fabricio/robotica/P_practico/yerko_supremo/build/visual_pubsub/install.log'
[2.322s] Invoked command in '/home/fabricio/robotica/P_practico/yerko_supremo/src/ros2_tutorials/visual_pubsub' returned '0': PYTHONPATH=/home/fabricio/robotica/P_practico/yerko_supremo/build/visual_pubsub/prefix_override:/usr/lib/python3/dist-packages/colcon_core/task/python/colcon_distutils_commands:/home/fabricio/robotica/P_practico/yerko_supremo/install/visual_pubsub/lib/python3.10/site-packages:${PYTHONPATH} /usr/bin/python3 -W ignore:setup.py install is deprecated -W ignore:easy_install command is deprecated setup.py egg_info --egg-base ../../../build/visual_pubsub build --build-base /home/fabricio/robotica/P_practico/yerko_supremo/build/visual_pubsub/build install --record /home/fabricio/robotica/P_practico/yerko_supremo/build/visual_pubsub/install.log --single-version-externally-managed install_data
