[1.748s] Invoking command in '/home/fabricio/robotica/P_practico/yerko_supremo/src/ros2_tutorials/visual_pubsub': PYTHONPATH=/home/fabricio/robotica/P_practico/yerko_supremo/build/visual_pubsub/prefix_override:/usr/lib/python3/dist-packages/colcon_core/task/python/colcon_distutils_commands:/home/fabricio/robotica/P_practico/yerko_supremo/install/visual_pubsub/lib/python3.10/site-packages:${PYTHONPATH} /usr/bin/python3 -W ignore:setup.py install is deprecated -W ignore:easy_install command is deprecated setup.py egg_info --egg-base ../../../build/visual_pubsub build --build-base /home/fabricio/robotica/P_practico/yerko_supremo/build/visual_pubsub/build install --record /home/fabricio/robotica/P_practico/yerko_supremo/build/visual_pubsub/install.log --single-version-externally-managed install_data
[2.323s] running egg_info
[2.325s] writing ../../../build/visual_pubsub/visual_pubsub.egg-info/PKG-INFO
[2.325s] writing dependency_links to ../../../build/visual_pubsub/visual_pubsub.egg-info/dependency_links.txt
[2.326s] writing entry points to ../../../build/visual_pubsub/visual_pubsub.egg-info/entry_points.txt
[2.327s] writing requirements to ../../../build/visual_pubsub/visual_pubsub.egg-info/requires.txt
[2.327s] writing top-level names to ../../../build/visual_pubsub/visual_pubsub.egg-info/top_level.txt
[2.332s] reading manifest file '../../../build/visual_pubsub/visual_pubsub.egg-info/SOURCES.txt'
[2.332s] adding license file 'LICENSE'
[2.334s] writing manifest file '../../../build/visual_pubsub/visual_pubsub.egg-info/SOURCES.txt'
[2.334s] running build
[2.335s] running build_py
[2.335s] running install
[2.336s] running install_lib
[2.339s] running install_data
[2.339s] running install_egg_info
[2.343s] removing '/home/fabricio/robotica/P_practico/yerko_supremo/install/visual_pubsub/lib/python3.10/site-packages/visual_pubsub-0.0.0-py3.10.egg-info' (and everything under it)
[2.344s] Copying ../../../build/visual_pubsub/visual_pubsub.egg-info to /home/fabricio/robotica/P_practico/yerko_supremo/install/visual_pubsub/lib/python3.10/site-packages/visual_pubsub-0.0.0-py3.10.egg-info
[2.346s] running install_scripts
[2.399s] Installing cinematica_inversa script to /home/fabricio/robotica/P_practico/yerko_supremo/install/visual_pubsub/lib/visual_pubsub
[2.399s] Installing pub_joints script to /home/fabricio/robotica/P_practico/yerko_supremo/install/visual_pubsub/lib/visual_pubsub
[2.399s] Installing sub_joints script to /home/fabricio/robotica/P_practico/yerko_supremo/install/visual_pubsub/lib/visual_pubsub
[2.400s] writing list of installed files to '/home/fabricio/robotica/P_practico/yerko_supremo/build/visual_pubsub/install.log'
[2.481s] Invoked command in '/home/fabricio/robotica/P_practico/yerko_supremo/src/ros2_tutorials/visual_pubsub' returned '0': PYTHONPATH=/home/fabricio/robotica/P_practico/yerko_supremo/build/visual_pubsub/prefix_override:/usr/lib/python3/dist-packages/colcon_core/task/python/colcon_distutils_commands:/home/fabricio/robotica/P_practico/yerko_supremo/install/visual_pubsub/lib/python3.10/site-packages:${PYTHONPATH} /usr/bin/python3 -W ignore:setup.py install is deprecated -W ignore:easy_install command is deprecated setup.py egg_info --egg-base ../../../build/visual_pubsub build --build-base /home/fabricio/robotica/P_practico/yerko_supremo/build/visual_pubsub/build install --record /home/fabricio/robotica/P_practico/yerko_supremo/build/visual_pubsub/install.log --single-version-externally-managed install_data
