running egg_info
creating ../../build/ex1/ex1.egg-info
writing ../../build/ex1/ex1.egg-info/PKG-INFO
writing dependency_links to ../../build/ex1/ex1.egg-info/dependency_links.txt
writing entry points to ../../build/ex1/ex1.egg-info/entry_points.txt
writing requirements to ../../build/ex1/ex1.egg-info/requires.txt
writing top-level names to ../../build/ex1/ex1.egg-info/top_level.txt
writing manifest file '../../build/ex1/ex1.egg-info/SOURCES.txt'
reading manifest file '../../build/ex1/ex1.egg-info/SOURCES.txt'
adding license file 'LICENSE'
writing manifest file '../../build/ex1/ex1.egg-info/SOURCES.txt'
running build
running build_py
creating /home/fabricio/robotica/P_practico/parcial1/build/ex1/build
creating /home/fabricio/robotica/P_practico/parcial1/build/ex1/build/lib
creating /home/fabricio/robotica/P_practico/parcial1/build/ex1/build/lib/ex1
copying ex1/node1.py -> /home/fabricio/robotica/P_practico/parcial1/build/ex1/build/lib/ex1
copying ex1/node3.py -> /home/fabricio/robotica/P_practico/parcial1/build/ex1/build/lib/ex1
copying ex1/node5.py -> /home/fabricio/robotica/P_practico/parcial1/build/ex1/build/lib/ex1
copying ex1/__init__.py -> /home/fabricio/robotica/P_practico/parcial1/build/ex1/build/lib/ex1
copying ex1/node4.py -> /home/fabricio/robotica/P_practico/parcial1/build/ex1/build/lib/ex1
copying ex1/node2.py -> /home/fabricio/robotica/P_practico/parcial1/build/ex1/build/lib/ex1
running install
running install_lib
creating /home/fabricio/robotica/P_practico/parcial1/install/ex1/lib/python3.10/site-packages/ex1
copying /home/fabricio/robotica/P_practico/parcial1/build/ex1/build/lib/ex1/node1.py -> /home/fabricio/robotica/P_practico/parcial1/install/ex1/lib/python3.10/site-packages/ex1
copying /home/fabricio/robotica/P_practico/parcial1/build/ex1/build/lib/ex1/node3.py -> /home/fabricio/robotica/P_practico/parcial1/install/ex1/lib/python3.10/site-packages/ex1
copying /home/fabricio/robotica/P_practico/parcial1/build/ex1/build/lib/ex1/node5.py -> /home/fabricio/robotica/P_practico/parcial1/install/ex1/lib/python3.10/site-packages/ex1
copying /home/fabricio/robotica/P_practico/parcial1/build/ex1/build/lib/ex1/__init__.py -> /home/fabricio/robotica/P_practico/parcial1/install/ex1/lib/python3.10/site-packages/ex1
copying /home/fabricio/robotica/P_practico/parcial1/build/ex1/build/lib/ex1/node4.py -> /home/fabricio/robotica/P_practico/parcial1/install/ex1/lib/python3.10/site-packages/ex1
copying /home/fabricio/robotica/P_practico/parcial1/build/ex1/build/lib/ex1/node2.py -> /home/fabricio/robotica/P_practico/parcial1/install/ex1/lib/python3.10/site-packages/ex1
byte-compiling /home/fabricio/robotica/P_practico/parcial1/install/ex1/lib/python3.10/site-packages/ex1/node1.py to node1.cpython-310.pyc
byte-compiling /home/fabricio/robotica/P_practico/parcial1/install/ex1/lib/python3.10/site-packages/ex1/node3.py to node3.cpython-310.pyc
byte-compiling /home/fabricio/robotica/P_practico/parcial1/install/ex1/lib/python3.10/site-packages/ex1/node5.py to node5.cpython-310.pyc
byte-compiling /home/fabricio/robotica/P_practico/parcial1/install/ex1/lib/python3.10/site-packages/ex1/__init__.py to __init__.cpython-310.pyc
byte-compiling /home/fabricio/robotica/P_practico/parcial1/install/ex1/lib/python3.10/site-packages/ex1/node4.py to node4.cpython-310.pyc
byte-compiling /home/fabricio/robotica/P_practico/parcial1/install/ex1/lib/python3.10/site-packages/ex1/node2.py to node2.cpython-310.pyc
running install_data
creating /home/fabricio/robotica/P_practico/parcial1/install/ex1/share/ament_index
creating /home/fabricio/robotica/P_practico/parcial1/install/ex1/share/ament_index/resource_index
creating /home/fabricio/robotica/P_practico/parcial1/install/ex1/share/ament_index/resource_index/packages
copying resource/ex1 -> /home/fabricio/robotica/P_practico/parcial1/install/ex1/share/ament_index/resource_index/packages
copying package.xml -> /home/fabricio/robotica/P_practico/parcial1/install/ex1/share/ex1
creating /home/fabricio/robotica/P_practico/parcial1/install/ex1/share/ex1/launch
copying launch/sistema.launch.py -> /home/fabricio/robotica/P_practico/parcial1/install/ex1/share/ex1/launch
running install_egg_info
Copying ../../build/ex1/ex1.egg-info to /home/fabricio/robotica/P_practico/parcial1/install/ex1/lib/python3.10/site-packages/ex1-0.0.0-py3.10.egg-info
running install_scripts
Installing node1 script to /home/fabricio/robotica/P_practico/parcial1/install/ex1/lib/ex1
Installing node2 script to /home/fabricio/robotica/P_practico/parcial1/install/ex1/lib/ex1
Installing node3 script to /home/fabricio/robotica/P_practico/parcial1/install/ex1/lib/ex1
Installing node4 script to /home/fabricio/robotica/P_practico/parcial1/install/ex1/lib/ex1
Installing node5 script to /home/fabricio/robotica/P_practico/parcial1/install/ex1/lib/ex1
writing list of installed files to '/home/fabricio/robotica/P_practico/parcial1/build/ex1/install.log'
