[1.349s] Invoking command in '/home/fabricio/robotica/P_practico/parcial1/src/ex1': PYTHONPATH=/home/fabricio/robotica/P_practico/parcial1/build/ex1/prefix_override:/usr/lib/python3/dist-packages/colcon_core/task/python/colcon_distutils_commands:/home/fabricio/robotica/P_practico/parcial1/install/ex1/lib/python3.10/site-packages:${PYTHONPATH} /usr/bin/python3 -W ignore:setup.py install is deprecated -W ignore:easy_install command is deprecated setup.py egg_info --egg-base ../../build/ex1 build --build-base /home/fabricio/robotica/P_practico/parcial1/build/ex1/build install --record /home/fabricio/robotica/P_practico/parcial1/build/ex1/install.log --single-version-externally-managed install_data
[1.894s] running egg_info
[1.895s] creating ../../build/ex1/ex1.egg-info
[1.896s] writing ../../build/ex1/ex1.egg-info/PKG-INFO
[1.896s] writing dependency_links to ../../build/ex1/ex1.egg-info/dependency_links.txt
[1.897s] writing entry points to ../../build/ex1/ex1.egg-info/entry_points.txt
[1.897s] writing requirements to ../../build/ex1/ex1.egg-info/requires.txt
[1.897s] writing top-level names to ../../build/ex1/ex1.egg-info/top_level.txt
[1.898s] writing manifest file '../../build/ex1/ex1.egg-info/SOURCES.txt'
[1.902s] reading manifest file '../../build/ex1/ex1.egg-info/SOURCES.txt'
[1.902s] adding license file 'LICENSE'
[1.904s] writing manifest file '../../build/ex1/ex1.egg-info/SOURCES.txt'
[1.904s] running build
[1.904s] running build_py
[1.905s] creating /home/fabricio/robotica/P_practico/parcial1/build/ex1/build
[1.905s] creating /home/fabricio/robotica/P_practico/parcial1/build/ex1/build/lib
[1.906s] creating /home/fabricio/robotica/P_practico/parcial1/build/ex1/build/lib/ex1
[1.906s] copying ex1/node1.py -> /home/fabricio/robotica/P_practico/parcial1/build/ex1/build/lib/ex1
[1.906s] copying ex1/node3.py -> /home/fabricio/robotica/P_practico/parcial1/build/ex1/build/lib/ex1
[1.906s] copying ex1/node5.py -> /home/fabricio/robotica/P_practico/parcial1/build/ex1/build/lib/ex1
[1.907s] copying ex1/__init__.py -> /home/fabricio/robotica/P_practico/parcial1/build/ex1/build/lib/ex1
[1.907s] copying ex1/node4.py -> /home/fabricio/robotica/P_practico/parcial1/build/ex1/build/lib/ex1
[1.908s] copying ex1/node2.py -> /home/fabricio/robotica/P_practico/parcial1/build/ex1/build/lib/ex1
[1.908s] running install
[1.908s] running install_lib
[1.910s] creating /home/fabricio/robotica/P_practico/parcial1/install/ex1/lib/python3.10/site-packages/ex1
[1.910s] copying /home/fabricio/robotica/P_practico/parcial1/build/ex1/build/lib/ex1/node1.py -> /home/fabricio/robotica/P_practico/parcial1/install/ex1/lib/python3.10/site-packages/ex1
[1.910s] copying /home/fabricio/robotica/P_practico/parcial1/build/ex1/build/lib/ex1/node3.py -> /home/fabricio/robotica/P_practico/parcial1/install/ex1/lib/python3.10/site-packages/ex1
[1.911s] copying /home/fabricio/robotica/P_practico/parcial1/build/ex1/build/lib/ex1/node5.py -> /home/fabricio/robotica/P_practico/parcial1/install/ex1/lib/python3.10/site-packages/ex1
[1.911s] copying /home/fabricio/robotica/P_practico/parcial1/build/ex1/build/lib/ex1/__init__.py -> /home/fabricio/robotica/P_practico/parcial1/install/ex1/lib/python3.10/site-packages/ex1
[1.911s] copying /home/fabricio/robotica/P_practico/parcial1/build/ex1/build/lib/ex1/node4.py -> /home/fabricio/robotica/P_practico/parcial1/install/ex1/lib/python3.10/site-packages/ex1
[1.912s] copying /home/fabricio/robotica/P_practico/parcial1/build/ex1/build/lib/ex1/node2.py -> /home/fabricio/robotica/P_practico/parcial1/install/ex1/lib/python3.10/site-packages/ex1
[1.912s] byte-compiling /home/fabricio/robotica/P_practico/parcial1/install/ex1/lib/python3.10/site-packages/ex1/node1.py to node1.cpython-310.pyc
[1.914s] byte-compiling /home/fabricio/robotica/P_practico/parcial1/install/ex1/lib/python3.10/site-packages/ex1/node3.py to node3.cpython-310.pyc
[1.914s] byte-compiling /home/fabricio/robotica/P_practico/parcial1/install/ex1/lib/python3.10/site-packages/ex1/node5.py to node5.cpython-310.pyc
[1.915s] byte-compiling /home/fabricio/robotica/P_practico/parcial1/install/ex1/lib/python3.10/site-packages/ex1/__init__.py to __init__.cpython-310.pyc
[1.916s] byte-compiling /home/fabricio/robotica/P_practico/parcial1/install/ex1/lib/python3.10/site-packages/ex1/node4.py to node4.cpython-310.pyc
[1.917s] byte-compiling /home/fabricio/robotica/P_practico/parcial1/install/ex1/lib/python3.10/site-packages/ex1/node2.py to node2.cpython-310.pyc
[1.918s] running install_data
[1.919s] creating /home/fabricio/robotica/P_practico/parcial1/install/ex1/share/ament_index
[1.919s] creating /home/fabricio/robotica/P_practico/parcial1/install/ex1/share/ament_index/resource_index
[1.920s] creating /home/fabricio/robotica/P_practico/parcial1/install/ex1/share/ament_index/resource_index/packages
[1.920s] copying resource/ex1 -> /home/fabricio/robotica/P_practico/parcial1/install/ex1/share/ament_index/resource_index/packages
[1.920s] copying package.xml -> /home/fabricio/robotica/P_practico/parcial1/install/ex1/share/ex1
[1.920s] creating /home/fabricio/robotica/P_practico/parcial1/install/ex1/share/ex1/launch
[1.921s] copying launch/sistema.launch.py -> /home/fabricio/robotica/P_practico/parcial1/install/ex1/share/ex1/launch
[1.921s] running install_egg_info
[1.924s] Copying ../../build/ex1/ex1.egg-info to /home/fabricio/robotica/P_practico/parcial1/install/ex1/lib/python3.10/site-packages/ex1-0.0.0-py3.10.egg-info
[1.926s] running install_scripts
[1.978s] Installing node1 script to /home/fabricio/robotica/P_practico/parcial1/install/ex1/lib/ex1
[1.978s] Installing node2 script to /home/fabricio/robotica/P_practico/parcial1/install/ex1/lib/ex1
[1.978s] Installing node3 script to /home/fabricio/robotica/P_practico/parcial1/install/ex1/lib/ex1
[1.979s] Installing node4 script to /home/fabricio/robotica/P_practico/parcial1/install/ex1/lib/ex1
[1.979s] Installing node5 script to /home/fabricio/robotica/P_practico/parcial1/install/ex1/lib/ex1
[1.979s] writing list of installed files to '/home/fabricio/robotica/P_practico/parcial1/build/ex1/install.log'
[2.054s] Invoked command in '/home/fabricio/robotica/P_practico/parcial1/src/ex1' returned '0': PYTHONPATH=/home/fabricio/robotica/P_practico/parcial1/build/ex1/prefix_override:/usr/lib/python3/dist-packages/colcon_core/task/python/colcon_distutils_commands:/home/fabricio/robotica/P_practico/parcial1/install/ex1/lib/python3.10/site-packages:${PYTHONPATH} /usr/bin/python3 -W ignore:setup.py install is deprecated -W ignore:easy_install command is deprecated setup.py egg_info --egg-base ../../build/ex1 build --build-base /home/fabricio/robotica/P_practico/parcial1/build/ex1/build install --record /home/fabricio/robotica/P_practico/parcial1/build/ex1/install.log --single-version-externally-managed install_data
