[0.257s] DEBUG:colcon:Command line arguments: ['/usr/bin/colcon', 'build']
[0.257s] DEBUG:colcon:Parsed command line arguments: Namespace(log_base=None, log_level=None, verb_name='build', build_base='build', install_base='install', merge_install=False, symlink_install=False, test_result_base=None, continue_on_error=False, executor='parallel', parallel_workers=4, event_handlers=None, ignore_user_meta=False, metas=['./colcon.meta'], base_paths=['.'], packages_ignore=None, packages_ignore_regex=None, paths=None, packages_up_to=None, packages_up_to_regex=None, packages_above=None, packages_above_and_dependencies=None, packages_above_depth=None, packages_select_by_dep=None, packages_skip_by_dep=None, packages_skip_up_to=None, packages_select_build_failed=False, packages_skip_build_finished=False, packages_select_test_failures=False, packages_skip_test_passed=False, packages_select=None, packages_skip=None, packages_select_regex=None, packages_skip_regex=None, packages_start=None, packages_end=None, allow_overriding=[], cmake_args=None, cmake_target=None, cmake_target_skip_unavailable=False, cmake_clean_cache=False, cmake_clean_first=False, cmake_force_configure=False, ament_cmake_args=None, catkin_cmake_args=None, catkin_skip_building_tests=False, verb_parser=<colcon_defaults.argument_parser.defaults.DefaultArgumentsDecorator object at 0x795ddf3a76a0>, verb_extension=<colcon_core.verb.build.BuildVerb object at 0x795ddf4e4b50>, main=<bound method BuildVerb.main of <colcon_core.verb.build.BuildVerb object at 0x795ddf4e4b50>>)
[0.636s] Level 1:colcon.colcon_core.package_discovery:discover_packages(colcon_meta) check parameters
[0.636s] Level 1:colcon.colcon_core.package_discovery:discover_packages(recursive) check parameters
[0.636s] Level 1:colcon.colcon_core.package_discovery:discover_packages(ignore) check parameters
[0.636s] Level 1:colcon.colcon_core.package_discovery:discover_packages(path) check parameters
[0.636s] Level 1:colcon.colcon_core.package_discovery:discover_packages(colcon_meta) discover
[0.637s] Level 1:colcon.colcon_core.package_discovery:discover_packages(recursive) discover
[0.637s] INFO:colcon.colcon_core.package_discovery:Crawling recursively for packages in '/home/fabricio/robotica/P_practico/yerko_supremo'
[0.637s] Level 1:colcon.colcon_core.package_identification:_identify(.) by extensions ['ignore', 'ignore_ament_install']
[0.637s] Level 1:colcon.colcon_core.package_identification:_identify(.) by extension 'ignore'
[0.637s] Level 1:colcon.colcon_core.package_identification:_identify(.) by extension 'ignore_ament_install'
[0.637s] Level 1:colcon.colcon_core.package_identification:_identify(.) by extensions ['colcon_pkg']
[0.637s] Level 1:colcon.colcon_core.package_identification:_identify(.) by extension 'colcon_pkg'
[0.637s] Level 1:colcon.colcon_core.package_identification:_identify(.) by extensions ['colcon_meta']
[0.637s] Level 1:colcon.colcon_core.package_identification:_identify(.) by extension 'colcon_meta'
[0.638s] Level 1:colcon.colcon_core.package_identification:_identify(.) by extensions ['ros']
[0.638s] Level 1:colcon.colcon_core.package_identification:_identify(.) by extension 'ros'
[0.665s] Level 1:colcon.colcon_core.package_identification:_identify(.) by extensions ['cmake', 'python']
[0.666s] Level 1:colcon.colcon_core.package_identification:_identify(.) by extension 'cmake'
[0.666s] Level 1:colcon.colcon_core.package_identification:_identify(.) by extension 'python'
[0.666s] Level 1:colcon.colcon_core.package_identification:_identify(.) by extensions ['python_setup_py']
[0.666s] Level 1:colcon.colcon_core.package_identification:_identify(.) by extension 'python_setup_py'
[0.666s] Level 1:colcon.colcon_core.package_identification:_identify(build) by extensions ['ignore', 'ignore_ament_install']
[0.667s] Level 1:colcon.colcon_core.package_identification:_identify(build) by extension 'ignore'
[0.667s] Level 1:colcon.colcon_core.package_identification:_identify(build) ignored
[0.667s] Level 1:colcon.colcon_core.package_identification:_identify(install) by extensions ['ignore', 'ignore_ament_install']
[0.668s] Level 1:colcon.colcon_core.package_identification:_identify(install) by extension 'ignore'
[0.668s] Level 1:colcon.colcon_core.package_identification:_identify(install) ignored
[0.668s] Level 1:colcon.colcon_core.package_identification:_identify(log) by extensions ['ignore', 'ignore_ament_install']
[0.668s] Level 1:colcon.colcon_core.package_identification:_identify(log) by extension 'ignore'
[0.668s] Level 1:colcon.colcon_core.package_identification:_identify(log) ignored
[0.668s] Level 1:colcon.colcon_core.package_identification:_identify(src) by extensions ['ignore', 'ignore_ament_install']
[0.669s] Level 1:colcon.colcon_core.package_identification:_identify(src) by extension 'ignore'
[0.669s] Level 1:colcon.colcon_core.package_identification:_identify(src) by extension 'ignore_ament_install'
[0.669s] Level 1:colcon.colcon_core.package_identification:_identify(src) by extensions ['colcon_pkg']
[0.669s] Level 1:colcon.colcon_core.package_identification:_identify(src) by extension 'colcon_pkg'
[0.669s] Level 1:colcon.colcon_core.package_identification:_identify(src) by extensions ['colcon_meta']
[0.669s] Level 1:colcon.colcon_core.package_identification:_identify(src) by extension 'colcon_meta'
[0.669s] Level 1:colcon.colcon_core.package_identification:_identify(src) by extensions ['ros']
[0.669s] Level 1:colcon.colcon_core.package_identification:_identify(src) by extension 'ros'
[0.669s] Level 1:colcon.colcon_core.package_identification:_identify(src) by extensions ['cmake', 'python']
[0.669s] Level 1:colcon.colcon_core.package_identification:_identify(src) by extension 'cmake'
[0.670s] Level 1:colcon.colcon_core.package_identification:_identify(src) by extension 'python'
[0.670s] Level 1:colcon.colcon_core.package_identification:_identify(src) by extensions ['python_setup_py']
[0.670s] Level 1:colcon.colcon_core.package_identification:_identify(src) by extension 'python_setup_py'
[0.670s] Level 1:colcon.colcon_core.package_identification:_identify(src/ros2_tutorials) by extensions ['ignore', 'ignore_ament_install']
[0.670s] Level 1:colcon.colcon_core.package_identification:_identify(src/ros2_tutorials) by extension 'ignore'
[0.671s] Level 1:colcon.colcon_core.package_identification:_identify(src/ros2_tutorials) by extension 'ignore_ament_install'
[0.671s] Level 1:colcon.colcon_core.package_identification:_identify(src/ros2_tutorials) by extensions ['colcon_pkg']
[0.671s] Level 1:colcon.colcon_core.package_identification:_identify(src/ros2_tutorials) by extension 'colcon_pkg'
[0.671s] Level 1:colcon.colcon_core.package_identification:_identify(src/ros2_tutorials) by extensions ['colcon_meta']
[0.671s] Level 1:colcon.colcon_core.package_identification:_identify(src/ros2_tutorials) by extension 'colcon_meta'
[0.671s] Level 1:colcon.colcon_core.package_identification:_identify(src/ros2_tutorials) by extensions ['ros']
[0.671s] Level 1:colcon.colcon_core.package_identification:_identify(src/ros2_tutorials) by extension 'ros'
[0.671s] Level 1:colcon.colcon_core.package_identification:_identify(src/ros2_tutorials) by extensions ['cmake', 'python']
[0.671s] Level 1:colcon.colcon_core.package_identification:_identify(src/ros2_tutorials) by extension 'cmake'
[0.672s] Level 1:colcon.colcon_core.package_identification:_identify(src/ros2_tutorials) by extension 'python'
[0.672s] Level 1:colcon.colcon_core.package_identification:_identify(src/ros2_tutorials) by extensions ['python_setup_py']
[0.672s] Level 1:colcon.colcon_core.package_identification:_identify(src/ros2_tutorials) by extension 'python_setup_py'
[0.672s] Level 1:colcon.colcon_core.package_identification:_identify(src/ros2_tutorials/robot_description) by extensions ['ignore', 'ignore_ament_install']
[0.672s] Level 1:colcon.colcon_core.package_identification:_identify(src/ros2_tutorials/robot_description) by extension 'ignore'
[0.672s] Level 1:colcon.colcon_core.package_identification:_identify(src/ros2_tutorials/robot_description) by extension 'ignore_ament_install'
[0.672s] Level 1:colcon.colcon_core.package_identification:_identify(src/ros2_tutorials/robot_description) by extensions ['colcon_pkg']
[0.672s] Level 1:colcon.colcon_core.package_identification:_identify(src/ros2_tutorials/robot_description) by extension 'colcon_pkg'
[0.672s] Level 1:colcon.colcon_core.package_identification:_identify(src/ros2_tutorials/robot_description) by extensions ['colcon_meta']
[0.672s] Level 1:colcon.colcon_core.package_identification:_identify(src/ros2_tutorials/robot_description) by extension 'colcon_meta'
[0.673s] Level 1:colcon.colcon_core.package_identification:_identify(src/ros2_tutorials/robot_description) by extensions ['ros']
[0.673s] Level 1:colcon.colcon_core.package_identification:_identify(src/ros2_tutorials/robot_description) by extension 'ros'
[0.677s] DEBUG:colcon.colcon_core.package_identification:Package 'src/ros2_tutorials/robot_description' with type 'ros.ament_cmake' and name 'robot_description'
[0.678s] Level 1:colcon.colcon_core.package_identification:_identify(src/ros2_tutorials/visual_pubsub) by extensions ['ignore', 'ignore_ament_install']
[0.678s] Level 1:colcon.colcon_core.package_identification:_identify(src/ros2_tutorials/visual_pubsub) by extension 'ignore'
[0.678s] Level 1:colcon.colcon_core.package_identification:_identify(src/ros2_tutorials/visual_pubsub) by extension 'ignore_ament_install'
[0.678s] Level 1:colcon.colcon_core.package_identification:_identify(src/ros2_tutorials/visual_pubsub) by extensions ['colcon_pkg']
[0.678s] Level 1:colcon.colcon_core.package_identification:_identify(src/ros2_tutorials/visual_pubsub) by extension 'colcon_pkg'
[0.679s] Level 1:colcon.colcon_core.package_identification:_identify(src/ros2_tutorials/visual_pubsub) by extensions ['colcon_meta']
[0.679s] Level 1:colcon.colcon_core.package_identification:_identify(src/ros2_tutorials/visual_pubsub) by extension 'colcon_meta'
[0.679s] Level 1:colcon.colcon_core.package_identification:_identify(src/ros2_tutorials/visual_pubsub) by extensions ['ros']
[0.679s] Level 1:colcon.colcon_core.package_identification:_identify(src/ros2_tutorials/visual_pubsub) by extension 'ros'
[0.681s] DEBUG:colcon.colcon_core.package_identification:Package 'src/ros2_tutorials/visual_pubsub' with type 'ros.ament_python' and name 'visual_pubsub'
[0.681s] Level 1:colcon.colcon_core.package_discovery:discover_packages(recursive) using defaults
[0.681s] Level 1:colcon.colcon_core.package_discovery:discover_packages(ignore) discover
[0.681s] Level 1:colcon.colcon_core.package_discovery:discover_packages(ignore) using defaults
[0.681s] Level 1:colcon.colcon_core.package_discovery:discover_packages(path) discover
[0.681s] Level 1:colcon.colcon_core.package_discovery:discover_packages(path) using defaults
[0.730s] Level 1:colcon.colcon_core.package_discovery:discover_packages(prefix_path) check parameters
[0.730s] Level 1:colcon.colcon_core.package_discovery:discover_packages(prefix_path) discover
[0.734s] DEBUG:colcon.colcon_installed_package_information.package_discovery:Found 2 installed packages in /home/fabricio/robotica/yerko_supremo/install
[0.738s] DEBUG:colcon.colcon_installed_package_information.package_discovery:Found 276 installed packages in /opt/ros/humble
[0.767s] Level 1:colcon.colcon_core.package_discovery:discover_packages(prefix_path) using defaults
[0.857s] Level 5:colcon.colcon_core.verb:set package 'robot_description' build argument 'cmake_args' from command line to 'None'
[0.857s] Level 5:colcon.colcon_core.verb:set package 'robot_description' build argument 'cmake_target' from command line to 'None'
[0.857s] Level 5:colcon.colcon_core.verb:set package 'robot_description' build argument 'cmake_target_skip_unavailable' from command line to 'False'
[0.857s] Level 5:colcon.colcon_core.verb:set package 'robot_description' build argument 'cmake_clean_cache' from command line to 'False'
[0.857s] Level 5:colcon.colcon_core.verb:set package 'robot_description' build argument 'cmake_clean_first' from command line to 'False'
[0.857s] Level 5:colcon.colcon_core.verb:set package 'robot_description' build argument 'cmake_force_configure' from command line to 'False'
[0.857s] Level 5:colcon.colcon_core.verb:set package 'robot_description' build argument 'ament_cmake_args' from command line to 'None'
[0.857s] Level 5:colcon.colcon_core.verb:set package 'robot_description' build argument 'catkin_cmake_args' from command line to 'None'
[0.857s] Level 5:colcon.colcon_core.verb:set package 'robot_description' build argument 'catkin_skip_building_tests' from command line to 'False'
[0.858s] DEBUG:colcon.colcon_core.verb:Building package 'robot_description' with the following arguments: {'ament_cmake_args': None, 'build_base': '/home/fabricio/robotica/P_practico/yerko_supremo/build/robot_description', 'catkin_cmake_args': None, 'catkin_skip_building_tests': False, 'cmake_args': None, 'cmake_clean_cache': False, 'cmake_clean_first': False, 'cmake_force_configure': False, 'cmake_target': None, 'cmake_target_skip_unavailable': False, 'install_base': '/home/fabricio/robotica/P_practico/yerko_supremo/install/robot_description', 'merge_install': False, 'path': '/home/fabricio/robotica/P_practico/yerko_supremo/src/ros2_tutorials/robot_description', 'symlink_install': False, 'test_result_base': None}
[0.859s] Level 5:colcon.colcon_core.verb:set package 'visual_pubsub' build argument 'cmake_args' from command line to 'None'
[0.859s] Level 5:colcon.colcon_core.verb:set package 'visual_pubsub' build argument 'cmake_target' from command line to 'None'
[0.859s] Level 5:colcon.colcon_core.verb:set package 'visual_pubsub' build argument 'cmake_target_skip_unavailable' from command line to 'False'
[0.859s] Level 5:colcon.colcon_core.verb:set package 'visual_pubsub' build argument 'cmake_clean_cache' from command line to 'False'
[0.859s] Level 5:colcon.colcon_core.verb:set package 'visual_pubsub' build argument 'cmake_clean_first' from command line to 'False'
[0.859s] Level 5:colcon.colcon_core.verb:set package 'visual_pubsub' build argument 'cmake_force_configure' from command line to 'False'
[0.859s] Level 5:colcon.colcon_core.verb:set package 'visual_pubsub' build argument 'ament_cmake_args' from command line to 'None'
[0.859s] Level 5:colcon.colcon_core.verb:set package 'visual_pubsub' build argument 'catkin_cmake_args' from command line to 'None'
[0.859s] Level 5:colcon.colcon_core.verb:set package 'visual_pubsub' build argument 'catkin_skip_building_tests' from command line to 'False'
[0.859s] DEBUG:colcon.colcon_core.verb:Building package 'visual_pubsub' with the following arguments: {'ament_cmake_args': None, 'build_base': '/home/fabricio/robotica/P_practico/yerko_supremo/build/visual_pubsub', 'catkin_cmake_args': None, 'catkin_skip_building_tests': False, 'cmake_args': None, 'cmake_clean_cache': False, 'cmake_clean_first': False, 'cmake_force_configure': False, 'cmake_target': None, 'cmake_target_skip_unavailable': False, 'install_base': '/home/fabricio/robotica/P_practico/yerko_supremo/install/visual_pubsub', 'merge_install': False, 'path': '/home/fabricio/robotica/P_practico/yerko_supremo/src/ros2_tutorials/visual_pubsub', 'symlink_install': False, 'test_result_base': None}
[0.860s] INFO:colcon.colcon_core.executor:Executing jobs using 'parallel' executor
[0.863s] DEBUG:colcon.colcon_parallel_executor.executor.parallel:run_until_complete
[0.864s] INFO:colcon.colcon_ros.task.ament_cmake.build:Building ROS package in '/home/fabricio/robotica/P_practico/yerko_supremo/src/ros2_tutorials/robot_description' with build type 'ament_cmake'
[0.864s] INFO:colcon.colcon_cmake.task.cmake.build:Building CMake package in '/home/fabricio/robotica/P_practico/yerko_supremo/src/ros2_tutorials/robot_description'
[0.869s] INFO:colcon.colcon_core.plugin_system:Skipping extension 'colcon_core.shell.bat': Not used on non-Windows systems
[0.869s] INFO:colcon.colcon_core.shell:Skip shell extension 'powershell' for command environment: Not usable outside of PowerShell
[0.869s] DEBUG:colcon.colcon_core.shell:Skip shell extension 'dsv' for command environment
[0.877s] INFO:colcon.colcon_ros.task.ament_python.build:Building ROS package in '/home/fabricio/robotica/P_practico/yerko_supremo/src/ros2_tutorials/visual_pubsub' with build type 'ament_python'
[0.877s] Level 1:colcon.colcon_core.shell:create_environment_hook('visual_pubsub', 'ament_prefix_path')
[0.878s] INFO:colcon.colcon_core.shell:Creating environment hook '/home/fabricio/robotica/P_practico/yerko_supremo/install/visual_pubsub/share/visual_pubsub/hook/ament_prefix_path.ps1'
[0.880s] INFO:colcon.colcon_core.shell:Creating environment descriptor '/home/fabricio/robotica/P_practico/yerko_supremo/install/visual_pubsub/share/visual_pubsub/hook/ament_prefix_path.dsv'
[0.881s] INFO:colcon.colcon_core.shell:Creating environment hook '/home/fabricio/robotica/P_practico/yerko_supremo/install/visual_pubsub/share/visual_pubsub/hook/ament_prefix_path.sh'
[0.884s] INFO:colcon.colcon_core.shell:Skip shell extension 'powershell' for command environment: Not usable outside of PowerShell
[0.884s] DEBUG:colcon.colcon_core.shell:Skip shell extension 'dsv' for command environment
[0.901s] DEBUG:colcon.colcon_core.event_handler.log_command:Invoking command in '/home/fabricio/robotica/P_practico/yerko_supremo/build/robot_description': CMAKE_PREFIX_PATH=${CMAKE_PREFIX_PATH}:/home/fabricio/robotica/yerko_supremo/install/visual_pubsub:/opt/ros/humble /usr/bin/cmake /home/fabricio/robotica/P_practico/yerko_supremo/src/ros2_tutorials/robot_description -DCMAKE_INSTALL_PREFIX=/home/fabricio/robotica/P_practico/yerko_supremo/install/robot_description
[1.543s] INFO:colcon.colcon_core.task.python.build:Building Python package in '/home/fabricio/robotica/P_practico/yerko_supremo/src/ros2_tutorials/visual_pubsub'
[1.544s] INFO:colcon.colcon_core.shell:Skip shell extension 'powershell' for command environment: Not usable outside of PowerShell
[1.544s] DEBUG:colcon.colcon_core.shell:Skip shell extension 'dsv' for command environment
[2.441s] DEBUG:colcon.colcon_core.event_handler.log_command:Invoked command in '/home/fabricio/robotica/P_practico/yerko_supremo/build/robot_description' returned '0': CMAKE_PREFIX_PATH=${CMAKE_PREFIX_PATH}:/home/fabricio/robotica/yerko_supremo/install/visual_pubsub:/opt/ros/humble /usr/bin/cmake /home/fabricio/robotica/P_practico/yerko_supremo/src/ros2_tutorials/robot_description -DCMAKE_INSTALL_PREFIX=/home/fabricio/robotica/P_practico/yerko_supremo/install/robot_description
[2.443s] DEBUG:colcon.colcon_core.event_handler.log_command:Invoking command in '/home/fabricio/robotica/P_practico/yerko_supremo/build/robot_description': CMAKE_PREFIX_PATH=${CMAKE_PREFIX_PATH}:/home/fabricio/robotica/yerko_supremo/install/visual_pubsub:/opt/ros/humble /usr/bin/cmake --build /home/fabricio/robotica/P_practico/yerko_supremo/build/robot_description -- -j4 -l4
[2.478s] DEBUG:colcon.colcon_core.event_handler.log_command:Invoking command in '/home/fabricio/robotica/P_practico/yerko_supremo/src/ros2_tutorials/visual_pubsub': PYTHONPATH=/home/fabricio/robotica/P_practico/yerko_supremo/build/visual_pubsub/prefix_override:/usr/lib/python3/dist-packages/colcon_core/task/python/colcon_distutils_commands:/home/fabricio/robotica/P_practico/yerko_supremo/install/visual_pubsub/lib/python3.10/site-packages:${PYTHONPATH} /usr/bin/python3 -W ignore:setup.py install is deprecated -W ignore:easy_install command is deprecated setup.py egg_info --egg-base ../../../build/visual_pubsub build --build-base /home/fabricio/robotica/P_practico/yerko_supremo/build/visual_pubsub/build install --record /home/fabricio/robotica/P_practico/yerko_supremo/build/visual_pubsub/install.log --single-version-externally-managed install_data
[2.543s] DEBUG:colcon.colcon_core.event_handler.log_command:Invoked command in '/home/fabricio/robotica/P_practico/yerko_supremo/build/robot_description' returned '0': CMAKE_PREFIX_PATH=${CMAKE_PREFIX_PATH}:/home/fabricio/robotica/yerko_supremo/install/visual_pubsub:/opt/ros/humble /usr/bin/cmake --build /home/fabricio/robotica/P_practico/yerko_supremo/build/robot_description -- -j4 -l4
[2.567s] DEBUG:colcon.colcon_core.event_handler.log_command:Invoking command in '/home/fabricio/robotica/P_practico/yerko_supremo/build/robot_description': CMAKE_PREFIX_PATH=${CMAKE_PREFIX_PATH}:/home/fabricio/robotica/yerko_supremo/install/visual_pubsub:/opt/ros/humble /usr/bin/cmake --install /home/fabricio/robotica/P_practico/yerko_supremo/build/robot_description
[2.646s] Level 1:colcon.colcon_core.environment:create_environment_scripts_only(robot_description)
[2.647s] DEBUG:colcon.colcon_core.event_handler.log_command:Invoked command in '/home/fabricio/robotica/P_practico/yerko_supremo/build/robot_description' returned '0': CMAKE_PREFIX_PATH=${CMAKE_PREFIX_PATH}:/home/fabricio/robotica/yerko_supremo/install/visual_pubsub:/opt/ros/humble /usr/bin/cmake --install /home/fabricio/robotica/P_practico/yerko_supremo/build/robot_description
[2.653s] Level 1:colcon.colcon_core.environment:checking '/home/fabricio/robotica/P_practico/yerko_supremo/install/robot_description' for CMake module files
[2.654s] Level 1:colcon.colcon_core.environment:checking '/home/fabricio/robotica/P_practico/yerko_supremo/install/robot_description' for CMake config files
[2.654s] Level 1:colcon.colcon_core.shell:create_environment_hook('robot_description', 'cmake_prefix_path')
[2.655s] INFO:colcon.colcon_core.shell:Creating environment hook '/home/fabricio/robotica/P_practico/yerko_supremo/install/robot_description/share/robot_description/hook/cmake_prefix_path.ps1'
[2.657s] INFO:colcon.colcon_core.shell:Creating environment descriptor '/home/fabricio/robotica/P_practico/yerko_supremo/install/robot_description/share/robot_description/hook/cmake_prefix_path.dsv'
[2.657s] INFO:colcon.colcon_core.shell:Creating environment hook '/home/fabricio/robotica/P_practico/yerko_supremo/install/robot_description/share/robot_description/hook/cmake_prefix_path.sh'
[2.659s] Level 1:colcon.colcon_core.environment:checking '/home/fabricio/robotica/P_practico/yerko_supremo/install/robot_description/bin'
[2.659s] Level 1:colcon.colcon_core.environment:checking '/home/fabricio/robotica/P_practico/yerko_supremo/install/robot_description/lib/pkgconfig/robot_description.pc'
[2.660s] Level 1:colcon.colcon_core.environment:checking '/home/fabricio/robotica/P_practico/yerko_supremo/install/robot_description/lib/python3.10/site-packages'
[2.660s] Level 1:colcon.colcon_core.environment:checking '/home/fabricio/robotica/P_practico/yerko_supremo/install/robot_description/bin'
[2.661s] INFO:colcon.colcon_core.shell:Creating package script '/home/fabricio/robotica/P_practico/yerko_supremo/install/robot_description/share/robot_description/package.ps1'
[2.663s] INFO:colcon.colcon_core.shell:Creating package descriptor '/home/fabricio/robotica/P_practico/yerko_supremo/install/robot_description/share/robot_description/package.dsv'
[2.665s] INFO:colcon.colcon_core.shell:Creating package script '/home/fabricio/robotica/P_practico/yerko_supremo/install/robot_description/share/robot_description/package.sh'
[2.667s] INFO:colcon.colcon_core.shell:Creating package script '/home/fabricio/robotica/P_practico/yerko_supremo/install/robot_description/share/robot_description/package.bash'
[2.669s] INFO:colcon.colcon_core.shell:Creating package script '/home/fabricio/robotica/P_practico/yerko_supremo/install/robot_description/share/robot_description/package.zsh'
[2.672s] Level 1:colcon.colcon_core.environment:create_file_with_runtime_dependencies(/home/fabricio/robotica/P_practico/yerko_supremo/install/robot_description/share/colcon-core/packages/robot_description)
[2.673s] Level 1:colcon.colcon_core.environment:create_environment_scripts_only(robot_description)
[2.674s] Level 1:colcon.colcon_core.environment:checking '/home/fabricio/robotica/P_practico/yerko_supremo/install/robot_description' for CMake module files
[2.676s] Level 1:colcon.colcon_core.environment:checking '/home/fabricio/robotica/P_practico/yerko_supremo/install/robot_description' for CMake config files
[2.676s] Level 1:colcon.colcon_core.shell:create_environment_hook('robot_description', 'cmake_prefix_path')
[2.677s] INFO:colcon.colcon_core.shell:Creating environment hook '/home/fabricio/robotica/P_practico/yerko_supremo/install/robot_description/share/robot_description/hook/cmake_prefix_path.ps1'
[2.678s] INFO:colcon.colcon_core.shell:Creating environment descriptor '/home/fabricio/robotica/P_practico/yerko_supremo/install/robot_description/share/robot_description/hook/cmake_prefix_path.dsv'
[2.680s] INFO:colcon.colcon_core.shell:Creating environment hook '/home/fabricio/robotica/P_practico/yerko_supremo/install/robot_description/share/robot_description/hook/cmake_prefix_path.sh'
[2.681s] Level 1:colcon.colcon_core.environment:checking '/home/fabricio/robotica/P_practico/yerko_supremo/install/robot_description/bin'
[2.681s] Level 1:colcon.colcon_core.environment:checking '/home/fabricio/robotica/P_practico/yerko_supremo/install/robot_description/lib/pkgconfig/robot_description.pc'
[2.682s] Level 1:colcon.colcon_core.environment:checking '/home/fabricio/robotica/P_practico/yerko_supremo/install/robot_description/lib/python3.10/site-packages'
[2.683s] Level 1:colcon.colcon_core.environment:checking '/home/fabricio/robotica/P_practico/yerko_supremo/install/robot_description/bin'
[2.684s] INFO:colcon.colcon_core.shell:Creating package script '/home/fabricio/robotica/P_practico/yerko_supremo/install/robot_description/share/robot_description/package.ps1'
[2.686s] INFO:colcon.colcon_core.shell:Creating package descriptor '/home/fabricio/robotica/P_practico/yerko_supremo/install/robot_description/share/robot_description/package.dsv'
[2.687s] INFO:colcon.colcon_core.shell:Creating package script '/home/fabricio/robotica/P_practico/yerko_supremo/install/robot_description/share/robot_description/package.sh'
[2.689s] INFO:colcon.colcon_core.shell:Creating package script '/home/fabricio/robotica/P_practico/yerko_supremo/install/robot_description/share/robot_description/package.bash'
[2.691s] INFO:colcon.colcon_core.shell:Creating package script '/home/fabricio/robotica/P_practico/yerko_supremo/install/robot_description/share/robot_description/package.zsh'
[2.692s] Level 1:colcon.colcon_core.environment:create_file_with_runtime_dependencies(/home/fabricio/robotica/P_practico/yerko_supremo/install/robot_description/share/colcon-core/packages/robot_description)
[3.198s] Level 1:colcon.colcon_core.environment:checking '/home/fabricio/robotica/P_practico/yerko_supremo/install/visual_pubsub' for CMake module files
[3.200s] DEBUG:colcon.colcon_core.event_handler.log_command:Invoked command in '/home/fabricio/robotica/P_practico/yerko_supremo/src/ros2_tutorials/visual_pubsub' returned '0': PYTHONPATH=/home/fabricio/robotica/P_practico/yerko_supremo/build/visual_pubsub/prefix_override:/usr/lib/python3/dist-packages/colcon_core/task/python/colcon_distutils_commands:/home/fabricio/robotica/P_practico/yerko_supremo/install/visual_pubsub/lib/python3.10/site-packages:${PYTHONPATH} /usr/bin/python3 -W ignore:setup.py install is deprecated -W ignore:easy_install command is deprecated setup.py egg_info --egg-base ../../../build/visual_pubsub build --build-base /home/fabricio/robotica/P_practico/yerko_supremo/build/visual_pubsub/build install --record /home/fabricio/robotica/P_practico/yerko_supremo/build/visual_pubsub/install.log --single-version-externally-managed install_data
[3.201s] Level 1:colcon.colcon_core.environment:checking '/home/fabricio/robotica/P_practico/yerko_supremo/install/visual_pubsub' for CMake config files
[3.203s] Level 1:colcon.colcon_core.environment:checking '/home/fabricio/robotica/P_practico/yerko_supremo/install/visual_pubsub/lib'
[3.203s] Level 1:colcon.colcon_core.environment:checking '/home/fabricio/robotica/P_practico/yerko_supremo/install/visual_pubsub/bin'
[3.203s] Level 1:colcon.colcon_core.environment:checking '/home/fabricio/robotica/P_practico/yerko_supremo/install/visual_pubsub/lib/pkgconfig/visual_pubsub.pc'
[3.204s] Level 1:colcon.colcon_core.environment:checking '/home/fabricio/robotica/P_practico/yerko_supremo/install/visual_pubsub/lib/python3.10/site-packages'
[3.205s] Level 1:colcon.colcon_core.shell:create_environment_hook('visual_pubsub', 'pythonpath')
[3.205s] INFO:colcon.colcon_core.shell:Creating environment hook '/home/fabricio/robotica/P_practico/yerko_supremo/install/visual_pubsub/share/visual_pubsub/hook/pythonpath.ps1'
[3.206s] INFO:colcon.colcon_core.shell:Creating environment descriptor '/home/fabricio/robotica/P_practico/yerko_supremo/install/visual_pubsub/share/visual_pubsub/hook/pythonpath.dsv'
[3.207s] INFO:colcon.colcon_core.shell:Creating environment hook '/home/fabricio/robotica/P_practico/yerko_supremo/install/visual_pubsub/share/visual_pubsub/hook/pythonpath.sh'
[3.209s] Level 1:colcon.colcon_core.environment:checking '/home/fabricio/robotica/P_practico/yerko_supremo/install/visual_pubsub/bin'
[3.209s] Level 1:colcon.colcon_core.environment:create_environment_scripts_only(visual_pubsub)
[3.210s] INFO:colcon.colcon_core.shell:Creating package script '/home/fabricio/robotica/P_practico/yerko_supremo/install/visual_pubsub/share/visual_pubsub/package.ps1'
[3.211s] INFO:colcon.colcon_core.shell:Creating package descriptor '/home/fabricio/robotica/P_practico/yerko_supremo/install/visual_pubsub/share/visual_pubsub/package.dsv'
[3.212s] INFO:colcon.colcon_core.shell:Creating package script '/home/fabricio/robotica/P_practico/yerko_supremo/install/visual_pubsub/share/visual_pubsub/package.sh'
[3.213s] INFO:colcon.colcon_core.shell:Creating package script '/home/fabricio/robotica/P_practico/yerko_supremo/install/visual_pubsub/share/visual_pubsub/package.bash'
[3.215s] INFO:colcon.colcon_core.shell:Creating package script '/home/fabricio/robotica/P_practico/yerko_supremo/install/visual_pubsub/share/visual_pubsub/package.zsh'
[3.216s] Level 1:colcon.colcon_core.environment:create_file_with_runtime_dependencies(/home/fabricio/robotica/P_practico/yerko_supremo/install/visual_pubsub/share/colcon-core/packages/visual_pubsub)
[3.216s] DEBUG:colcon.colcon_parallel_executor.executor.parallel:closing loop
[3.217s] DEBUG:colcon.colcon_parallel_executor.executor.parallel:loop closed
[3.217s] DEBUG:colcon.colcon_parallel_executor.executor.parallel:run_until_complete finished with '0'
[3.217s] DEBUG:colcon.colcon_core.event_reactor:joining thread
[3.230s] INFO:colcon.colcon_core.plugin_system:Skipping extension 'colcon_notification.desktop_notification.terminal_notifier': Not used on non-Darwin systems
[3.230s] INFO:colcon.colcon_core.plugin_system:Skipping extension 'colcon_notification.desktop_notification.win32': Not used on non-Windows systems
[3.231s] INFO:colcon.colcon_notification.desktop_notification:Sending desktop notification using 'notify2'
[3.262s] DEBUG:colcon.colcon_core.event_reactor:joined thread
[3.262s] INFO:colcon.colcon_core.shell:Creating prefix script '/home/fabricio/robotica/P_practico/yerko_supremo/install/local_setup.ps1'
[3.265s] INFO:colcon.colcon_core.shell:Creating prefix util module '/home/fabricio/robotica/P_practico/yerko_supremo/install/_local_setup_util_ps1.py'
[3.269s] INFO:colcon.colcon_core.shell:Creating prefix chain script '/home/fabricio/robotica/P_practico/yerko_supremo/install/setup.ps1'
[3.273s] INFO:colcon.colcon_core.shell:Creating prefix script '/home/fabricio/robotica/P_practico/yerko_supremo/install/local_setup.sh'
[3.275s] INFO:colcon.colcon_core.shell:Creating prefix util module '/home/fabricio/robotica/P_practico/yerko_supremo/install/_local_setup_util_sh.py'
[3.277s] INFO:colcon.colcon_core.shell:Creating prefix chain script '/home/fabricio/robotica/P_practico/yerko_supremo/install/setup.sh'
[3.279s] INFO:colcon.colcon_core.shell:Creating prefix script '/home/fabricio/robotica/P_practico/yerko_supremo/install/local_setup.bash'
[3.281s] INFO:colcon.colcon_core.shell:Creating prefix chain script '/home/fabricio/robotica/P_practico/yerko_supremo/install/setup.bash'
[3.283s] INFO:colcon.colcon_core.shell:Creating prefix script '/home/fabricio/robotica/P_practico/yerko_supremo/install/local_setup.zsh'
[3.285s] INFO:colcon.colcon_core.shell:Creating prefix chain script '/home/fabricio/robotica/P_practico/yerko_supremo/install/setup.zsh'
